Archive member included to satisfy reference by file (symbol)

/home/frank/st/stm32cubeide_1.14.0/plugins/com.st.stm32cube.ide.mcu.externaltools.gnu-tools-for-stm32.12.3.rel1.linux64_1.0.100.202403111256/tools/bin/../lib/gcc/arm-none-eabi/12.3.1/../../../../arm-none-eabi/lib/thumb/v7e-m+fp/hard/libc_nano.a(libc_a-exit.o)
                              /home/frank/st/stm32cubeide_1.14.0/plugins/com.st.stm32cube.ide.mcu.externaltools.gnu-tools-for-stm32.12.3.rel1.linux64_1.0.100.202403111256/tools/bin/../lib/gcc/arm-none-eabi/12.3.1/../../../../arm-none-eabi/lib/thumb/v7e-m+fp/hard/crt0.o (exit)
/home/frank/st/stm32cubeide_1.14.0/plugins/com.st.stm32cube.ide.mcu.externaltools.gnu-tools-for-stm32.12.3.rel1.linux64_1.0.100.202403111256/tools/bin/../lib/gcc/arm-none-eabi/12.3.1/../../../../arm-none-eabi/lib/thumb/v7e-m+fp/hard/libc_nano.a(libc_a-findfp.o)
                              /home/frank/st/stm32cubeide_1.14.0/plugins/com.st.stm32cube.ide.mcu.externaltools.gnu-tools-for-stm32.12.3.rel1.linux64_1.0.100.202403111256/tools/bin/../lib/gcc/arm-none-eabi/12.3.1/../../../../arm-none-eabi/lib/thumb/v7e-m+fp/hard/libc_nano.a(libc_a-exit.o) (__stdio_exit_handler)
/home/frank/st/stm32cubeide_1.14.0/plugins/com.st.stm32cube.ide.mcu.externaltools.gnu-tools-for-stm32.12.3.rel1.linux64_1.0.100.202403111256/tools/bin/../lib/gcc/arm-none-eabi/12.3.1/../../../../arm-none-eabi/lib/thumb/v7e-m+fp/hard/libc_nano.a(libc_a-fwalk.o)
                              /home/frank/st/stm32cubeide_1.14.0/plugins/com.st.stm32cube.ide.mcu.externaltools.gnu-tools-for-stm32.12.3.rel1.linux64_1.0.100.202403111256/tools/bin/../lib/gcc/arm-none-eabi/12.3.1/../../../../arm-none-eabi/lib/thumb/v7e-m+fp/hard/libc_nano.a(libc_a-findfp.o) (_fwalk_sglue)
/home/frank/st/stm32cubeide_1.14.0/plugins/com.st.stm32cube.ide.mcu.externaltools.gnu-tools-for-stm32.12.3.rel1.linux64_1.0.100.202403111256/tools/bin/../lib/gcc/arm-none-eabi/12.3.1/../../../../arm-none-eabi/lib/thumb/v7e-m+fp/hard/libc_nano.a(libc_a-printf.o)
                              ./Core/Src/main.o (printf)
/home/frank/st/stm32cubeide_1.14.0/plugins/com.st.stm32cube.ide.mcu.externaltools.gnu-tools-for-stm32.12.3.rel1.linux64_1.0.100.202403111256/tools/bin/../lib/gcc/arm-none-eabi/12.3.1/../../../../arm-none-eabi/lib/thumb/v7e-m+fp/hard/libc_nano.a(libc_a-puts.o)
                              ./Core/Src/main.o (puts)
/home/frank/st/stm32cubeide_1.14.0/plugins/com.st.stm32cube.ide.mcu.externaltools.gnu-tools-for-stm32.12.3.rel1.linux64_1.0.100.202403111256/tools/bin/../lib/gcc/arm-none-eabi/12.3.1/../../../../arm-none-eabi/lib/thumb/v7e-m+fp/hard/libc_nano.a(libc_a-sprintf.o)
                              ./Core/Src/main.o (sprintf)
/home/frank/st/stm32cubeide_1.14.0/plugins/com.st.stm32cube.ide.mcu.externaltools.gnu-tools-for-stm32.12.3.rel1.linux64_1.0.100.202403111256/tools/bin/../lib/gcc/arm-none-eabi/12.3.1/../../../../arm-none-eabi/lib/thumb/v7e-m+fp/hard/libc_nano.a(libc_a-stdio.o)
                              /home/frank/st/stm32cubeide_1.14.0/plugins/com.st.stm32cube.ide.mcu.externaltools.gnu-tools-for-stm32.12.3.rel1.linux64_1.0.100.202403111256/tools/bin/../lib/gcc/arm-none-eabi/12.3.1/../../../../arm-none-eabi/lib/thumb/v7e-m+fp/hard/libc_nano.a(libc_a-findfp.o) (__sread)
/home/frank/st/stm32cubeide_1.14.0/plugins/com.st.stm32cube.ide.mcu.externaltools.gnu-tools-for-stm32.12.3.rel1.linux64_1.0.100.202403111256/tools/bin/../lib/gcc/arm-none-eabi/12.3.1/../../../../arm-none-eabi/lib/thumb/v7e-m+fp/hard/libc_nano.a(libc_a-wbuf.o)
                              /home/frank/st/stm32cubeide_1.14.0/plugins/com.st.stm32cube.ide.mcu.externaltools.gnu-tools-for-stm32.12.3.rel1.linux64_1.0.100.202403111256/tools/bin/../lib/gcc/arm-none-eabi/12.3.1/../../../../arm-none-eabi/lib/thumb/v7e-m+fp/hard/libc_nano.a(libc_a-puts.o) (__swbuf_r)
/home/frank/st/stm32cubeide_1.14.0/plugins/com.st.stm32cube.ide.mcu.externaltools.gnu-tools-for-stm32.12.3.rel1.linux64_1.0.100.202403111256/tools/bin/../lib/gcc/arm-none-eabi/12.3.1/../../../../arm-none-eabi/lib/thumb/v7e-m+fp/hard/libc_nano.a(libc_a-wsetup.o)
                              /home/frank/st/stm32cubeide_1.14.0/plugins/com.st.stm32cube.ide.mcu.externaltools.gnu-tools-for-stm32.12.3.rel1.linux64_1.0.100.202403111256/tools/bin/../lib/gcc/arm-none-eabi/12.3.1/../../../../arm-none-eabi/lib/thumb/v7e-m+fp/hard/libc_nano.a(libc_a-puts.o) (__swsetup_r)
/home/frank/st/stm32cubeide_1.14.0/plugins/com.st.stm32cube.ide.mcu.externaltools.gnu-tools-for-stm32.12.3.rel1.linux64_1.0.100.202403111256/tools/bin/../lib/gcc/arm-none-eabi/12.3.1/../../../../arm-none-eabi/lib/thumb/v7e-m+fp/hard/libc_nano.a(libc_a-memcmp.o)
                              ./Middleware/SEGGER/OS/SEGGER_SYSVIEW_FreeRTOS.o (memcmp)
[...]
Memory Configuration

Name             Origin             Length             Attributes
RAM              0x20000000         0x00020000         xrw
FLASH            0x08000000         0x00080000         xr
*default*        0x00000000         0xffffffff

Linker script and memory map

LOAD /home/frank/st/stm32cubeide_1.14.0/plugins/com.st.stm32cube.ide.mcu.externaltools.gnu-tools-for-stm32.12.3.rel1.linux64_1.0.100.202403111256/tools/bin/../lib/gcc/arm-none-eabi/12.3.1/thumb/v7e-m+fp/hard/crti.o
LOAD /home/frank/st/stm32cubeide_1.14.0/plugins/com.st.stm32cube.ide.mcu.externaltools.gnu-tools-for-stm32.12.3.rel1.linux64_1.0.100.202403111256/tools/bin/../lib/gcc/arm-none-eabi/12.3.1/thumb/v7e-m+fp/hard/crtbegin.o
LOAD /home/frank/st/stm32cubeide_1.14.0/plugins/com.st.stm32cube.ide.mcu.externaltools.gnu-tools-for-stm32.12.3.rel1.linux64_1.0.100.202403111256/tools/bin/../lib/gcc/arm-none-eabi/12.3.1/../../../../arm-none-eabi/lib/thumb/v7e-m+fp/hard/crt0.o
LOAD ./Core/Src/BQ_common.o
LOAD ./Core/Src/delay.o
LOAD ./Core/Src/main.o
LOAD ./Core/Src/modbus.o
LOAD ./Core/Src/stm32f4xx_hal_msp.o
LOAD ./Core/Src/stm32f4xx_hal_timebase_tim.o
LOAD ./Core/Src/stm32f4xx_it.o
LOAD ./Core/Src/syscalls.o
LOAD ./Core/Src/system_stm32f4xx.o
LOAD ./Core/Src/utils.o
LOAD ./Core/Src/w5500/W5500/w5500.o
LOAD ./Core/Src/w5500/socket.o
LOAD ./Core/Src/w5500/wizchip_conf.o
LOAD ./Core/Startup/startup_stm32f446retx.o
LOAD ./Drivers/STM32F4xx_HAL_Driver/stm32f4xx_hal.o
LOAD ./Drivers/STM32F4xx_HAL_Driver/stm32f4xx_hal_cortex.o
LOAD ./Drivers/STM32F4xx_HAL_Driver/stm32f4xx_hal_dma.o
LOAD ./Drivers/STM32F4xx_HAL_Driver/stm32f4xx_hal_dma_ex.o
LOAD ./Drivers/STM32F4xx_HAL_Driver/stm32f4xx_hal_exti.o
LOAD ./Drivers/STM32F4xx_HAL_Driver/stm32f4xx_hal_flash.o
LOAD ./Drivers/STM32F4xx_HAL_Driver/stm32f4xx_hal_flash_ex.o
LOAD ./Drivers/STM32F4xx_HAL_Driver/stm32f4xx_hal_flash_ramfunc.o
LOAD ./Drivers/STM32F4xx_HAL_Driver/stm32f4xx_hal_gpio.o
LOAD ./Drivers/STM32F4xx_HAL_Driver/stm32f4xx_hal_i2c.o
LOAD ./Drivers/STM32F4xx_HAL_Driver/stm32f4xx_hal_i2c_ex.o
LOAD ./Drivers/STM32F4xx_HAL_Driver/stm32f4xx_hal_pwr.o
LOAD ./Drivers/STM32F4xx_HAL_Driver/stm32f4xx_hal_pwr_ex.o
LOAD ./Drivers/STM32F4xx_HAL_Driver/stm32f4xx_hal_rcc.o
LOAD ./Drivers/STM32F4xx_HAL_Driver/stm32f4xx_hal_rcc_ex.o
LOAD ./Drivers/STM32F4xx_HAL_Driver/stm32f4xx_hal_spi.o
LOAD ./Drivers/STM32F4xx_HAL_Driver/stm32f4xx_hal_tim.o
LOAD ./Drivers/STM32F4xx_HAL_Driver/stm32f4xx_hal_tim_ex.o
LOAD ./Drivers/STM32F4xx_HAL_Driver/stm32f4xx_hal_uart.o
LOAD ./Middleware/FreeRTOS/croutine.o
LOAD ./Middleware/FreeRTOS/event_groups.o
LOAD ./Middleware/FreeRTOS/list.o
LOAD ./Middleware/FreeRTOS/queue.o
LOAD ./Middleware/FreeRTOS/stream_buffer.o
LOAD ./Middleware/FreeRTOS/tasks.o
LOAD ./Middleware/FreeRTOS/timers.o
LOAD ./Middleware/FreeRTOS/portable/GCC/ARM_CM4F/port.o
LOAD ./Middleware/FreeRTOS/portable/MemMang/heap_4.o
LOAD ./Middleware/SEGGER/Config/SEGGER_SYSVIEW_Config_FreeRTOS.o
LOAD ./Middleware/SEGGER/OS/SEGGER_SYSVIEW_FreeRTOS.o
LOAD ./Middleware/SEGGER/SEGGER/SEGGER_RTT.o
LOAD ./Middleware/SEGGER/SEGGER/SEGGER_RTT_ASM_ARMv7M.o
LOAD ./Middleware/SEGGER/SEGGER/SEGGER_RTT_printf.o
LOAD ./Middleware/SEGGER/SEGGER/SEGGER_SYSVIEW.o
LOAD ./Middleware/SEGGER/SEGGER/Syscalls/SEGGER_RTT_Syscalls_GCC.o
START GROUP
LOAD /home/frank/st/stm32cubeide_1.14.0/plugins/com.st.stm32cube.ide.mcu.externaltools.gnu-tools-for-stm32.12.3.rel1.linux64_1.0.100.202403111256/tools/bin/../lib/gcc/arm-none-eabi/12.3.1/../../../../arm-none-eabi/lib/thumb/v7e-m+fp/hard/libc_nano.a
LOAD /home/frank/st/stm32cubeide_1.14.0/plugins/com.st.stm32cube.ide.mcu.externaltools.gnu-tools-for-stm32.12.3.rel1.linux64_1.0.100.202403111256/tools/bin/../lib/gcc/arm-none-eabi/12.3.1/../../../../arm-none-eabi/lib/thumb/v7e-m+fp/hard/libm.a
END GROUP
START GROUP
LOAD /home/frank/st/stm32cubeide_1.14.0/plugins/com.st.stm32cube.ide.mcu.externaltools.gnu-tools-for-stm32.12.3.rel1.linux64_1.0.100.202403111256/tools/bin/../lib/gcc/arm-none-eabi/12.3.1/thumb/v7e-m+fp/hard/libgcc.a
LOAD /home/frank/st/stm32cubeide_1.14.0/plugins/com.st.stm32cube.ide.mcu.externaltools.gnu-tools-for-stm32.12.3.rel1.linux64_1.0.100.202403111256/tools/bin/../lib/gcc/arm-none-eabi/12.3.1/../../../../arm-none-eabi/lib/thumb/v7e-m+fp/hard/libc_nano.a
END GROUP
START GROUP
LOAD /home/frank/st/stm32cubeide_1.14.0/plugins/com.st.stm32cube.ide.mcu.externaltools.gnu-tools-for-stm32.12.3.rel1.linux64_1.0.100.202403111256/tools/bin/../lib/gcc/arm-none-eabi/12.3.1/thumb/v7e-m+fp/hard/libgcc.a
LOAD /home/frank/st/stm32cubeide_1.14.0/plugins/com.st.stm32cube.ide.mcu.externaltools.gnu-tools-for-stm32.12.3.rel1.linux64_1.0.100.202403111256/tools/bin/../lib/gcc/arm-none-eabi/12.3.1/../../../../arm-none-eabi/lib/thumb/v7e-m+fp/hard/libc_nano.a
LOAD /home/frank/st/stm32cubeide_1.14.0/plugins/com.st.stm32cube.ide.mcu.externaltools.gnu-tools-for-stm32.12.3.rel1.linux64_1.0.100.202403111256/tools/bin/../lib/gcc/arm-none-eabi/12.3.1/../../../../arm-none-eabi/lib/thumb/v7e-m+fp/hard/libnosys.a
END GROUP
START GROUP
LOAD /home/frank/st/stm32cubeide_1.14.0/plugins/com.st.stm32cube.ide.mcu.externaltools.gnu-tools-for-stm32.12.3.rel1.linux64_1.0.100.202403111256/tools/bin/../lib/gcc/arm-none-eabi/12.3.1/thumb/v7e-m+fp/hard/libgcc.a
LOAD /home/frank/st/stm32cubeide_1.14.0/plugins/com.st.stm32cube.ide.mcu.externaltools.gnu-tools-for-stm32.12.3.rel1.linux64_1.0.100.202403111256/tools/bin/../lib/gcc/arm-none-eabi/12.3.1/../../../../arm-none-eabi/lib/thumb/v7e-m+fp/hard/libc_nano.a
LOAD /home/frank/st/stm32cubeide_1.14.0/plugins/com.st.stm32cube.ide.mcu.externaltools.gnu-tools-for-stm32.12.3.rel1.linux64_1.0.100.202403111256/tools/bin/../lib/gcc/arm-none-eabi/12.3.1/../../../../arm-none-eabi/lib/thumb/v7e-m+fp/hard/libnosys.a
END GROUP
LOAD /home/frank/st/stm32cubeide_1.14.0/plugins/com.st.stm32cube.ide.mcu.externaltools.gnu-tools-for-stm32.12.3.rel1.linux64_1.0.100.202403111256/tools/bin/../lib/gcc/arm-none-eabi/12.3.1/thumb/v7e-m+fp/hard/crtend.o
LOAD /home/frank/st/stm32cubeide_1.14.0/plugins/com.st.stm32cube.ide.mcu.externaltools.gnu-tools-for-stm32.12.3.rel1.linux64_1.0.100.202403111256/tools/bin/../lib/gcc/arm-none-eabi/12.3.1/thumb/v7e-m+fp/hard/crtn.o
                0x20020000                        _estack = (ORIGIN (RAM) + LENGTH (RAM))
                0x00000200                        _Min_Heap_Size = 0x200
                0x00000400                        _Min_Stack_Size = 0x400

.isr_vector     0x08000000      0x1c4
                0x08000000                        . = ALIGN (0x4)
 *(.isr_vector)
 .isr_vector    0x08000000      0x1c4 ./Core/Startup/startup_stm32f446retx.o
                0x08000000                g_pfnVectors
                0x080001c4                        . = ALIGN (0x4)

.text           0x080001d0     0xdddc
                0x080001d0                        . = ALIGN (0x4)
 *(.text)
 .text          0x080001d0       0x40 /home/frank/st/stm32cubeide_1.14.0/plugins/com.st.stm32cube.ide.mcu.externaltools.gnu-tools-for-stm32.12.3.rel1.linux64_1.0.100.202403111256/tools/bin/../lib/gcc/arm-none-eabi/12.3.1/thumb/v7e-m+fp/hard/crtbegin.o
 .text          0x08000210       0x94 ./Middleware/SEGGER/SEGGER/SEGGER_RTT_ASM_ARMv7M.o
                0x08000210                SEGGER_RTT_ASM_WriteSkipNoLock
 .text          0x080002a4       0x14 /home/frank/st/stm32cubeide_1.14.0/plugins/com.st.stm32cube.ide.mcu.externaltools.gnu-tools-for-stm32.12.3.rel1.linux64_1.0.100.202403111256/tools/bin/../lib/gcc/arm-none-eabi/12.3.1/../../../../arm-none-eabi/lib/thumb/v7e-m+fp/hard/libc_nano.a(libc_a-strcmp.o)
                0x080002a4                strcmp
 .text          0x080002b8       0x10 /home/frank/st/stm32cubeide_1.14.0/plugins/com.st.stm32cube.ide.mcu.externaltools.gnu-tools-for-stm32.12.3.rel1.linux64_1.0.100.202403111256/tools/bin/../lib/gcc/arm-none-eabi/12.3.1/../../../../arm-none-eabi/lib/thumb/v7e-m+fp/hard/libc_nano.a(libc_a-strlen.o)
                0x080002b8                strlen
 *fill*         0x080002c8        0x8 
 .text          0x080002d0       0xa0 /home/frank/st/stm32cubeide_1.14.0/plugins/com.st.stm32cube.ide.mcu.externaltools.gnu-tools-for-stm32.12.3.rel1.linux64_1.0.100.202403111256/tools/bin/../lib/gcc/arm-none-eabi/12.3.1/../../../../arm-none-eabi/lib/thumb/v7e-m+fp/hard/libc_nano.a(libc_a-memchr.o)
                0x080002d0                memchr
 .text          0x08000370      0x254 /home/frank/st/stm32cubeide_1.14.0/plugins/com.st.stm32cube.ide.mcu.externaltools.gnu-tools-for-stm32.12.3.rel1.linux64_1.0.100.202403111256/tools/bin/../lib/gcc/arm-none-eabi/12.3.1/thumb/v7e-m+fp/hard/libgcc.a(_arm_muldf3.o)
                0x08000370                __aeabi_dmul
                0x08000370                __muldf3
 .text          0x080005c4      0x378 /home/frank/st/stm32cubeide_1.14.0/plugins/com.st.stm32cube.ide.mcu.externaltools.gnu-tools-for-stm32.12.3.rel1.linux64_1.0.100.202403111256/tools/bin/../lib/gcc/arm-none-eabi/12.3.1/thumb/v7e-m+fp/hard/libgcc.a(_arm_addsubdf3.o)
                0x080005c4                __aeabi_drsub
                0x080005cc                __aeabi_dsub
                0x080005cc                __subdf3
                0x080005d0                __adddf3
                0x080005d0                __aeabi_dadd
                0x08000848                __aeabi_ui2d
                0x08000848                __floatunsidf
                0x08000868                __floatsidf
                0x08000868                __aeabi_i2d
                0x0800088c                __extendsfdf2
                0x0800088c                __aeabi_f2d
                0x080008d0                __aeabi_ul2d
                0x080008d0                __floatundidf
                0x080008e0                __floatdidf
                0x080008e0                __aeabi_l2d
 .text          0x0800093c       0xa0 /home/frank/st/stm32cubeide_1.14.0/plugins/com.st.stm32cube.ide.mcu.externaltools.gnu-tools-for-stm32.12.3.rel1.linux64_1.0.100.202403111256/tools/bin/../lib/gcc/arm-none-eabi/12.3.1/thumb/v7e-m+fp/hard/libgcc.a(_arm_truncdfsf2.o)
                0x0800093c                __aeabi_d2f
                0x0800093c                __truncdfsf2
 .text          0x080009dc       0x30 /home/frank/st/stm32cubeide_1.14.0/plugins/com.st.stm32cube.ide.mcu.externaltools.gnu-tools-for-stm32.12.3.rel1.linux64_1.0.100.202403111256/tools/bin/../lib/gcc/arm-none-eabi/12.3.1/thumb/v7e-m+fp/hard/libgcc.a(_aeabi_uldivmod.o)
                0x080009dc                __aeabi_uldivmod
 .text          0x08000a0c      0x2bc /home/frank/st/stm32cubeide_1.14.0/plugins/com.st.stm32cube.ide.mcu.externaltools.gnu-tools-for-stm32.12.3.rel1.linux64_1.0.100.202403111256/tools/bin/../lib/gcc/arm-none-eabi/12.3.1/thumb/v7e-m+fp/hard/libgcc.a(_udivmoddi4.o)
                0x08000a0c                __udivmoddi4
 .text          0x08000cc8        0x4 /home/frank/st/stm32cubeide_1.14.0/plugins/com.st.stm32cube.ide.mcu.externaltools.gnu-tools-for-stm32.12.3.rel1.linux64_1.0.100.202403111256/tools/bin/../lib/gcc/arm-none-eabi/12.3.1/thumb/v7e-m+fp/hard/libgcc.a(_dvmd_tls.o)
                0x08000cc8                __aeabi_ldiv0
                0x08000cc8                __aeabi_idiv0
 *(.text*)
 .text.delayUS  0x08000ccc       0x30 ./Core/Src/main.o
                0x08000ccc                delayUS
 .text.Checksum
                0x08000cfc       0x46 ./Core/Src/main.o
                0x08000cfc                Checksum
 *fill*         0x08000d42        0x2 
 .text.I2C_WriteReg
                0x08000d44       0x4c ./Core/Src/main.o
                0x08000d44                I2C_WriteReg
 .text.I2C_ReadReg
                0x08000d90       0x50 ./Core/Src/main.o
                0x08000d90                I2C_ReadReg
 .text.BQ769x2_SetRegister
                0x08000de0      0x140 ./Core/Src/main.o
                0x08000de0                BQ769x2_SetRegister
 .text.CommandSubcommands
                0x08000f20       0x3c ./Core/Src/main.o
                0x08000f20                CommandSubcommands
 .text.Subcommands
                0x08000f5c      0x140 ./Core/Src/main.o
                0x08000f5c                Subcommands
 .text.DirectCommands
                0x0800109c       0x68 ./Core/Src/main.o
                0x0800109c                DirectCommands
 .text.BQ769x2_Init
                0x08001104       0xce ./Core/Src/main.o
                0x08001104                BQ769x2_Init
 *fill*         0x080011d2        0x2 
 .text.BQ769x2_ReadAlarmStatus
                0x080011d4       0x28 ./Core/Src/main.o
                0x080011d4                BQ769x2_ReadAlarmStatus
 .text.BQ769x2_ReadVoltage
                0x080011fc       0x58 ./Core/Src/main.o
                0x080011fc                BQ769x2_ReadVoltage
 .text.BQ769x2_ReadAllVoltages
                0x08001254       0x7c ./Core/Src/main.o
                0x08001254                BQ769x2_ReadAllVoltages
 .text.BQ769x2_ReadCurrent
                0x080012d0       0x28 ./Core/Src/main.o
                0x080012d0                BQ769x2_ReadCurrent
 .text.BQ769x2_ReadTemperature
                0x080012f8       0x84 ./Core/Src/main.o
                0x080012f8                BQ769x2_ReadTemperature
 .text.BQ769x2_ReadPassQ
                0x0800137c       0x88 ./Core/Src/main.o
                0x0800137c                BQ769x2_ReadPassQ
 .text.main     0x08001404      0x378 ./Core/Src/main.o
                0x08001404                main
 .text.SystemClock_Config
                0x0800177c       0xd8 ./Core/Src/main.o
                0x0800177c                SystemClock_Config
 .text.MX_I2C1_Init
                0x08001854       0x5c ./Core/Src/main.o
 .text.MX_SPI1_Init
                0x080018b0       0x6c ./Core/Src/main.o
 .text.MX_TIM10_Init
                0x0800191c       0x48 ./Core/Src/main.o
 .text.MX_USART1_UART_Init
                0x08001964       0x54 ./Core/Src/main.o
 .text.MX_USART2_UART_Init
                0x080019b8       0x54 ./Core/Src/main.o
 .text.MX_DMA_Init
                0x08001a0c       0x50 ./Core/Src/main.o
 .text.MX_GPIO_Init
                0x08001a5c      0x118 ./Core/Src/main.o
 .text.modbus_comm_task
                0x08001b74      0x1dc ./Core/Src/main.o
 .text.task1_handler
                0x08001d50       0x34 ./Core/Src/main.o
 .text.readVoltage_task
                0x08001d84      0x298 ./Core/Src/main.o
 .text.W5500_rxtx
                0x0800201c       0x2c ./Core/Src/main.o
                0x0800201c                W5500_rxtx
 .text.wizchip_select
                0x08002048       0x18 ./Core/Src/main.o
                0x08002048                wizchip_select
 .text.wizchip_deselect
                0x08002060       0x18 ./Core/Src/main.o
                0x08002060                wizchip_deselect
 .text.wizchip_write
                0x08002078       0x1a ./Core/Src/main.o
                0x08002078                wizchip_write
 .text.wizchip_read
                0x08002092       0x10 ./Core/Src/main.o
                0x08002092                wizchip_read
 *fill*         0x080020a2        0x2 
 .text.network_init
                0x080020a4       0x24 ./Core/Src/main.o
                0x080020a4                network_init
 .text.PHYStatusCheck
                0x080020c8       0x58 ./Core/Src/main.o
                0x080020c8                PHYStatusCheck
 .text.PrintPHYConf
                0x08002120       0x88 ./Core/Src/main.o
                0x08002120                PrintPHYConf
 .text.HAL_TIM_PeriodElapsedCallback
                0x080021a8       0x24 ./Core/Src/main.o
                0x080021a8                HAL_TIM_PeriodElapsedCallback
 .text.Error_Handler
                0x080021cc        0xc ./Core/Src/main.o
                0x080021cc                Error_Handler
 .text.get_HB_LB
                0x080021d8       0x2e ./Core/Src/modbus.o
                0x080021d8                get_HB_LB
 .text.make_word
                0x08002206       0x36 ./Core/Src/modbus.o
                0x08002206                make_word
 .text.modbus_receive
                0x0800223c      0x2f4 ./Core/Src/modbus.o
                0x0800223c                modbus_receive
 .text.HAL_MspInit
                0x08002530       0x50 ./Core/Src/stm32f4xx_hal_msp.o
                0x08002530                HAL_MspInit
 .text.HAL_I2C_MspInit
                0x08002580      0x15c ./Core/Src/stm32f4xx_hal_msp.o
                0x08002580                HAL_I2C_MspInit
 .text.HAL_SPI_MspInit
                0x080026dc       0x90 ./Core/Src/stm32f4xx_hal_msp.o
                0x080026dc                HAL_SPI_MspInit
 .text.HAL_TIM_Base_MspInit
                0x0800276c       0x44 ./Core/Src/stm32f4xx_hal_msp.o
                0x0800276c                HAL_TIM_Base_MspInit
 .text.HAL_UART_MspInit
                0x080027b0       0xfc ./Core/Src/stm32f4xx_hal_msp.o
                0x080027b0                HAL_UART_MspInit
 .text.HAL_InitTick
                0x080028ac       0xf8 ./Core/Src/stm32f4xx_hal_timebase_tim.o
                0x080028ac                HAL_InitTick
 .text.NMI_Handler
                0x080029a4        0x8 ./Core/Src/stm32f4xx_it.o
                0x080029a4                NMI_Handler
 .text.HardFault_Handler
                0x080029ac        0x8 ./Core/Src/stm32f4xx_it.o
                0x080029ac                HardFault_Handler
 .text.MemManage_Handler
                0x080029b4        0x8 ./Core/Src/stm32f4xx_it.o
                0x080029b4                MemManage_Handler
 .text.BusFault_Handler
                0x080029bc        0x8 ./Core/Src/stm32f4xx_it.o
                0x080029bc                BusFault_Handler
 .text.UsageFault_Handler
                0x080029c4        0x8 ./Core/Src/stm32f4xx_it.o
                0x080029c4                UsageFault_Handler
 .text.DebugMon_Handler
                0x080029cc        0xe ./Core/Src/stm32f4xx_it.o
                0x080029cc                DebugMon_Handler
 *fill*         0x080029da        0x2 
 .text.DMA1_Stream0_IRQHandler
                0x080029dc       0x14 ./Core/Src/stm32f4xx_it.o
                0x080029dc                DMA1_Stream0_IRQHandler
 .text.DMA1_Stream6_IRQHandler
                0x080029f0       0x14 ./Core/Src/stm32f4xx_it.o
                0x080029f0                DMA1_Stream6_IRQHandler
 .text.TIM6_DAC_IRQHandler
                0x08002a04       0x14 ./Core/Src/stm32f4xx_it.o
                0x08002a04                TIM6_DAC_IRQHandler
 .text._read    0x08002a18       0x3a ./Core/Src/syscalls.o
                0x08002a18                _read
 .text._close   0x08002a52       0x18 ./Core/Src/syscalls.o
                0x08002a52                _close
 .text._fstat   0x08002a6a       0x20 ./Core/Src/syscalls.o
                0x08002a6a                _fstat
 .text._isatty  0x08002a8a       0x16 ./Core/Src/syscalls.o
                0x08002a8a                _isatty
 .text._lseek   0x08002aa0       0x1a ./Core/Src/syscalls.o
                0x08002aa0                _lseek
 *fill*         0x08002aba        0x2 
 .text.SystemInit
                0x08002abc       0x24 ./Core/Src/system_stm32f4xx.o
                0x08002abc                SystemInit
 .text.interpolate
                0x08002ae0      0x1ec ./Core/Src/utils.o
                0x08002ae0                interpolate
 .text.interpolate_SOC
                0x08002ccc      0x12e ./Core/Src/utils.o
                0x08002ccc                interpolate_SOC
 *fill*         0x08002dfa        0x2 
 .text.WIZCHIP_READ
                0x08002dfc       0x98 ./Core/Src/w5500/W5500/w5500.o
                0x08002dfc                WIZCHIP_READ
 .text.WIZCHIP_WRITE
                0x08002e94       0x9c ./Core/Src/w5500/W5500/w5500.o
                0x08002e94                WIZCHIP_WRITE
 .text.WIZCHIP_READ_BUF
                0x08002f30       0xc0 ./Core/Src/w5500/W5500/w5500.o
                0x08002f30                WIZCHIP_READ_BUF
 .text.WIZCHIP_WRITE_BUF
                0x08002ff0       0xc0 ./Core/Src/w5500/W5500/w5500.o
                0x08002ff0                WIZCHIP_WRITE_BUF
 .text.getSn_TX_FSR
                0x080030b0       0x92 ./Core/Src/w5500/W5500/w5500.o
                0x080030b0                getSn_TX_FSR
 .text.getSn_RX_RSR
                0x08003142       0x92 ./Core/Src/w5500/W5500/w5500.o
                0x08003142                getSn_RX_RSR
 .text.wiz_send_data
                0x080031d4       0xb4 ./Core/Src/w5500/W5500/w5500.o
                0x080031d4                wiz_send_data
 .text.wiz_recv_data
                0x08003288       0xb4 ./Core/Src/w5500/W5500/w5500.o
                0x08003288                wiz_recv_data
 .text.socket   0x0800333c      0x228 ./Core/Src/w5500/socket.o
                0x0800333c                socket
 .text.close    0x08003564       0xdc ./Core/Src/w5500/socket.o
                0x08003564                close
 .text.listen   0x08003640       0xb2 ./Core/Src/w5500/socket.o
                0x08003640                listen
 *fill*         0x080036f2        0x2 
 .text.disconnect
                0x080036f4       0xec ./Core/Src/w5500/socket.o
                0x080036f4                disconnect
 .text.send     0x080037e0      0x1f0 ./Core/Src/w5500/socket.o
                0x080037e0                send
 .text.recv     0x080039d0      0x168 ./Core/Src/w5500/socket.o
                0x080039d0                recv
 .text.ctlsocket
                0x08003b38      0x1b0 ./Core/Src/w5500/socket.o
                0x08003b38                ctlsocket
 .text.wizchip_cris_enter
                0x08003ce8        0xe ./Core/Src/w5500/wizchip_conf.o
                0x08003ce8                wizchip_cris_enter
 .text.wizchip_cris_exit
                0x08003cf6        0xe ./Core/Src/w5500/wizchip_conf.o
                0x08003cf6                wizchip_cris_exit
 .text.wizchip_cs_select
                0x08003d04        0xe ./Core/Src/w5500/wizchip_conf.o
                0x08003d04                wizchip_cs_select
 .text.wizchip_cs_deselect
                0x08003d12        0xe ./Core/Src/w5500/wizchip_conf.o
                0x08003d12                wizchip_cs_deselect
 .text.wizchip_bus_readdata
                0x08003d20       0x1a ./Core/Src/w5500/wizchip_conf.o
                0x08003d20                wizchip_bus_readdata
 .text.wizchip_bus_writedata
                0x08003d3a       0x1e ./Core/Src/w5500/wizchip_conf.o
                0x08003d3a                wizchip_bus_writedata
 .text.wizchip_spi_readbyte
                0x08003d58       0x10 ./Core/Src/w5500/wizchip_conf.o
                0x08003d58                wizchip_spi_readbyte
 .text.wizchip_spi_writebyte
                0x08003d68       0x16 ./Core/Src/w5500/wizchip_conf.o
                0x08003d68                wizchip_spi_writebyte
 *fill*         0x08003d7e        0x2 
 .text.reg_wizchip_cs_cbfunc
                0x08003d80       0x4c ./Core/Src/w5500/wizchip_conf.o
                0x08003d80                reg_wizchip_cs_cbfunc
 .text.reg_wizchip_spi_cbfunc
                0x08003dcc       0x58 ./Core/Src/w5500/wizchip_conf.o
                0x08003dcc                reg_wizchip_spi_cbfunc
 .text.ctlwizchip
                0x08003e24      0x1c0 ./Core/Src/w5500/wizchip_conf.o
                0x08003e24                ctlwizchip
 .text.ctlnetwork
                0x08003fe4       0x7c ./Core/Src/w5500/wizchip_conf.o
                0x08003fe4                ctlnetwork
 .text.wizchip_sw_reset
                0x08004060       0x98 ./Core/Src/w5500/wizchip_conf.o
                0x08004060                wizchip_sw_reset
 .text.wizchip_init
                0x080040f8      0x118 ./Core/Src/w5500/wizchip_conf.o
                0x080040f8                wizchip_init
 .text.wizchip_clrinterrupt
                0x08004210       0x68 ./Core/Src/w5500/wizchip_conf.o
                0x08004210                wizchip_clrinterrupt
 .text.wizchip_getinterrupt
                0x08004278       0x4a ./Core/Src/w5500/wizchip_conf.o
                0x08004278                wizchip_getinterrupt
 .text.wizchip_setinterruptmask
                0x080042c2       0x36 ./Core/Src/w5500/wizchip_conf.o
                0x080042c2                wizchip_setinterruptmask
 .text.wizchip_getinterruptmask
                0x080042f8       0x46 ./Core/Src/w5500/wizchip_conf.o
                0x080042f8                wizchip_getinterruptmask
 .text.wizphy_getphylink
                0x0800433e       0x2c ./Core/Src/w5500/wizchip_conf.o
                0x0800433e                wizphy_getphylink
 .text.wizphy_getphypmode
                0x0800436a       0x32 ./Core/Src/w5500/wizchip_conf.o
                0x0800436a                wizphy_getphypmode
 .text.wizphy_reset
                0x0800439c       0x4e ./Core/Src/w5500/wizchip_conf.o
                0x0800439c                wizphy_reset
 .text.wizphy_setphyconf
                0x080043ea       0x84 ./Core/Src/w5500/wizchip_conf.o
                0x080043ea                wizphy_setphyconf
 *fill*         0x0800446e        0x2 
 .text.wizphy_getphyconf
                0x08004470       0xd4 ./Core/Src/w5500/wizchip_conf.o
                0x08004470                wizphy_getphyconf
 .text.wizphy_setphypmode
                0x08004544       0x94 ./Core/Src/w5500/wizchip_conf.o
                0x08004544                wizphy_setphypmode
 .text.wizchip_setnetinfo
                0x080045d8       0x80 ./Core/Src/w5500/wizchip_conf.o
                0x080045d8                wizchip_setnetinfo
 .text.wizchip_getnetinfo
                0x08004658       0x80 ./Core/Src/w5500/wizchip_conf.o
                0x08004658                wizchip_getnetinfo
 .text.wizchip_setnetmode
                0x080046d8       0x44 ./Core/Src/w5500/wizchip_conf.o
                0x080046d8                wizchip_setnetmode
 .text.wizchip_getnetmode
                0x0800471c       0x10 ./Core/Src/w5500/wizchip_conf.o
                0x0800471c                wizchip_getnetmode
 .text.wizchip_settimeout
                0x0800472c       0x42 ./Core/Src/w5500/wizchip_conf.o
                0x0800472c                wizchip_settimeout
 .text.wizchip_gettimeout
                0x0800476e       0x40 ./Core/Src/w5500/wizchip_conf.o
                0x0800476e                wizchip_gettimeout
 *fill*         0x080047ae        0x2 
 .text.Reset_Handler
                0x080047b0       0x50 ./Core/Startup/startup_stm32f446retx.o
                0x080047b0                Reset_Handler
 .text.Default_Handler
                0x08004800        0x2 ./Core/Startup/startup_stm32f446retx.o
                0x08004800                RTC_Alarm_IRQHandler
                0x08004800                EXTI2_IRQHandler
                0x08004800                TIM8_CC_IRQHandler
                0x08004800                FMPI2C1_EV_IRQHandler
                0x08004800                SPI4_IRQHandler
                0x08004800                TIM1_CC_IRQHandler
                0x08004800                DMA2_Stream5_IRQHandler
                0x08004800                DMA1_Stream5_IRQHandler
                0x08004800                PVD_IRQHandler
                0x08004800                SDIO_IRQHandler
                0x08004800                TAMP_STAMP_IRQHandler
                0x08004800                CAN2_RX1_IRQHandler
                0x08004800                EXTI3_IRQHandler
                0x08004800                TIM8_TRG_COM_TIM14_IRQHandler
                0x08004800                TIM1_UP_TIM10_IRQHandler
                0x08004800                TIM8_UP_TIM13_IRQHandler
                0x08004800                I2C3_ER_IRQHandler
                0x08004800                EXTI0_IRQHandler
                0x08004800                I2C2_EV_IRQHandler
                0x08004800                DMA1_Stream2_IRQHandler
                0x08004800                CAN1_RX0_IRQHandler
                0x08004800                FPU_IRQHandler
                0x08004800                OTG_HS_WKUP_IRQHandler
                0x08004800                CAN2_SCE_IRQHandler
                0x08004800                DMA2_Stream2_IRQHandler
                0x08004800                SPI1_IRQHandler
                0x08004800                TIM1_BRK_TIM9_IRQHandler
                0x08004800                DCMI_IRQHandler
                0x08004800                CAN2_RX0_IRQHandler
                0x08004800                DMA2_Stream3_IRQHandler
                0x08004800                SAI2_IRQHandler
                0x08004800                USART6_IRQHandler
                0x08004800                USART3_IRQHandler
                0x08004800                CAN1_RX1_IRQHandler
                0x08004800                UART5_IRQHandler
                0x08004800                DMA2_Stream0_IRQHandler
                0x08004800                TIM4_IRQHandler
                0x08004800                QUADSPI_IRQHandler
                0x08004800                I2C1_EV_IRQHandler
                0x08004800                DMA1_Stream1_IRQHandler
                0x08004800                UART4_IRQHandler
                0x08004800                TIM3_IRQHandler
                0x08004800                RCC_IRQHandler
                0x08004800                TIM8_BRK_TIM12_IRQHandler
                0x08004800                Default_Handler
                0x08004800                CEC_IRQHandler
                0x08004800                EXTI15_10_IRQHandler
                0x08004800                ADC_IRQHandler
                0x08004800                DMA1_Stream7_IRQHandler
                0x08004800                TIM7_IRQHandler
                0x08004800                CAN2_TX_IRQHandler
                0x08004800                TIM5_IRQHandler
                0x08004800                DMA2_Stream7_IRQHandler
                0x08004800                I2C3_EV_IRQHandler
                0x08004800                EXTI9_5_IRQHandler
                0x08004800                RTC_WKUP_IRQHandler
                0x08004800                SPDIF_RX_IRQHandler
                0x08004800                SPI2_IRQHandler
                0x08004800                OTG_HS_EP1_IN_IRQHandler
                0x08004800                CAN1_TX_IRQHandler
                0x08004800                FMPI2C1_ER_IRQHandler
                0x08004800                EXTI4_IRQHandler
                0x08004800                OTG_HS_EP1_OUT_IRQHandler
                0x08004800                WWDG_IRQHandler
                0x08004800                TIM2_IRQHandler
                0x08004800                OTG_FS_WKUP_IRQHandler
                0x08004800                TIM1_TRG_COM_TIM11_IRQHandler
                0x08004800                OTG_HS_IRQHandler
                0x08004800                EXTI1_IRQHandler
                0x08004800                USART2_IRQHandler
                0x08004800                I2C2_ER_IRQHandler
                0x08004800                DMA2_Stream1_IRQHandler
                0x08004800                CAN1_SCE_IRQHandler
                0x08004800                FLASH_IRQHandler
                0x08004800                DMA2_Stream4_IRQHandler
                0x08004800                USART1_IRQHandler
                0x08004800                OTG_FS_IRQHandler
                0x08004800                SPI3_IRQHandler
                0x08004800                DMA1_Stream4_IRQHandler
                0x08004800                I2C1_ER_IRQHandler
                0x08004800                FMC_IRQHandler
                0x08004800                DMA2_Stream6_IRQHandler
                0x08004800                SAI1_IRQHandler
                0x08004800                DMA1_Stream3_IRQHandler
 *fill*         0x08004802        0x2 
 .text.HAL_Init
                0x08004804       0x44 ./Drivers/STM32F4xx_HAL_Driver/stm32f4xx_hal.o
                0x08004804                HAL_Init
 .text.HAL_IncTick
                0x08004848       0x28 ./Drivers/STM32F4xx_HAL_Driver/stm32f4xx_hal.o
                0x08004848                HAL_IncTick
 .text.HAL_GetTick
                0x08004870       0x18 ./Drivers/STM32F4xx_HAL_Driver/stm32f4xx_hal.o
                0x08004870                HAL_GetTick
 .text.HAL_Delay
                0x08004888       0x48 ./Drivers/STM32F4xx_HAL_Driver/stm32f4xx_hal.o
                0x08004888                HAL_Delay
 .text.__NVIC_SetPriorityGrouping
                0x080048d0       0x48 ./Drivers/STM32F4xx_HAL_Driver/stm32f4xx_hal_cortex.o
 .text.__NVIC_GetPriorityGrouping
                0x08004918       0x1c ./Drivers/STM32F4xx_HAL_Driver/stm32f4xx_hal_cortex.o
 .text.__NVIC_EnableIRQ
                0x08004934       0x3c ./Drivers/STM32F4xx_HAL_Driver/stm32f4xx_hal_cortex.o
 .text.__NVIC_SetPriority
                0x08004970       0x54 ./Drivers/STM32F4xx_HAL_Driver/stm32f4xx_hal_cortex.o
 .text.NVIC_EncodePriority
                0x080049c4       0x66 ./Drivers/STM32F4xx_HAL_Driver/stm32f4xx_hal_cortex.o
 .text.HAL_NVIC_SetPriorityGrouping
                0x08004a2a       0x16 ./Drivers/STM32F4xx_HAL_Driver/stm32f4xx_hal_cortex.o
                0x08004a2a                HAL_NVIC_SetPriorityGrouping
 .text.HAL_NVIC_SetPriority
                0x08004a40       0x38 ./Drivers/STM32F4xx_HAL_Driver/stm32f4xx_hal_cortex.o
                0x08004a40                HAL_NVIC_SetPriority
 .text.HAL_NVIC_EnableIRQ
                0x08004a78       0x1c ./Drivers/STM32F4xx_HAL_Driver/stm32f4xx_hal_cortex.o
                0x08004a78                HAL_NVIC_EnableIRQ
 .text.HAL_DMA_Init
                0x08004a94      0x15c ./Drivers/STM32F4xx_HAL_Driver/stm32f4xx_hal_dma.o
                0x08004a94                HAL_DMA_Init
 .text.HAL_DMA_IRQHandler
                0x08004bf0      0x314 ./Drivers/STM32F4xx_HAL_Driver/stm32f4xx_hal_dma.o
                0x08004bf0                HAL_DMA_IRQHandler
 .text.DMA_CalcBaseAndBitshift
                0x08004f04       0x6c ./Drivers/STM32F4xx_HAL_Driver/stm32f4xx_hal_dma.o
 .text.DMA_CheckFifoParam
                0x08004f70       0xf8 ./Drivers/STM32F4xx_HAL_Driver/stm32f4xx_hal_dma.o
 .text.HAL_GPIO_Init
                0x08005068      0x328 ./Drivers/STM32F4xx_HAL_Driver/stm32f4xx_hal_gpio.o
                0x08005068                HAL_GPIO_Init
 .text.HAL_GPIO_WritePin
                0x08005390       0x32 ./Drivers/STM32F4xx_HAL_Driver/stm32f4xx_hal_gpio.o
                0x08005390                HAL_GPIO_WritePin
 .text.HAL_GPIO_TogglePin
                0x080053c2       0x34 ./Drivers/STM32F4xx_HAL_Driver/stm32f4xx_hal_gpio.o
                0x080053c2                HAL_GPIO_TogglePin
 *fill*         0x080053f6        0x2 
 .text.HAL_I2C_Init
                0x080053f8      0x288 ./Drivers/STM32F4xx_HAL_Driver/stm32f4xx_hal_i2c.o
                0x080053f8                HAL_I2C_Init
 .text.HAL_I2C_Mem_Write
                0x08005680      0x1f4 ./Drivers/STM32F4xx_HAL_Driver/stm32f4xx_hal_i2c.o
                0x08005680                HAL_I2C_Mem_Write
 .text.HAL_I2C_Mem_Read
                0x08005874      0x464 ./Drivers/STM32F4xx_HAL_Driver/stm32f4xx_hal_i2c.o
                0x08005874                HAL_I2C_Mem_Read
 .text.I2C_RequestMemoryWrite
                0x08005cd8      0x12c ./Drivers/STM32F4xx_HAL_Driver/stm32f4xx_hal_i2c.o
 .text.I2C_RequestMemoryRead
                0x08005e04      0x1d0 ./Drivers/STM32F4xx_HAL_Driver/stm32f4xx_hal_i2c.o
 .text.I2C_WaitOnFlagUntilTimeout
                0x08005fd4       0xf4 ./Drivers/STM32F4xx_HAL_Driver/stm32f4xx_hal_i2c.o
 .text.I2C_WaitOnMasterAddressFlagUntilTimeout
                0x080060c8      0x140 ./Drivers/STM32F4xx_HAL_Driver/stm32f4xx_hal_i2c.o
 .text.I2C_WaitOnTXEFlagUntilTimeout
                0x08006208       0x90 ./Drivers/STM32F4xx_HAL_Driver/stm32f4xx_hal_i2c.o
 .text.I2C_WaitOnBTFFlagUntilTimeout
                0x08006298       0x90 ./Drivers/STM32F4xx_HAL_Driver/stm32f4xx_hal_i2c.o
 .text.I2C_WaitOnRXNEFlagUntilTimeout
                0x08006328       0xba ./Drivers/STM32F4xx_HAL_Driver/stm32f4xx_hal_i2c.o
 .text.I2C_IsAcknowledgeFailed
                0x080063e2       0x5e ./Drivers/STM32F4xx_HAL_Driver/stm32f4xx_hal_i2c.o
 .text.HAL_RCC_ClockConfig
                0x08006440      0x1cc ./Drivers/STM32F4xx_HAL_Driver/stm32f4xx_hal_rcc.o
                0x08006440                HAL_RCC_ClockConfig
 .text.HAL_RCC_GetHCLKFreq
                0x0800660c       0x18 ./Drivers/STM32F4xx_HAL_Driver/stm32f4xx_hal_rcc.o
                0x0800660c                HAL_RCC_GetHCLKFreq
 .text.HAL_RCC_GetPCLK1Freq
                0x08006624       0x28 ./Drivers/STM32F4xx_HAL_Driver/stm32f4xx_hal_rcc.o
                0x08006624                HAL_RCC_GetPCLK1Freq
 .text.HAL_RCC_GetPCLK2Freq
                0x0800664c       0x28 ./Drivers/STM32F4xx_HAL_Driver/stm32f4xx_hal_rcc.o
                0x0800664c                HAL_RCC_GetPCLK2Freq
 .text.HAL_RCC_GetClockConfig
                0x08006674       0x64 ./Drivers/STM32F4xx_HAL_Driver/stm32f4xx_hal_rcc.o
                0x08006674                HAL_RCC_GetClockConfig
 .text.HAL_RCC_GetSysClockFreq
                0x080066d8      0x45c ./Drivers/STM32F4xx_HAL_Driver/stm32f4xx_hal_rcc_ex.o
                0x080066d8                HAL_RCC_GetSysClockFreq
 .text.HAL_RCC_OscConfig
                0x08006b34      0x53c ./Drivers/STM32F4xx_HAL_Driver/stm32f4xx_hal_rcc_ex.o
                0x08006b34                HAL_RCC_OscConfig
 .text.HAL_SPI_Init
                0x08007070      0x112 ./Drivers/STM32F4xx_HAL_Driver/stm32f4xx_hal_spi.o
                0x08007070                HAL_SPI_Init
 .text.HAL_SPI_TransmitReceive
                0x08007182      0x360 ./Drivers/STM32F4xx_HAL_Driver/stm32f4xx_hal_spi.o
                0x08007182                HAL_SPI_TransmitReceive
 *fill*         0x080074e2        0x2 
 .text.SPI_WaitFlagStateUntilTimeout
                0x080074e4      0x110 ./Drivers/STM32F4xx_HAL_Driver/stm32f4xx_hal_spi.o
 .text.SPI_EndRxTxTransaction
                0x080075f4       0xa8 ./Drivers/STM32F4xx_HAL_Driver/stm32f4xx_hal_spi.o
 .text.HAL_TIM_Base_Init
                0x0800769c       0x9e ./Drivers/STM32F4xx_HAL_Driver/stm32f4xx_hal_tim.o
                0x0800769c                HAL_TIM_Base_Init
 *fill*         0x0800773a        0x2 
 .text.HAL_TIM_Base_Start
                0x0800773c       0xd0 ./Drivers/STM32F4xx_HAL_Driver/stm32f4xx_hal_tim.o
                0x0800773c                HAL_TIM_Base_Start
 .text.HAL_TIM_Base_Start_IT
                0x0800780c       0xe0 ./Drivers/STM32F4xx_HAL_Driver/stm32f4xx_hal_tim.o
                0x0800780c                HAL_TIM_Base_Start_IT
 .text.HAL_TIM_IRQHandler
                0x080078ec      0x1e0 ./Drivers/STM32F4xx_HAL_Driver/stm32f4xx_hal_tim.o
                0x080078ec                HAL_TIM_IRQHandler
 .text.HAL_TIM_OC_DelayElapsedCallback
                0x08007acc       0x14 ./Drivers/STM32F4xx_HAL_Driver/stm32f4xx_hal_tim.o
                0x08007acc                HAL_TIM_OC_DelayElapsedCallback
 .text.HAL_TIM_IC_CaptureCallback
                0x08007ae0       0x14 ./Drivers/STM32F4xx_HAL_Driver/stm32f4xx_hal_tim.o
                0x08007ae0                HAL_TIM_IC_CaptureCallback
 .text.HAL_TIM_PWM_PulseFinishedCallback
                0x08007af4       0x14 ./Drivers/STM32F4xx_HAL_Driver/stm32f4xx_hal_tim.o
                0x08007af4                HAL_TIM_PWM_PulseFinishedCallback
 .text.HAL_TIM_TriggerCallback
                0x08007b08       0x14 ./Drivers/STM32F4xx_HAL_Driver/stm32f4xx_hal_tim.o
                0x08007b08                HAL_TIM_TriggerCallback
 .text.TIM_Base_SetConfig
                0x08007b1c      0x158 ./Drivers/STM32F4xx_HAL_Driver/stm32f4xx_hal_tim.o
                0x08007b1c                TIM_Base_SetConfig
 .text.HAL_TIMEx_CommutCallback
                0x08007c74       0x14 ./Drivers/STM32F4xx_HAL_Driver/stm32f4xx_hal_tim_ex.o
                0x08007c74                HAL_TIMEx_CommutCallback
 .text.HAL_TIMEx_BreakCallback
                0x08007c88       0x14 ./Drivers/STM32F4xx_HAL_Driver/stm32f4xx_hal_tim_ex.o
                0x08007c88                HAL_TIMEx_BreakCallback
 .text.HAL_UART_Init
                0x08007c9c       0xa0 ./Drivers/STM32F4xx_HAL_Driver/stm32f4xx_hal_uart.o
                0x08007c9c                HAL_UART_Init
 .text.HAL_HalfDuplex_Init
                0x08007d3c       0xb0 ./Drivers/STM32F4xx_HAL_Driver/stm32f4xx_hal_uart.o
                0x08007d3c                HAL_HalfDuplex_Init
 .text.HAL_UART_Transmit
                0x08007dec      0x116 ./Drivers/STM32F4xx_HAL_Driver/stm32f4xx_hal_uart.o
                0x08007dec                HAL_UART_Transmit
 .text.UART_WaitOnFlagUntilTimeout
                0x08007f02       0xb2 ./Drivers/STM32F4xx_HAL_Driver/stm32f4xx_hal_uart.o
 .text.UART_EndRxTransfer
                0x08007fb4       0xc6 ./Drivers/STM32F4xx_HAL_Driver/stm32f4xx_hal_uart.o
 *fill*         0x0800807a        0x2 
 .text.UART_SetConfig
                0x0800807c      0x4e8 ./Drivers/STM32F4xx_HAL_Driver/stm32f4xx_hal_uart.o
 .text.vListInitialise
                0x08008564       0x40 ./Middleware/FreeRTOS/list.o
                0x08008564                vListInitialise
 .text.vListInitialiseItem
                0x080085a4       0x1a ./Middleware/FreeRTOS/list.o
                0x080085a4                vListInitialiseItem
 .text.vListInsertEnd
                0x080085be       0x48 ./Middleware/FreeRTOS/list.o
                0x080085be                vListInsertEnd
 .text.vListInsert
                0x08008606       0x72 ./Middleware/FreeRTOS/list.o
                0x08008606                vListInsert
 .text.uxListRemove
                0x08008678       0x54 ./Middleware/FreeRTOS/list.o
                0x08008678                uxListRemove
 .text.xQueueGenericReset
                0x080086cc       0xd4 ./Middleware/FreeRTOS/queue.o
                0x080086cc                xQueueGenericReset
 .text.xQueueGenericCreate
                0x080087a0       0xc4 ./Middleware/FreeRTOS/queue.o
                0x080087a0                xQueueGenericCreate
 .text.prvInitialiseNewQueue
                0x08008864       0x52 ./Middleware/FreeRTOS/queue.o
 *fill*         0x080088b6        0x2 
 .text.xQueueGenericSend
                0x080088b8      0x254 ./Middleware/FreeRTOS/queue.o
                0x080088b8                xQueueGenericSend
 .text.xQueueGenericSendFromISR
                0x08008b0c      0x184 ./Middleware/FreeRTOS/queue.o
                0x08008b0c                xQueueGenericSendFromISR
 .text.xQueueReceive
                0x08008c90      0x228 ./Middleware/FreeRTOS/queue.o
                0x08008c90                xQueueReceive
 .text.prvCopyDataToQueue
                0x08008eb8       0xd4 ./Middleware/FreeRTOS/queue.o
 .text.prvCopyDataFromQueue
                0x08008f8c       0x4c ./Middleware/FreeRTOS/queue.o
 .text.prvUnlockQueue
                0x08008fd8       0xa4 ./Middleware/FreeRTOS/queue.o
 .text.prvIsQueueEmpty
                0x0800907c       0x2c ./Middleware/FreeRTOS/queue.o
 .text.prvIsQueueFull
                0x080090a8       0x30 ./Middleware/FreeRTOS/queue.o
 .text.vQueueAddToRegistry
                0x080090d8       0x64 ./Middleware/FreeRTOS/queue.o
                0x080090d8                vQueueAddToRegistry
 .text.vQueueWaitForMessageRestricted
                0x0800913c       0x68 ./Middleware/FreeRTOS/queue.o
                0x0800913c                vQueueWaitForMessageRestricted
 .text.xTaskCreate
                0x080091a4       0x82 ./Middleware/FreeRTOS/tasks.o
                0x080091a4                xTaskCreate
 .text.prvInitialiseNewTask
                0x08009226      0x12e ./Middleware/FreeRTOS/tasks.o
 .text.prvAddNewTaskToReadyList
                0x08009354      0x118 ./Middleware/FreeRTOS/tasks.o
 .text.vTaskDelay
                0x0800946c       0x74 ./Middleware/FreeRTOS/tasks.o
                0x0800946c                vTaskDelay
 .text.vTaskStartScheduler
                0x080094e0       0xc4 ./Middleware/FreeRTOS/tasks.o
                0x080094e0                vTaskStartScheduler
 .text.vTaskSuspendAll
                0x080095a4       0x1c ./Middleware/FreeRTOS/tasks.o
                0x080095a4                vTaskSuspendAll
 .text.xTaskResumeAll
                0x080095c0      0x144 ./Middleware/FreeRTOS/tasks.o
                0x080095c0                xTaskResumeAll
 .text.xTaskGetTickCount
                0x08009704       0x20 ./Middleware/FreeRTOS/tasks.o
                0x08009704                xTaskGetTickCount
 .text.xTaskGetTickCountFromISR
                0x08009724       0x24 ./Middleware/FreeRTOS/tasks.o
                0x08009724                xTaskGetTickCountFromISR
 .text.xTaskIncrementTick
                0x08009748      0x17c ./Middleware/FreeRTOS/tasks.o
                0x08009748                xTaskIncrementTick
 .text.vTaskSwitchContext
                0x080098c4       0xd4 ./Middleware/FreeRTOS/tasks.o
                0x080098c4                vTaskSwitchContext
 .text.vTaskPlaceOnEventList
                0x08009998       0x4c ./Middleware/FreeRTOS/tasks.o
                0x08009998                vTaskPlaceOnEventList
 .text.vTaskPlaceOnEventListRestricted
                0x080099e4       0x60 ./Middleware/FreeRTOS/tasks.o
                0x080099e4                vTaskPlaceOnEventListRestricted
 .text.xTaskRemoveFromEventList
                0x08009a44       0xd0 ./Middleware/FreeRTOS/tasks.o
                0x08009a44                xTaskRemoveFromEventList
 .text.vTaskInternalSetTimeOutState
                0x08009b14       0x2c ./Middleware/FreeRTOS/tasks.o
                0x08009b14                vTaskInternalSetTimeOutState
 .text.xTaskCheckForTimeOut
                0x08009b40       0xd0 ./Middleware/FreeRTOS/tasks.o
                0x08009b40                xTaskCheckForTimeOut
 .text.vTaskMissedYield
                0x08009c10       0x18 ./Middleware/FreeRTOS/tasks.o
                0x08009c10                vTaskMissedYield
 .text.prvIdleTask
                0x08009c28       0x30 ./Middleware/FreeRTOS/tasks.o
 .text.prvInitialiseTaskLists
                0x08009c58       0x80 ./Middleware/FreeRTOS/tasks.o
 .text.prvCheckTasksWaitingTermination
                0x08009cd8       0x5c ./Middleware/FreeRTOS/tasks.o
 .text.prvDeleteTCB
                0x08009d34       0x20 ./Middleware/FreeRTOS/tasks.o
 .text.prvResetNextTaskUnblockTime
                0x08009d54       0x38 ./Middleware/FreeRTOS/tasks.o
 .text.xTaskGetSchedulerState
                0x08009d8c       0x3c ./Middleware/FreeRTOS/tasks.o
                0x08009d8c                xTaskGetSchedulerState
 .text.xTaskPriorityDisinherit
                0x08009dc8      0x104 ./Middleware/FreeRTOS/tasks.o
                0x08009dc8                xTaskPriorityDisinherit
 .text.prvAddCurrentTaskToDelayedList
                0x08009ecc       0xf0 ./Middleware/FreeRTOS/tasks.o
 .text.xTimerCreateTimerTask
                0x08009fbc       0x68 ./Middleware/FreeRTOS/timers.o
                0x08009fbc                xTimerCreateTimerTask
 .text.xTimerGenericCommand
                0x0800a024       0x9c ./Middleware/FreeRTOS/timers.o
                0x0800a024                xTimerGenericCommand
 .text.prvProcessExpiredTimer
                0x0800a0c0       0x9c ./Middleware/FreeRTOS/timers.o
 .text.prvTimerTask
                0x0800a15c       0x26 ./Middleware/FreeRTOS/timers.o
 *fill*         0x0800a182        0x2 
 .text.prvProcessTimerOrBlockTask
                0x0800a184       0x9c ./Middleware/FreeRTOS/timers.o
 .text.prvGetNextExpireTime
                0x0800a220       0x48 ./Middleware/FreeRTOS/timers.o
 .text.prvSampleTimeNow
                0x0800a268       0x40 ./Middleware/FreeRTOS/timers.o
 .text.prvInsertTimerInActiveList
                0x0800a2a8       0x84 ./Middleware/FreeRTOS/timers.o
 .text.prvProcessReceivedCommands
                0x0800a32c      0x194 ./Middleware/FreeRTOS/timers.o
 .text.prvSwitchTimerLists
                0x0800a4c0       0xcc ./Middleware/FreeRTOS/timers.o
 .text.prvCheckForValidListAndQueue
                0x0800a58c       0x6c ./Middleware/FreeRTOS/timers.o
 .text.pxPortInitialiseStack
                0x0800a5f8       0x68 ./Middleware/FreeRTOS/portable/GCC/ARM_CM4F/port.o
                0x0800a5f8                pxPortInitialiseStack
 .text.prvTaskExitError
                0x0800a660       0x5c ./Middleware/FreeRTOS/portable/GCC/ARM_CM4F/port.o
 *fill*         0x0800a6bc        0x4 
 .text.SVC_Handler
                0x0800a6c0       0x28 ./Middleware/FreeRTOS/portable/GCC/ARM_CM4F/port.o
                0x0800a6c0                SVC_Handler
 .text.prvPortStartFirstTask
                0x0800a6e8       0x2c ./Middleware/FreeRTOS/portable/GCC/ARM_CM4F/port.o
 .text.xPortStartScheduler
                0x0800a714      0x148 ./Middleware/FreeRTOS/portable/GCC/ARM_CM4F/port.o
                0x0800a714                xPortStartScheduler
 .text.vInitPrioGroupValue
                0x0800a85c      0x100 ./Middleware/FreeRTOS/portable/GCC/ARM_CM4F/port.o
                0x0800a85c                vInitPrioGroupValue
 .text.vPortEnterCritical
                0x0800a95c       0x64 ./Middleware/FreeRTOS/portable/GCC/ARM_CM4F/port.o
                0x0800a95c                vPortEnterCritical
 .text.vPortExitCritical
                0x0800a9c0       0x54 ./Middleware/FreeRTOS/portable/GCC/ARM_CM4F/port.o
                0x0800a9c0                vPortExitCritical
 *fill*         0x0800aa14        0xc 
 .text.PendSV_Handler
                0x0800aa20       0x68 ./Middleware/FreeRTOS/portable/GCC/ARM_CM4F/port.o
                0x0800aa20                PendSV_Handler
 .text.SysTick_Handler
                0x0800aa88       0x54 ./Middleware/FreeRTOS/portable/GCC/ARM_CM4F/port.o
                0x0800aa88                SysTick_Handler
 .text.vPortSetupTimerInterrupt
                0x0800aadc       0x48 ./Middleware/FreeRTOS/portable/GCC/ARM_CM4F/port.o
                0x0800aadc                vPortSetupTimerInterrupt
 .text.vPortEnableVFP
                0x0800ab24       0x18 ./Middleware/FreeRTOS/portable/GCC/ARM_CM4F/port.o
 .text.vPortValidateInterruptPriority
                0x0800ab3c       0x84 ./Middleware/FreeRTOS/portable/GCC/ARM_CM4F/port.o
                0x0800ab3c                vPortValidateInterruptPriority
 .text.pvPortMalloc
                0x0800abc0      0x1c4 ./Middleware/FreeRTOS/portable/MemMang/heap_4.o
                0x0800abc0                pvPortMalloc
 .text.vPortFree
                0x0800ad84       0xc8 ./Middleware/FreeRTOS/portable/MemMang/heap_4.o
                0x0800ad84                vPortFree
 .text.prvHeapInit
                0x0800ae4c       0xc4 ./Middleware/FreeRTOS/portable/MemMang/heap_4.o
 .text.prvInsertBlockIntoFreeList
                0x0800af10       0xb4 ./Middleware/FreeRTOS/portable/MemMang/heap_4.o
 .text._cbSendSystemDesc
                0x0800afc4       0x1c ./Middleware/SEGGER/Config/SEGGER_SYSVIEW_Config_FreeRTOS.o
 .text.SEGGER_SYSVIEW_Conf
                0x0800afe0       0x2c ./Middleware/SEGGER/Config/SEGGER_SYSVIEW_Config_FreeRTOS.o
                0x0800afe0                SEGGER_SYSVIEW_Conf
 .text._cbSendTaskList
                0x0800b00c       0x90 ./Middleware/SEGGER/OS/SEGGER_SYSVIEW_FreeRTOS.o
 .text._cbGetTime
                0x0800b09c       0x86 ./Middleware/SEGGER/OS/SEGGER_SYSVIEW_FreeRTOS.o
 *fill*         0x0800b122        0x2 
 .text.SYSVIEW_AddTask
                0x0800b124       0xd0 ./Middleware/SEGGER/OS/SEGGER_SYSVIEW_FreeRTOS.o
                0x0800b124                SYSVIEW_AddTask
 .text.SYSVIEW_SendTaskInfo
                0x0800b1f4       0x42 ./Middleware/SEGGER/OS/SEGGER_SYSVIEW_FreeRTOS.o
                0x0800b1f4                SYSVIEW_SendTaskInfo
 *fill*         0x0800b236        0x2 
 .text._DoInit  0x0800b238       0xb0 ./Middleware/SEGGER/SEGGER/SEGGER_RTT.o
 .text._WriteBlocking
                0x0800b2e8       0xba ./Middleware/SEGGER/SEGGER/SEGGER_RTT.o
 .text._WriteNoCheck
                0x0800b3a2       0x90 ./Middleware/SEGGER/SEGGER/SEGGER_RTT.o
 .text._GetAvailWriteSpace
                0x0800b432       0x46 ./Middleware/SEGGER/SEGGER/SEGGER_RTT.o
 .text.SEGGER_RTT_ReadNoLock
                0x0800b478      0x10c ./Middleware/SEGGER/SEGGER/SEGGER_RTT.o
                0x0800b478                SEGGER_RTT_ReadNoLock
 .text.SEGGER_RTT_WriteNoLock
                0x0800b584       0xa0 ./Middleware/SEGGER/SEGGER/SEGGER_RTT.o
                0x0800b584                SEGGER_RTT_WriteNoLock
 .text.SEGGER_RTT_Write
                0x0800b624       0x4c ./Middleware/SEGGER/SEGGER/SEGGER_RTT.o
                0x0800b624                SEGGER_RTT_Write
 .text.SEGGER_RTT_AllocUpBuffer
                0x0800b670      0x108 ./Middleware/SEGGER/SEGGER/SEGGER_RTT.o
                0x0800b670                SEGGER_RTT_AllocUpBuffer
 .text.SEGGER_RTT_ConfigDownBuffer
                0x0800b778       0xe0 ./Middleware/SEGGER/SEGGER/SEGGER_RTT.o
                0x0800b778                SEGGER_RTT_ConfigDownBuffer
 .text._EncodeStr
                0x0800b858       0x9a ./Middleware/SEGGER/SEGGER/SEGGER_SYSVIEW.o
 .text._PreparePacket
                0x0800b8f2       0x18 ./Middleware/SEGGER/SEGGER/SEGGER_SYSVIEW.o
 *fill*         0x0800b90a        0x2 
 .text._HandleIncomingPacket
                0x0800b90c       0xe0 ./Middleware/SEGGER/SEGGER/SEGGER_SYSVIEW.o
 .text._TrySendOverflowPacket
                0x0800b9ec       0xe4 ./Middleware/SEGGER/SEGGER/SEGGER_SYSVIEW.o
 .text._SendPacket
                0x0800bad0      0x1cc ./Middleware/SEGGER/SEGGER/SEGGER_SYSVIEW.o
 .text.SEGGER_SYSVIEW_Init
                0x0800bc9c       0x88 ./Middleware/SEGGER/SEGGER/SEGGER_SYSVIEW.o
                0x0800bc9c                SEGGER_SYSVIEW_Init
 .text.SEGGER_SYSVIEW_SetRAMBase
                0x0800bd24       0x20 ./Middleware/SEGGER/SEGGER/SEGGER_SYSVIEW.o
                0x0800bd24                SEGGER_SYSVIEW_SetRAMBase
 .text.SEGGER_SYSVIEW_RecordVoid
                0x0800bd44       0x3c ./Middleware/SEGGER/SEGGER/SEGGER_SYSVIEW.o
                0x0800bd44                SEGGER_SYSVIEW_RecordVoid
 .text.SEGGER_SYSVIEW_RecordU32
                0x0800bd80       0x78 ./Middleware/SEGGER/SEGGER/SEGGER_SYSVIEW.o
                0x0800bd80                SEGGER_SYSVIEW_RecordU32
 .text.SEGGER_SYSVIEW_RecordU32x2
                0x0800bdf8       0xb4 ./Middleware/SEGGER/SEGGER/SEGGER_SYSVIEW.o
                0x0800bdf8                SEGGER_SYSVIEW_RecordU32x2
 .text.SEGGER_SYSVIEW_RecordU32x3
                0x0800beac       0xec ./Middleware/SEGGER/SEGGER/SEGGER_SYSVIEW.o
                0x0800beac                SEGGER_SYSVIEW_RecordU32x3
 .text.SEGGER_SYSVIEW_RecordU32x4
                0x0800bf98      0x124 ./Middleware/SEGGER/SEGGER/SEGGER_SYSVIEW.o
                0x0800bf98                SEGGER_SYSVIEW_RecordU32x4
 .text.SEGGER_SYSVIEW_Start
                0x0800c0bc      0x174 ./Middleware/SEGGER/SEGGER/SEGGER_SYSVIEW.o
                0x0800c0bc                SEGGER_SYSVIEW_Start
 .text.SEGGER_SYSVIEW_Stop
                0x0800c230       0x4c ./Middleware/SEGGER/SEGGER/SEGGER_SYSVIEW.o
                0x0800c230                SEGGER_SYSVIEW_Stop
 .text.SEGGER_SYSVIEW_GetSysDesc
                0x0800c27c      0x134 ./Middleware/SEGGER/SEGGER/SEGGER_SYSVIEW.o
                0x0800c27c                SEGGER_SYSVIEW_GetSysDesc
 .text.SEGGER_SYSVIEW_SendTaskInfo
                0x0800c3b0      0x1c8 ./Middleware/SEGGER/SEGGER/SEGGER_SYSVIEW.o
                0x0800c3b0                SEGGER_SYSVIEW_SendTaskInfo
 .text.SEGGER_SYSVIEW_SendTaskList
                0x0800c578       0x28 ./Middleware/SEGGER/SEGGER/SEGGER_SYSVIEW.o
                0x0800c578                SEGGER_SYSVIEW_SendTaskList
 .text.SEGGER_SYSVIEW_SendSysDesc
                0x0800c5a0       0x48 ./Middleware/SEGGER/SEGGER/SEGGER_SYSVIEW.o
                0x0800c5a0                SEGGER_SYSVIEW_SendSysDesc
 .text.SEGGER_SYSVIEW_RecordSystime
                0x0800c5e8       0x64 ./Middleware/SEGGER/SEGGER/SEGGER_SYSVIEW.o
                0x0800c5e8                SEGGER_SYSVIEW_RecordSystime
 .text.SEGGER_SYSVIEW_RecordEnterISR
                0x0800c64c       0x84 ./Middleware/SEGGER/SEGGER/SEGGER_SYSVIEW.o
                0x0800c64c                SEGGER_SYSVIEW_RecordEnterISR
 .text.SEGGER_SYSVIEW_RecordExitISR
                0x0800c6d0       0x38 ./Middleware/SEGGER/SEGGER/SEGGER_SYSVIEW.o
                0x0800c6d0                SEGGER_SYSVIEW_RecordExitISR
 .text.SEGGER_SYSVIEW_RecordExitISRToScheduler
                0x0800c708       0x38 ./Middleware/SEGGER/SEGGER/SEGGER_SYSVIEW.o
                0x0800c708                SEGGER_SYSVIEW_RecordExitISRToScheduler
 .text.SEGGER_SYSVIEW_OnIdle
                0x0800c740       0x38 ./Middleware/SEGGER/SEGGER/SEGGER_SYSVIEW.o
                0x0800c740                SEGGER_SYSVIEW_OnIdle
 .text.SEGGER_SYSVIEW_OnTaskCreate
                0x0800c778       0x84 ./Middleware/SEGGER/SEGGER/SEGGER_SYSVIEW.o
                0x0800c778                SEGGER_SYSVIEW_OnTaskCreate
 .text.SEGGER_SYSVIEW_OnTaskStartExec
                0x0800c7fc       0x84 ./Middleware/SEGGER/SEGGER/SEGGER_SYSVIEW.o
                0x0800c7fc                SEGGER_SYSVIEW_OnTaskStartExec
 .text.SEGGER_SYSVIEW_OnTaskStartReady
                0x0800c880       0x84 ./Middleware/SEGGER/SEGGER/SEGGER_SYSVIEW.o
                0x0800c880                SEGGER_SYSVIEW_OnTaskStartReady
 .text.SEGGER_SYSVIEW_OnTaskStopReady
                0x0800c904       0xc0 ./Middleware/SEGGER/SEGGER/SEGGER_SYSVIEW.o
                0x0800c904                SEGGER_SYSVIEW_OnTaskStopReady
 .text.SEGGER_SYSVIEW_ShrinkId
                0x0800c9c4       0x20 ./Middleware/SEGGER/SEGGER/SEGGER_SYSVIEW.o
                0x0800c9c4                SEGGER_SYSVIEW_ShrinkId
 .text.SEGGER_SYSVIEW_SendModule
                0x0800c9e4      0x100 ./Middleware/SEGGER/SEGGER/SEGGER_SYSVIEW.o
                0x0800c9e4                SEGGER_SYSVIEW_SendModule
 .text.SEGGER_SYSVIEW_SendModuleDescription
                0x0800cae4       0x3c ./Middleware/SEGGER/SEGGER/SEGGER_SYSVIEW.o
                0x0800cae4                SEGGER_SYSVIEW_SendModuleDescription
 .text.SEGGER_SYSVIEW_SendNumModules
                0x0800cb20       0x7c ./Middleware/SEGGER/SEGGER/SEGGER_SYSVIEW.o
                0x0800cb20                SEGGER_SYSVIEW_SendNumModules
 .text.SEGGER_SYSVIEW_Warn
                0x0800cb9c       0xb8 ./Middleware/SEGGER/SEGGER/SEGGER_SYSVIEW.o
                0x0800cb9c                SEGGER_SYSVIEW_Warn
 .text._write_r
                0x0800cc54       0x22 ./Middleware/SEGGER/SEGGER/Syscalls/SEGGER_RTT_Syscalls_GCC.o
                0x0800cc54                _write_r
 *fill*         0x0800cc76        0x2 
 .text.std      0x0800cc78       0x6c /home/frank/st/stm32cubeide_1.14.0/plugins/com.st.stm32cube.ide.mcu.externaltools.gnu-tools-for-stm32.12.3.rel1.linux64_1.0.100.202403111256/tools/bin/../lib/gcc/arm-none-eabi/12.3.1/../../../../arm-none-eabi/lib/thumb/v7e-m+fp/hard/libc_nano.a(libc_a-findfp.o)
 .text.stdio_exit_handler
                0x0800cce4       0x18 /home/frank/st/stm32cubeide_1.14.0/plugins/com.st.stm32cube.ide.mcu.externaltools.gnu-tools-for-stm32.12.3.rel1.linux64_1.0.100.202403111256/tools/bin/../lib/gcc/arm-none-eabi/12.3.1/../../../../arm-none-eabi/lib/thumb/v7e-m+fp/hard/libc_nano.a(libc_a-findfp.o)
 .text.cleanup_stdio
                0x0800ccfc       0x40 /home/frank/st/stm32cubeide_1.14.0/plugins/com.st.stm32cube.ide.mcu.externaltools.gnu-tools-for-stm32.12.3.rel1.linux64_1.0.100.202403111256/tools/bin/../lib/gcc/arm-none-eabi/12.3.1/../../../../arm-none-eabi/lib/thumb/v7e-m+fp/hard/libc_nano.a(libc_a-findfp.o)
 .text.global_stdio_init.part.0
                0x0800cd3c       0x3c /home/frank/st/stm32cubeide_1.14.0/plugins/com.st.stm32cube.ide.mcu.externaltools.gnu-tools-for-stm32.12.3.rel1.linux64_1.0.100.202403111256/tools/bin/../lib/gcc/arm-none-eabi/12.3.1/../../../../arm-none-eabi/lib/thumb/v7e-m+fp/hard/libc_nano.a(libc_a-findfp.o)
 .text.__sfp_lock_acquire
                0x0800cd78        0xc /home/frank/st/stm32cubeide_1.14.0/plugins/com.st.stm32cube.ide.mcu.externaltools.gnu-tools-for-stm32.12.3.rel1.linux64_1.0.100.202403111256/tools/bin/../lib/gcc/arm-none-eabi/12.3.1/../../../../arm-none-eabi/lib/thumb/v7e-m+fp/hard/libc_nano.a(libc_a-findfp.o)
                0x0800cd78                __sfp_lock_acquire
 .text.__sfp_lock_release
                0x0800cd84        0xc /home/frank/st/stm32cubeide_1.14.0/plugins/com.st.stm32cube.ide.mcu.externaltools.gnu-tools-for-stm32.12.3.rel1.linux64_1.0.100.202403111256/tools/bin/../lib/gcc/arm-none-eabi/12.3.1/../../../../arm-none-eabi/lib/thumb/v7e-m+fp/hard/libc_nano.a(libc_a-findfp.o)
                0x0800cd84                __sfp_lock_release
 .text.__sinit  0x0800cd90       0x30 /home/frank/st/stm32cubeide_1.14.0/plugins/com.st.stm32cube.ide.mcu.externaltools.gnu-tools-for-stm32.12.3.rel1.linux64_1.0.100.202403111256/tools/bin/../lib/gcc/arm-none-eabi/12.3.1/../../../../arm-none-eabi/lib/thumb/v7e-m+fp/hard/libc_nano.a(libc_a-findfp.o)
                0x0800cd90                __sinit
 .text._fwalk_sglue
                0x0800cdc0       0x3c /home/frank/st/stm32cubeide_1.14.0/plugins/com.st.stm32cube.ide.mcu.externaltools.gnu-tools-for-stm32.12.3.rel1.linux64_1.0.100.202403111256/tools/bin/../lib/gcc/arm-none-eabi/12.3.1/../../../../arm-none-eabi/lib/thumb/v7e-m+fp/hard/libc_nano.a(libc_a-fwalk.o)
                0x0800cdc0                _fwalk_sglue
 .text.printf   0x0800cdfc       0x24 /home/frank/st/stm32cubeide_1.14.0/plugins/com.st.stm32cube.ide.mcu.externaltools.gnu-tools-for-stm32.12.3.rel1.linux64_1.0.100.202403111256/tools/bin/../lib/gcc/arm-none-eabi/12.3.1/../../../../arm-none-eabi/lib/thumb/v7e-m+fp/hard/libc_nano.a(libc_a-printf.o)
                0x0800cdfc                printf
                0x0800cdfc                iprintf
 .text._puts_r  0x0800ce20       0xaa /home/frank/st/stm32cubeide_1.14.0/plugins/com.st.stm32cube.ide.mcu.externaltools.gnu-tools-for-stm32.12.3.rel1.linux64_1.0.100.202403111256/tools/bin/../lib/gcc/arm-none-eabi/12.3.1/../../../../arm-none-eabi/lib/thumb/v7e-m+fp/hard/libc_nano.a(libc_a-puts.o)
                0x0800ce20                _puts_r
 *fill*         0x0800ceca        0x2 
 .text.puts     0x0800cecc       0x10 /home/frank/st/stm32cubeide_1.14.0/plugins/com.st.stm32cube.ide.mcu.externaltools.gnu-tools-for-stm32.12.3.rel1.linux64_1.0.100.202403111256/tools/bin/../lib/gcc/arm-none-eabi/12.3.1/../../../../arm-none-eabi/lib/thumb/v7e-m+fp/hard/libc_nano.a(libc_a-puts.o)
                0x0800cecc                puts
 .text.sprintf  0x0800cedc       0x40 /home/frank/st/stm32cubeide_1.14.0/plugins/com.st.stm32cube.ide.mcu.externaltools.gnu-tools-for-stm32.12.3.rel1.linux64_1.0.100.202403111256/tools/bin/../lib/gcc/arm-none-eabi/12.3.1/../../../../arm-none-eabi/lib/thumb/v7e-m+fp/hard/libc_nano.a(libc_a-sprintf.o)
                0x0800cedc                sprintf
                0x0800cedc                siprintf
 .text.__sread  0x0800cf1c       0x22 /home/frank/st/stm32cubeide_1.14.0/plugins/com.st.stm32cube.ide.mcu.externaltools.gnu-tools-for-stm32.12.3.rel1.linux64_1.0.100.202403111256/tools/bin/../lib/gcc/arm-none-eabi/12.3.1/../../../../arm-none-eabi/lib/thumb/v7e-m+fp/hard/libc_nano.a(libc_a-stdio.o)
                0x0800cf1c                __sread
 .text.__swrite
                0x0800cf3e       0x38 /home/frank/st/stm32cubeide_1.14.0/plugins/com.st.stm32cube.ide.mcu.externaltools.gnu-tools-for-stm32.12.3.rel1.linux64_1.0.100.202403111256/tools/bin/../lib/gcc/arm-none-eabi/12.3.1/../../../../arm-none-eabi/lib/thumb/v7e-m+fp/hard/libc_nano.a(libc_a-stdio.o)
                0x0800cf3e                __swrite
 .text.__sseek  0x0800cf76       0x24 /home/frank/st/stm32cubeide_1.14.0/plugins/com.st.stm32cube.ide.mcu.externaltools.gnu-tools-for-stm32.12.3.rel1.linux64_1.0.100.202403111256/tools/bin/../lib/gcc/arm-none-eabi/12.3.1/../../../../arm-none-eabi/lib/thumb/v7e-m+fp/hard/libc_nano.a(libc_a-stdio.o)
                0x0800cf76                __sseek
 .text.__sclose
                0x0800cf9a        0x8 /home/frank/st/stm32cubeide_1.14.0/plugins/com.st.stm32cube.ide.mcu.externaltools.gnu-tools-for-stm32.12.3.rel1.linux64_1.0.100.202403111256/tools/bin/../lib/gcc/arm-none-eabi/12.3.1/../../../../arm-none-eabi/lib/thumb/v7e-m+fp/hard/libc_nano.a(libc_a-stdio.o)
                0x0800cf9a                __sclose
 .text.__swbuf_r
                0x0800cfa2       0x7c /home/frank/st/stm32cubeide_1.14.0/plugins/com.st.stm32cube.ide.mcu.externaltools.gnu-tools-for-stm32.12.3.rel1.linux64_1.0.100.202403111256/tools/bin/../lib/gcc/arm-none-eabi/12.3.1/../../../../arm-none-eabi/lib/thumb/v7e-m+fp/hard/libc_nano.a(libc_a-wbuf.o)
                0x0800cfa2                __swbuf_r
 *fill*         0x0800d01e        0x2 
 .text.__swsetup_r
                0x0800d020       0xac /home/frank/st/stm32cubeide_1.14.0/plugins/com.st.stm32cube.ide.mcu.externaltools.gnu-tools-for-stm32.12.3.rel1.linux64_1.0.100.202403111256/tools/bin/../lib/gcc/arm-none-eabi/12.3.1/../../../../arm-none-eabi/lib/thumb/v7e-m+fp/hard/libc_nano.a(libc_a-wsetup.o)
                0x0800d020                __swsetup_r
 .text.memcmp   0x0800d0cc       0x20 /home/frank/st/stm32cubeide_1.14.0/plugins/com.st.stm32cube.ide.mcu.externaltools.gnu-tools-for-stm32.12.3.rel1.linux64_1.0.100.202403111256/tools/bin/../lib/gcc/arm-none-eabi/12.3.1/../../../../arm-none-eabi/lib/thumb/v7e-m+fp/hard/libc_nano.a(libc_a-memcmp.o)
                0x0800d0cc                memcmp
 .text.memset   0x0800d0ec       0x10 /home/frank/st/stm32cubeide_1.14.0/plugins/com.st.stm32cube.ide.mcu.externaltools.gnu-tools-for-stm32.12.3.rel1.linux64_1.0.100.202403111256/tools/bin/../lib/gcc/arm-none-eabi/12.3.1/../../../../arm-none-eabi/lib/thumb/v7e-m+fp/hard/libc_nano.a(libc_a-memset.o)
                0x0800d0ec                memset
 .text._close_r
                0x0800d0fc       0x20 /home/frank/st/stm32cubeide_1.14.0/plugins/com.st.stm32cube.ide.mcu.externaltools.gnu-tools-for-stm32.12.3.rel1.linux64_1.0.100.202403111256/tools/bin/../lib/gcc/arm-none-eabi/12.3.1/../../../../arm-none-eabi/lib/thumb/v7e-m+fp/hard/libc_nano.a(libc_a-closer.o)
                0x0800d0fc                _close_r
 .text._lseek_r
                0x0800d11c       0x24 /home/frank/st/stm32cubeide_1.14.0/plugins/com.st.stm32cube.ide.mcu.externaltools.gnu-tools-for-stm32.12.3.rel1.linux64_1.0.100.202403111256/tools/bin/../lib/gcc/arm-none-eabi/12.3.1/../../../../arm-none-eabi/lib/thumb/v7e-m+fp/hard/libc_nano.a(libc_a-lseekr.o)
                0x0800d11c                _lseek_r
 .text._read_r  0x0800d140       0x24 /home/frank/st/stm32cubeide_1.14.0/plugins/com.st.stm32cube.ide.mcu.externaltools.gnu-tools-for-stm32.12.3.rel1.linux64_1.0.100.202403111256/tools/bin/../lib/gcc/arm-none-eabi/12.3.1/../../../../arm-none-eabi/lib/thumb/v7e-m+fp/hard/libc_nano.a(libc_a-readr.o)
                0x0800d140                _read_r
 .text.__libc_init_array
                0x0800d164       0x48 /home/frank/st/stm32cubeide_1.14.0/plugins/com.st.stm32cube.ide.mcu.externaltools.gnu-tools-for-stm32.12.3.rel1.linux64_1.0.100.202403111256/tools/bin/../lib/gcc/arm-none-eabi/12.3.1/../../../../arm-none-eabi/lib/thumb/v7e-m+fp/hard/libc_nano.a(libc_a-init.o)
                0x0800d164                __libc_init_array
 .text.__retarget_lock_init_recursive
                0x0800d1ac        0x2 /home/frank/st/stm32cubeide_1.14.0/plugins/com.st.stm32cube.ide.mcu.externaltools.gnu-tools-for-stm32.12.3.rel1.linux64_1.0.100.202403111256/tools/bin/../lib/gcc/arm-none-eabi/12.3.1/../../../../arm-none-eabi/lib/thumb/v7e-m+fp/hard/libc_nano.a(libc_a-lock.o)
                0x0800d1ac                __retarget_lock_init_recursive
 .text.__retarget_lock_acquire_recursive
                0x0800d1ae        0x2 /home/frank/st/stm32cubeide_1.14.0/plugins/com.st.stm32cube.ide.mcu.externaltools.gnu-tools-for-stm32.12.3.rel1.linux64_1.0.100.202403111256/tools/bin/../lib/gcc/arm-none-eabi/12.3.1/../../../../arm-none-eabi/lib/thumb/v7e-m+fp/hard/libc_nano.a(libc_a-lock.o)
                0x0800d1ae                __retarget_lock_acquire_recursive
 .text.__retarget_lock_release_recursive
                0x0800d1b0        0x2 /home/frank/st/stm32cubeide_1.14.0/plugins/com.st.stm32cube.ide.mcu.externaltools.gnu-tools-for-stm32.12.3.rel1.linux64_1.0.100.202403111256/tools/bin/../lib/gcc/arm-none-eabi/12.3.1/../../../../arm-none-eabi/lib/thumb/v7e-m+fp/hard/libc_nano.a(libc_a-lock.o)
                0x0800d1b0                __retarget_lock_release_recursive
 .text.memcpy   0x0800d1b2       0x1c /home/frank/st/stm32cubeide_1.14.0/plugins/com.st.stm32cube.ide.mcu.externaltools.gnu-tools-for-stm32.12.3.rel1.linux64_1.0.100.202403111256/tools/bin/../lib/gcc/arm-none-eabi/12.3.1/../../../../arm-none-eabi/lib/thumb/v7e-m+fp/hard/libc_nano.a(libc_a-memcpy-stub.o)
                0x0800d1b2                memcpy
 *fill*         0x0800d1ce        0x2 
 .text._free_r  0x0800d1d0       0x94 /home/frank/st/stm32cubeide_1.14.0/plugins/com.st.stm32cube.ide.mcu.externaltools.gnu-tools-for-stm32.12.3.rel1.linux64_1.0.100.202403111256/tools/bin/../lib/gcc/arm-none-eabi/12.3.1/../../../../arm-none-eabi/lib/thumb/v7e-m+fp/hard/libc_nano.a(libc_a-freer.o)
                0x0800d1d0                _free_r
 .text.sbrk_aligned
                0x0800d264       0x44 /home/frank/st/stm32cubeide_1.14.0/plugins/com.st.stm32cube.ide.mcu.externaltools.gnu-tools-for-stm32.12.3.rel1.linux64_1.0.100.202403111256/tools/bin/../lib/gcc/arm-none-eabi/12.3.1/../../../../arm-none-eabi/lib/thumb/v7e-m+fp/hard/libc_nano.a(libc_a-mallocr.o)
 .text._malloc_r
                0x0800d2a8      0x100 /home/frank/st/stm32cubeide_1.14.0/plugins/com.st.stm32cube.ide.mcu.externaltools.gnu-tools-for-stm32.12.3.rel1.linux64_1.0.100.202403111256/tools/bin/../lib/gcc/arm-none-eabi/12.3.1/../../../../arm-none-eabi/lib/thumb/v7e-m+fp/hard/libc_nano.a(libc_a-mallocr.o)
                0x0800d2a8                _malloc_r
 .text.__malloc_lock
                0x0800d3a8        0xc /home/frank/st/stm32cubeide_1.14.0/plugins/com.st.stm32cube.ide.mcu.externaltools.gnu-tools-for-stm32.12.3.rel1.linux64_1.0.100.202403111256/tools/bin/../lib/gcc/arm-none-eabi/12.3.1/../../../../arm-none-eabi/lib/thumb/v7e-m+fp/hard/libc_nano.a(libc_a-mlock.o)
                0x0800d3a8                __malloc_lock
 .text.__malloc_unlock
                0x0800d3b4        0xc /home/frank/st/stm32cubeide_1.14.0/plugins/com.st.stm32cube.ide.mcu.externaltools.gnu-tools-for-stm32.12.3.rel1.linux64_1.0.100.202403111256/tools/bin/../lib/gcc/arm-none-eabi/12.3.1/../../../../arm-none-eabi/lib/thumb/v7e-m+fp/hard/libc_nano.a(libc_a-mlock.o)
                0x0800d3b4                __malloc_unlock
 .text.__ssputs_r
                0x0800d3c0       0xb6 /home/frank/st/stm32cubeide_1.14.0/plugins/com.st.stm32cube.ide.mcu.externaltools.gnu-tools-for-stm32.12.3.rel1.linux64_1.0.100.202403111256/tools/bin/../lib/gcc/arm-none-eabi/12.3.1/../../../../arm-none-eabi/lib/thumb/v7e-m+fp/hard/libc_nano.a(libc_a-nano-svfprintf.o)
                0x0800d3c0                __ssputs_r
 *fill*         0x0800d476        0x2 
 .text._svfprintf_r
                0x0800d478      0x1f8 /home/frank/st/stm32cubeide_1.14.0/plugins/com.st.stm32cube.ide.mcu.externaltools.gnu-tools-for-stm32.12.3.rel1.linux64_1.0.100.202403111256/tools/bin/../lib/gcc/arm-none-eabi/12.3.1/../../../../arm-none-eabi/lib/thumb/v7e-m+fp/hard/libc_nano.a(libc_a-nano-svfprintf.o)
                0x0800d478                _svfprintf_r
                0x0800d478                _svfiprintf_r
 .text.__sfputc_r
                0x0800d670       0x2e /home/frank/st/stm32cubeide_1.14.0/plugins/com.st.stm32cube.ide.mcu.externaltools.gnu-tools-for-stm32.12.3.rel1.linux64_1.0.100.202403111256/tools/bin/../lib/gcc/arm-none-eabi/12.3.1/../../../../arm-none-eabi/lib/thumb/v7e-m+fp/hard/libc_nano.a(libc_a-nano-vfprintf.o)
 .text.__sfputs_r
                0x0800d69e       0x24 /home/frank/st/stm32cubeide_1.14.0/plugins/com.st.stm32cube.ide.mcu.externaltools.gnu-tools-for-stm32.12.3.rel1.linux64_1.0.100.202403111256/tools/bin/../lib/gcc/arm-none-eabi/12.3.1/../../../../arm-none-eabi/lib/thumb/v7e-m+fp/hard/libc_nano.a(libc_a-nano-vfprintf.o)
                0x0800d69e                __sfputs_r
 *fill*         0x0800d6c2        0x2 
 .text._vfprintf_r
                0x0800d6c4      0x230 /home/frank/st/stm32cubeide_1.14.0/plugins/com.st.stm32cube.ide.mcu.externaltools.gnu-tools-for-stm32.12.3.rel1.linux64_1.0.100.202403111256/tools/bin/../lib/gcc/arm-none-eabi/12.3.1/../../../../arm-none-eabi/lib/thumb/v7e-m+fp/hard/libc_nano.a(libc_a-nano-vfprintf.o)
                0x0800d6c4                _vfiprintf_r
                0x0800d6c4                _vfprintf_r
 .text._printf_common
                0x0800d8f4       0xda /home/frank/st/stm32cubeide_1.14.0/plugins/com.st.stm32cube.ide.mcu.externaltools.gnu-tools-for-stm32.12.3.rel1.linux64_1.0.100.202403111256/tools/bin/../lib/gcc/arm-none-eabi/12.3.1/../../../../arm-none-eabi/lib/thumb/v7e-m+fp/hard/libc_nano.a(libc_a-nano-vfprintf_i.o)
                0x0800d8f4                _printf_common
 *fill*         0x0800d9ce        0x2 
 .text._printf_i
                0x0800d9d0      0x240 /home/frank/st/stm32cubeide_1.14.0/plugins/com.st.stm32cube.ide.mcu.externaltools.gnu-tools-for-stm32.12.3.rel1.linux64_1.0.100.202403111256/tools/bin/../lib/gcc/arm-none-eabi/12.3.1/../../../../arm-none-eabi/lib/thumb/v7e-m+fp/hard/libc_nano.a(libc_a-nano-vfprintf_i.o)
                0x0800d9d0                _printf_i
 .text.__sflush_r
                0x0800dc10      0x108 /home/frank/st/stm32cubeide_1.14.0/plugins/com.st.stm32cube.ide.mcu.externaltools.gnu-tools-for-stm32.12.3.rel1.linux64_1.0.100.202403111256/tools/bin/../lib/gcc/arm-none-eabi/12.3.1/../../../../arm-none-eabi/lib/thumb/v7e-m+fp/hard/libc_nano.a(libc_a-fflush.o)
                0x0800dc10                __sflush_r
 .text._fflush_r
                0x0800dd18       0x50 /home/frank/st/stm32cubeide_1.14.0/plugins/com.st.stm32cube.ide.mcu.externaltools.gnu-tools-for-stm32.12.3.rel1.linux64_1.0.100.202403111256/tools/bin/../lib/gcc/arm-none-eabi/12.3.1/../../../../arm-none-eabi/lib/thumb/v7e-m+fp/hard/libc_nano.a(libc_a-fflush.o)
                0x0800dd18                _fflush_r
 .text.__swhatbuf_r
                0x0800dd68       0x4c /home/frank/st/stm32cubeide_1.14.0/plugins/com.st.stm32cube.ide.mcu.externaltools.gnu-tools-for-stm32.12.3.rel1.linux64_1.0.100.202403111256/tools/bin/../lib/gcc/arm-none-eabi/12.3.1/../../../../arm-none-eabi/lib/thumb/v7e-m+fp/hard/libc_nano.a(libc_a-makebuf.o)
                0x0800dd68                __swhatbuf_r
 .text.__smakebuf_r
                0x0800ddb4       0x78 /home/frank/st/stm32cubeide_1.14.0/plugins/com.st.stm32cube.ide.mcu.externaltools.gnu-tools-for-stm32.12.3.rel1.linux64_1.0.100.202403111256/tools/bin/../lib/gcc/arm-none-eabi/12.3.1/../../../../arm-none-eabi/lib/thumb/v7e-m+fp/hard/libc_nano.a(libc_a-makebuf.o)
                0x0800ddb4                __smakebuf_r
 .text.memmove  0x0800de2c       0x34 /home/frank/st/stm32cubeide_1.14.0/plugins/com.st.stm32cube.ide.mcu.externaltools.gnu-tools-for-stm32.12.3.rel1.linux64_1.0.100.202403111256/tools/bin/../lib/gcc/arm-none-eabi/12.3.1/../../../../arm-none-eabi/lib/thumb/v7e-m+fp/hard/libc_nano.a(libc_a-memmove.o)
                0x0800de2c                memmove
 .text._fstat_r
                0x0800de60       0x24 /home/frank/st/stm32cubeide_1.14.0/plugins/com.st.stm32cube.ide.mcu.externaltools.gnu-tools-for-stm32.12.3.rel1.linux64_1.0.100.202403111256/tools/bin/../lib/gcc/arm-none-eabi/12.3.1/../../../../arm-none-eabi/lib/thumb/v7e-m+fp/hard/libc_nano.a(libc_a-fstatr.o)
                0x0800de60                _fstat_r
 .text._isatty_r
                0x0800de84       0x20 /home/frank/st/stm32cubeide_1.14.0/plugins/com.st.stm32cube.ide.mcu.externaltools.gnu-tools-for-stm32.12.3.rel1.linux64_1.0.100.202403111256/tools/bin/../lib/gcc/arm-none-eabi/12.3.1/../../../../arm-none-eabi/lib/thumb/v7e-m+fp/hard/libc_nano.a(libc_a-isattyr.o)
                0x0800de84                _isatty_r
 .text._sbrk_r  0x0800dea4       0x20 /home/frank/st/stm32cubeide_1.14.0/plugins/com.st.stm32cube.ide.mcu.externaltools.gnu-tools-for-stm32.12.3.rel1.linux64_1.0.100.202403111256/tools/bin/../lib/gcc/arm-none-eabi/12.3.1/../../../../arm-none-eabi/lib/thumb/v7e-m+fp/hard/libc_nano.a(libc_a-sbrkr.o)
                0x0800dea4                _sbrk_r
 .text._realloc_r
                0x0800dec4       0x5c /home/frank/st/stm32cubeide_1.14.0/plugins/com.st.stm32cube.ide.mcu.externaltools.gnu-tools-for-stm32.12.3.rel1.linux64_1.0.100.202403111256/tools/bin/../lib/gcc/arm-none-eabi/12.3.1/../../../../arm-none-eabi/lib/thumb/v7e-m+fp/hard/libc_nano.a(libc_a-reallocr.o)
                0x0800dec4                _realloc_r
 .text._malloc_usable_size_r
                0x0800df20       0x10 /home/frank/st/stm32cubeide_1.14.0/plugins/com.st.stm32cube.ide.mcu.externaltools.gnu-tools-for-stm32.12.3.rel1.linux64_1.0.100.202403111256/tools/bin/../lib/gcc/arm-none-eabi/12.3.1/../../../../arm-none-eabi/lib/thumb/v7e-m+fp/hard/libc_nano.a(libc_a-msizer.o)
                0x0800df20                _malloc_usable_size_r
 .text.roundf   0x0800df30       0x48 /home/frank/st/stm32cubeide_1.14.0/plugins/com.st.stm32cube.ide.mcu.externaltools.gnu-tools-for-stm32.12.3.rel1.linux64_1.0.100.202403111256/tools/bin/../lib/gcc/arm-none-eabi/12.3.1/../../../../arm-none-eabi/lib/thumb/v7e-m+fp/hard/libm.a(libm_a-sf_round.o)
                0x0800df30                roundf
 .text._sbrk    0x0800df78       0x1c /home/frank/st/stm32cubeide_1.14.0/plugins/com.st.stm32cube.ide.mcu.externaltools.gnu-tools-for-stm32.12.3.rel1.linux64_1.0.100.202403111256/tools/bin/../lib/gcc/arm-none-eabi/12.3.1/../../../../arm-none-eabi/lib/thumb/v7e-m+fp/hard/libnosys.a(sbrk.o)
                0x0800df78                _sbrk
 *(.glue_7)
 .glue_7        0x0800df94        0x0 linker stubs
 *(.glue_7t)
 .glue_7t       0x0800df94        0x0 linker stubs
 *(.eh_frame)
 .eh_frame      0x0800df94        0x0 /home/frank/st/stm32cubeide_1.14.0/plugins/com.st.stm32cube.ide.mcu.externaltools.gnu-tools-for-stm32.12.3.rel1.linux64_1.0.100.202403111256/tools/bin/../lib/gcc/arm-none-eabi/12.3.1/thumb/v7e-m+fp/hard/crtbegin.o
 *(.init)
 .init          0x0800df94        0x4 /home/frank/st/stm32cubeide_1.14.0/plugins/com.st.stm32cube.ide.mcu.externaltools.gnu-tools-for-stm32.12.3.rel1.linux64_1.0.100.202403111256/tools/bin/../lib/gcc/arm-none-eabi/12.3.1/thumb/v7e-m+fp/hard/crti.o
                0x0800df94                _init
 .init          0x0800df98        0x8 /home/frank/st/stm32cubeide_1.14.0/plugins/com.st.stm32cube.ide.mcu.externaltools.gnu-tools-for-stm32.12.3.rel1.linux64_1.0.100.202403111256/tools/bin/../lib/gcc/arm-none-eabi/12.3.1/thumb/v7e-m+fp/hard/crtn.o
 *(.fini)
 .fini          0x0800dfa0        0x4 /home/frank/st/stm32cubeide_1.14.0/plugins/com.st.stm32cube.ide.mcu.externaltools.gnu-tools-for-stm32.12.3.rel1.linux64_1.0.100.202403111256/tools/bin/../lib/gcc/arm-none-eabi/12.3.1/thumb/v7e-m+fp/hard/crti.o
                0x0800dfa0                _fini
 .fini          0x0800dfa4        0x8 /home/frank/st/stm32cubeide_1.14.0/plugins/com.st.stm32cube.ide.mcu.externaltools.gnu-tools-for-stm32.12.3.rel1.linux64_1.0.100.202403111256/tools/bin/../lib/gcc/arm-none-eabi/12.3.1/thumb/v7e-m+fp/hard/crtn.o
                0x0800dfac                        . = ALIGN (0x4)
                0x0800dfac                        _etext = .

.vfp11_veneer   0x0800dfac        0x0
 .vfp11_veneer  0x0800dfac        0x0 linker stubs

.v4_bx          0x0800dfac        0x0
 .v4_bx         0x0800dfac        0x0 linker stubs

.iplt           0x0800dfac        0x0
 .iplt          0x0800dfac        0x0 /home/frank/st/stm32cubeide_1.14.0/plugins/com.st.stm32cube.ide.mcu.externaltools.gnu-tools-for-stm32.12.3.rel1.linux64_1.0.100.202403111256/tools/bin/../lib/gcc/arm-none-eabi/12.3.1/thumb/v7e-m+fp/hard/crtbegin.o

.rodata         0x0800dfac      0x590
                0x0800dfac                        . = ALIGN (0x4)
 *(.rodata)
 .rodata        0x0800dfac      0x41d ./Core/Src/main.o
 *fill*         0x0800e3c9        0x3 
 .rodata        0x0800e3cc       0x40 ./Core/Src/modbus.o
 .rodata        0x0800e40c        0x5 ./Middleware/FreeRTOS/tasks.o
 *fill*         0x0800e411        0x3 
 .rodata        0x0800e414        0xd ./Middleware/FreeRTOS/timers.o
 *fill*         0x0800e421        0x3 
 .rodata        0x0800e424       0x35 ./Middleware/SEGGER/Config/SEGGER_SYSVIEW_Config_FreeRTOS.o
 *fill*         0x0800e459        0x3 
 .rodata        0x0800e45c       0x58 ./Middleware/SEGGER/OS/SEGGER_SYSVIEW_FreeRTOS.o
 .rodata        0x0800e4b4       0x17 ./Middleware/SEGGER/SEGGER/SEGGER_RTT.o
 *fill*         0x0800e4cb        0x1 
 .rodata        0x0800e4cc        0x8 ./Middleware/SEGGER/SEGGER/SEGGER_SYSVIEW.o
 *(.rodata*)
 .rodata.AHBPrescTable
                0x0800e4d4       0x10 ./Core/Src/system_stm32f4xx.o
                0x0800e4d4                AHBPrescTable
 .rodata.APBPrescTable
                0x0800e4e4        0x8 ./Core/Src/system_stm32f4xx.o
                0x0800e4e4                APBPrescTable
 .rodata.flagBitshiftOffset.0
                0x0800e4ec        0x8 ./Drivers/STM32F4xx_HAL_Driver/stm32f4xx_hal_dma.o
 .rodata.SYSVIEW_X_OS_TraceAPI
                0x0800e4f4        0x8 ./Middleware/SEGGER/OS/SEGGER_SYSVIEW_FreeRTOS.o
                0x0800e4f4                SYSVIEW_X_OS_TraceAPI
 .rodata._abSync
                0x0800e4fc        0xa ./Middleware/SEGGER/SEGGER/SEGGER_SYSVIEW.o
 .rodata._svfprintf_r.str1.1
                0x0800e506       0x11 /home/frank/st/stm32cubeide_1.14.0/plugins/com.st.stm32cube.ide.mcu.externaltools.gnu-tools-for-stm32.12.3.rel1.linux64_1.0.100.202403111256/tools/bin/../lib/gcc/arm-none-eabi/12.3.1/../../../../arm-none-eabi/lib/thumb/v7e-m+fp/hard/libc_nano.a(libc_a-nano-svfprintf.o)
 .rodata._vfprintf_r.str1.1
                0x0800e517       0x11 /home/frank/st/stm32cubeide_1.14.0/plugins/com.st.stm32cube.ide.mcu.externaltools.gnu-tools-for-stm32.12.3.rel1.linux64_1.0.100.202403111256/tools/bin/../lib/gcc/arm-none-eabi/12.3.1/../../../../arm-none-eabi/lib/thumb/v7e-m+fp/hard/libc_nano.a(libc_a-nano-vfprintf.o)
 .rodata._printf_i.str1.1
                0x0800e517       0x22 /home/frank/st/stm32cubeide_1.14.0/plugins/com.st.stm32cube.ide.mcu.externaltools.gnu-tools-for-stm32.12.3.rel1.linux64_1.0.100.202403111256/tools/bin/../lib/gcc/arm-none-eabi/12.3.1/../../../../arm-none-eabi/lib/thumb/v7e-m+fp/hard/libc_nano.a(libc_a-nano-vfprintf_i.o)
                0x0800e53c                        . = ALIGN (0x4)
 *fill*         0x0800e539        0x3 

.ARM.extab      0x0800e53c        0x0
                0x0800e53c                        . = ALIGN (0x4)
 *(.ARM.extab* .gnu.linkonce.armextab.*)
                0x0800e53c                        . = ALIGN (0x4)

.ARM            0x0800e53c        0x8
                0x0800e53c                        . = ALIGN (0x4)
                0x0800e53c                        __exidx_start = .
 *(.ARM.exidx*)
 .ARM.exidx     0x0800e53c        0x8 /home/frank/st/stm32cubeide_1.14.0/plugins/com.st.stm32cube.ide.mcu.externaltools.gnu-tools-for-stm32.12.3.rel1.linux64_1.0.100.202403111256/tools/bin/../lib/gcc/arm-none-eabi/12.3.1/../../../../arm-none-eabi/lib/thumb/v7e-m+fp/hard/libc_nano.a(libc_a-strcmp.o)
 .ARM.exidx     0x0800e544        0x0 /home/frank/st/stm32cubeide_1.14.0/plugins/com.st.stm32cube.ide.mcu.externaltools.gnu-tools-for-stm32.12.3.rel1.linux64_1.0.100.202403111256/tools/bin/../lib/gcc/arm-none-eabi/12.3.1/../../../../arm-none-eabi/lib/thumb/v7e-m+fp/hard/libc_nano.a(libc_a-strlen.o)
                                  0x8 (size before relaxing)
 .ARM.exidx     0x0800e544        0x0 /home/frank/st/stm32cubeide_1.14.0/plugins/com.st.stm32cube.ide.mcu.externaltools.gnu-tools-for-stm32.12.3.rel1.linux64_1.0.100.202403111256/tools/bin/../lib/gcc/arm-none-eabi/12.3.1/../../../../arm-none-eabi/lib/thumb/v7e-m+fp/hard/libc_nano.a(libc_a-memchr.o)
                                  0x8 (size before relaxing)
 .ARM.exidx     0x0800e544        0x0 /home/frank/st/stm32cubeide_1.14.0/plugins/com.st.stm32cube.ide.mcu.externaltools.gnu-tools-for-stm32.12.3.rel1.linux64_1.0.100.202403111256/tools/bin/../lib/gcc/arm-none-eabi/12.3.1/thumb/v7e-m+fp/hard/libgcc.a(_udivmoddi4.o)
                                  0x8 (size before relaxing)
                0x0800e544                        __exidx_end = .
                0x0800e544                        . = ALIGN (0x4)

.rel.dyn        0x0800e544        0x0
 .rel.iplt      0x0800e544        0x0 /home/frank/st/stm32cubeide_1.14.0/plugins/com.st.stm32cube.ide.mcu.externaltools.gnu-tools-for-stm32.12.3.rel1.linux64_1.0.100.202403111256/tools/bin/../lib/gcc/arm-none-eabi/12.3.1/thumb/v7e-m+fp/hard/crtbegin.o

.preinit_array  0x0800e544        0x0
                0x0800e544                        . = ALIGN (0x4)
                0x0800e544                        PROVIDE (__preinit_array_start = .)
 *(.preinit_array*)
                0x0800e544                        PROVIDE (__preinit_array_end = .)
                0x0800e544                        . = ALIGN (0x4)

.init_array     0x0800e544        0x4
                0x0800e544                        . = ALIGN (0x4)
                0x0800e544                        PROVIDE (__init_array_start = .)
 *(SORT_BY_NAME(.init_array.*))
 *(.init_array*)
 .init_array    0x0800e544        0x4 /home/frank/st/stm32cubeide_1.14.0/plugins/com.st.stm32cube.ide.mcu.externaltools.gnu-tools-for-stm32.12.3.rel1.linux64_1.0.100.202403111256/tools/bin/../lib/gcc/arm-none-eabi/12.3.1/thumb/v7e-m+fp/hard/crtbegin.o
                0x0800e548                        PROVIDE (__init_array_end = .)
                0x0800e548                        . = ALIGN (0x4)

.fini_array     0x0800e548        0x4
                0x0800e548                        . = ALIGN (0x4)
                [!provide]                        PROVIDE (__fini_array_start = .)
 *(SORT_BY_NAME(.fini_array.*))
 *(.fini_array*)
 .fini_array    0x0800e548        0x4 /home/frank/st/stm32cubeide_1.14.0/plugins/com.st.stm32cube.ide.mcu.externaltools.gnu-tools-for-stm32.12.3.rel1.linux64_1.0.100.202403111256/tools/bin/../lib/gcc/arm-none-eabi/12.3.1/thumb/v7e-m+fp/hard/crtbegin.o
                [!provide]                        PROVIDE (__fini_array_end = .)
                0x0800e54c                        . = ALIGN (0x4)
                0x0800e54c                        _sidata = LOADADDR (.data)

.data           0x20000000      0x110 load address 0x0800e54c
                0x20000000                        . = ALIGN (0x4)
                0x20000000                        _sdata = .
 *(.data)
 *(.data*)
 .data.gWIZNETINFO
                0x20000000       0x17 ./Core/Src/main.o
                0x20000000                gWIZNETINFO
 *fill*         0x20000017        0x1 
 .data.ocv_simple
                0x20000018       0x2c ./Core/Src/main.o
                0x20000018                ocv_simple
 .data.soc_simple
                0x20000044       0x2c ./Core/Src/main.o
                0x20000044                soc_simple
 .data.SystemCoreClock
                0x20000070        0x4 ./Core/Src/system_stm32f4xx.o
                0x20000070                SystemCoreClock
 .data.sock_any_port
                0x20000074        0x2 ./Core/Src/w5500/socket.o
 *fill*         0x20000076        0x2 
 .data.WIZCHIP  0x20000078       0x2c ./Core/Src/w5500/wizchip_conf.o
                0x20000078                WIZCHIP
 .data.uwTickPrio
                0x200000a4        0x4 ./Drivers/STM32F4xx_HAL_Driver/stm32f4xx_hal.o
                0x200000a4                uwTickPrio
 .data.uwTickFreq
                0x200000a8        0x1 ./Drivers/STM32F4xx_HAL_Driver/stm32f4xx_hal.o
                0x200000a8                uwTickFreq
 *fill*         0x200000a9        0x3 
 .data.uxTopUsedPriority
                0x200000ac        0x4 ./Middleware/FreeRTOS/tasks.o
                0x200000ac                uxTopUsedPriority
 .data.uxCriticalNesting
                0x200000b0        0x4 ./Middleware/FreeRTOS/portable/GCC/ARM_CM4F/port.o
 .data.__sglue  0x200000b4        0xc /home/frank/st/stm32cubeide_1.14.0/plugins/com.st.stm32cube.ide.mcu.externaltools.gnu-tools-for-stm32.12.3.rel1.linux64_1.0.100.202403111256/tools/bin/../lib/gcc/arm-none-eabi/12.3.1/../../../../arm-none-eabi/lib/thumb/v7e-m+fp/hard/libc_nano.a(libc_a-findfp.o)
                0x200000b4                __sglue
 .data._impure_ptr
                0x200000c0        0x4 /home/frank/st/stm32cubeide_1.14.0/plugins/com.st.stm32cube.ide.mcu.externaltools.gnu-tools-for-stm32.12.3.rel1.linux64_1.0.100.202403111256/tools/bin/../lib/gcc/arm-none-eabi/12.3.1/../../../../arm-none-eabi/lib/thumb/v7e-m+fp/hard/libc_nano.a(libc_a-impure.o)
                0x200000c0                _impure_ptr
 .data._impure_data
                0x200000c4       0x4c /home/frank/st/stm32cubeide_1.14.0/plugins/com.st.stm32cube.ide.mcu.externaltools.gnu-tools-for-stm32.12.3.rel1.linux64_1.0.100.202403111256/tools/bin/../lib/gcc/arm-none-eabi/12.3.1/../../../../arm-none-eabi/lib/thumb/v7e-m+fp/hard/libc_nano.a(libc_a-impure.o)
                0x200000c4                _impure_data
 *(.RamFunc)
 *(.RamFunc*)
                0x20000110                        . = ALIGN (0x4)
                0x20000110                        _edata = .

.igot.plt       0x20000110        0x0 load address 0x0800e65c
 .igot.plt      0x20000110        0x0 /home/frank/st/stm32cubeide_1.14.0/plugins/com.st.stm32cube.ide.mcu.externaltools.gnu-tools-for-stm32.12.3.rel1.linux64_1.0.100.202403111256/tools/bin/../lib/gcc/arm-none-eabi/12.3.1/thumb/v7e-m+fp/hard/crtbegin.o
                0x20000110                        . = ALIGN (0x4)

.bss            0x20000110    0x14a78 load address 0x0800e65c
                0x20000110                        _sbss = .
                0x20000110                        __bss_start__ = _sbss
 *(.bss)
 .bss           0x20000110       0x1c /home/frank/st/stm32cubeide_1.14.0/plugins/com.st.stm32cube.ide.mcu.externaltools.gnu-tools-for-stm32.12.3.rel1.linux64_1.0.100.202403111256/tools/bin/../lib/gcc/arm-none-eabi/12.3.1/thumb/v7e-m+fp/hard/crtbegin.o
 *(.bss*)
 .bss.msg       0x2000012c       0x3c ./Core/Src/main.o
                0x2000012c                msg
 .bss.hi2c1     0x20000168       0x54 ./Core/Src/main.o
                0x20000168                hi2c1
 .bss.hdma_i2c1_rx
                0x200001bc       0x60 ./Core/Src/main.o
                0x200001bc                hdma_i2c1_rx
 .bss.hdma_i2c1_tx
                0x2000021c       0x60 ./Core/Src/main.o
                0x2000021c                hdma_i2c1_tx
 .bss.hspi1     0x2000027c       0x58 ./Core/Src/main.o
                0x2000027c                hspi1
 .bss.htim10    0x200002d4       0x48 ./Core/Src/main.o
                0x200002d4                htim10
 .bss.huart1    0x2000031c       0x48 ./Core/Src/main.o
                0x2000031c                huart1
 .bss.huart2    0x20000364       0x48 ./Core/Src/main.o
                0x20000364                huart2
 .bss.TX_buffer
                0x200003ac       0x80 ./Core/Src/main.o
                0x200003ac                TX_buffer
 .bss.RX_buffer
                0x2000042c       0x80 ./Core/Src/main.o
                0x2000042c                RX_buffer
 .bss.holding_register
                0x200004ac       0x80 ./Core/Src/main.o
                0x200004ac                holding_register
 .bss.modbus_task_handle
                0x2000052c        0x4 ./Core/Src/main.o
                0x2000052c                modbus_task_handle
 .bss.task1_handle
                0x20000530        0x4 ./Core/Src/main.o
                0x20000530                task1_handle
 .bss.readVoltage_handle
                0x20000534        0x4 ./Core/Src/main.o
                0x20000534                readVoltage_handle
 .bss.status    0x20000538        0x4 ./Core/Src/main.o
                0x20000538                status
 .bss.RX_data   0x2000053c        0x2 ./Core/Src/main.o
                0x2000053c                RX_data
 *fill*         0x2000053e        0x2 
 .bss.RX_32Byte
                0x20000540       0x20 ./Core/Src/main.o
                0x20000540                RX_32Byte
 .bss.CellVoltage
                0x20000560       0x20 ./Core/Src/main.o
                0x20000560                CellVoltage
 .bss.Temperature
                0x20000580        0xc ./Core/Src/main.o
                0x20000580                Temperature
 .bss.Stack_Voltage
                0x2000058c        0x2 ./Core/Src/main.o
                0x2000058c                Stack_Voltage
 .bss.Pack_Voltage
                0x2000058e        0x2 ./Core/Src/main.o
                0x2000058e                Pack_Voltage
 .bss.LD_Voltage
                0x20000590        0x2 ./Core/Src/main.o
                0x20000590                LD_Voltage
 .bss.Pack_Current
                0x20000592        0x2 ./Core/Src/main.o
                0x20000592                Pack_Current
 .bss.AlarmBits
                0x20000594        0x2 ./Core/Src/main.o
                0x20000594                AlarmBits
 *fill*         0x20000596        0x2 
 .bss.AccumulatedCharge_Int
                0x20000598        0x4 ./Core/Src/main.o
                0x20000598                AccumulatedCharge_Int
 .bss.AccumulatedCharge_Frac
                0x2000059c        0x4 ./Core/Src/main.o
                0x2000059c                AccumulatedCharge_Frac
 .bss.AccumulatedCharge_Time
                0x200005a0        0x4 ./Core/Src/main.o
                0x200005a0                AccumulatedCharge_Time
 .bss.error_flag
                0x200005a4        0x1 ./Core/Src/modbus.o
                0x200005a4                error_flag
 .bss.low_byte  0x200005a5        0x1 ./Core/Src/modbus.o
                0x200005a5                low_byte
 .bss.high_byte
                0x200005a6        0x1 ./Core/Src/modbus.o
                0x200005a6                high_byte
 *fill*         0x200005a7        0x1 
 .bss.htim6     0x200005a8       0x48 ./Core/Src/stm32f4xx_hal_timebase_tim.o
                0x200005a8                htim6
 .bss.sock_io_mode
                0x200005f0        0x2 ./Core/Src/w5500/socket.o
 .bss.sock_is_sending
                0x200005f2        0x2 ./Core/Src/w5500/socket.o