Archive member included to satisfy reference by file (symbol)

/home/frank/st/stm32cubeide_1.14.0/plugins/com.st.stm32cube.ide.mcu.externaltools.gnu-tools-for-stm32.11.3.rel1.linux64_1.1.100.202309141235/tools/bin/../lib/gcc/arm-none-eabi/11.3.1/../../../../arm-none-eabi/lib/thumb/v7e-m+fp/hard/libc_nano.a(libc_a-exit.o)
                              /home/frank/st/stm32cubeide_1.14.0/plugins/com.st.stm32cube.ide.mcu.externaltools.gnu-tools-for-stm32.11.3.rel1.linux64_1.1.100.202309141235/tools/bin/../lib/gcc/arm-none-eabi/11.3.1/../../../../arm-none-eabi/lib/thumb/v7e-m+fp/hard/crt0.o (exit)
/home/frank/st/stm32cubeide_1.14.0/plugins/com.st.stm32cube.ide.mcu.externaltools.gnu-tools-for-stm32.11.3.rel1.linux64_1.1.100.202309141235/tools/bin/../lib/gcc/arm-none-eabi/11.3.1/../../../../arm-none-eabi/lib/thumb/v7e-m+fp/hard/libc_nano.a(libc_a-findfp.o)
                              /home/frank/st/stm32cubeide_1.14.0/plugins/com.st.stm32cube.ide.mcu.externaltools.gnu-tools-for-stm32.11.3.rel1.linux64_1.1.100.202309141235/tools/bin/../lib/gcc/arm-none-eabi/11.3.1/../../../../arm-none-eabi/lib/thumb/v7e-m+fp/hard/libc_nano.a(libc_a-exit.o) (__stdio_exit_handler)
/home/frank/st/stm32cubeide_1.14.0/plugins/com.st.stm32cube.ide.mcu.externaltools.gnu-tools-for-stm32.11.3.rel1.linux64_1.1.100.202309141235/tools/bin/../lib/gcc/arm-none-eabi/11.3.1/../../../../arm-none-eabi/lib/thumb/v7e-m+fp/hard/libc_nano.a(libc_a-fwalk.o)
                              /home/frank/st/stm32cubeide_1.14.0/plugins/com.st.stm32cube.ide.mcu.externaltools.gnu-tools-for-stm32.11.3.rel1.linux64_1.1.100.202309141235/tools/bin/../lib/gcc/arm-none-eabi/11.3.1/../../../../arm-none-eabi/lib/thumb/v7e-m+fp/hard/libc_nano.a(libc_a-findfp.o) (_fwalk_sglue)
/home/frank/st/stm32cubeide_1.14.0/plugins/com.st.stm32cube.ide.mcu.externaltools.gnu-tools-for-stm32.11.3.rel1.linux64_1.1.100.202309141235/tools/bin/../lib/gcc/arm-none-eabi/11.3.1/../../../../arm-none-eabi/lib/thumb/v7e-m+fp/hard/libc_nano.a(libc_a-printf.o)
                              ./Core/Src/main.o (printf)
/home/frank/st/stm32cubeide_1.14.0/plugins/com.st.stm32cube.ide.mcu.externaltools.gnu-tools-for-stm32.11.3.rel1.linux64_1.1.100.202309141235/tools/bin/../lib/gcc/arm-none-eabi/11.3.1/../../../../arm-none-eabi/lib/thumb/v7e-m+fp/hard/libc_nano.a(libc_a-puts.o)
                              ./Core/Src/main.o (puts)
/home/frank/st/stm32cubeide_1.14.0/plugins/com.st.stm32cube.ide.mcu.externaltools.gnu-tools-for-stm32.11.3.rel1.linux64_1.1.100.202309141235/tools/bin/../lib/gcc/arm-none-eabi/11.3.1/../../../../arm-none-eabi/lib/thumb/v7e-m+fp/hard/libc_nano.a(libc_a-sprintf.o)
                              ./Core/Src/main.o (sprintf)
/home/frank/st/stm32cubeide_1.14.0/plugins/com.st.stm32cube.ide.mcu.externaltools.gnu-tools-for-stm32.11.3.rel1.linux64_1.1.100.202309141235/tools/bin/../lib/gcc/arm-none-eabi/11.3.1/../../../../arm-none-eabi/lib/thumb/v7e-m+fp/hard/libc_nano.a(libc_a-stdio.o)
                              /home/frank/st/stm32cubeide_1.14.0/plugins/com.st.stm32cube.ide.mcu.externaltools.gnu-tools-for-stm32.11.3.rel1.linux64_1.1.100.202309141235/tools/bin/../lib/gcc/arm-none-eabi/11.3.1/../../../../arm-none-eabi/lib/thumb/v7e-m+fp/hard/libc_nano.a(libc_a-findfp.o) (__sread)
/home/frank/st/stm32cubeide_1.14.0/plugins/com.st.stm32cube.ide.mcu.externaltools.gnu-tools-for-stm32.11.3.rel1.linux64_1.1.100.202309141235/tools/bin/../lib/gcc/arm-none-eabi/11.3.1/../../../../arm-none-eabi/lib/thumb/v7e-m+fp/hard/libc_nano.a(libc_a-wbuf.o)
                              /home/frank/st/stm32cubeide_1.14.0/plugins/com.st.stm32cube.ide.mcu.externaltools.gnu-tools-for-stm32.11.3.rel1.linux64_1.1.100.202309141235/tools/bin/../lib/gcc/arm-none-eabi/11.3.1/../../../../arm-none-eabi/lib/thumb/v7e-m+fp/hard/libc_nano.a(libc_a-puts.o) (__swbuf_r)
/home/frank/st/stm32cubeide_1.14.0/plugins/com.st.stm32cube.ide.mcu.externaltools.gnu-tools-for-stm32.11.3.rel1.linux64_1.1.100.202309141235/tools/bin/../lib/gcc/arm-none-eabi/11.3.1/../../../../arm-none-eabi/lib/thumb/v7e-m+fp/hard/libc_nano.a(libc_a-wsetup.o)
                              /home/frank/st/stm32cubeide_1.14.0/plugins/com.st.stm32cube.ide.mcu.externaltools.gnu-tools-for-stm32.11.3.rel1.linux64_1.1.100.202309141235/tools/bin/../lib/gcc/arm-none-eabi/11.3.1/../../../../arm-none-eabi/lib/thumb/v7e-m+fp/hard/libc_nano.a(libc_a-puts.o) (__swsetup_r)
/home/frank/st/stm32cubeide_1.14.0/plugins/com.st.stm32cube.ide.mcu.externaltools.gnu-tools-for-stm32.11.3.rel1.linux64_1.1.100.202309141235/tools/bin/../lib/gcc/arm-none-eabi/11.3.1/../../../../arm-none-eabi/lib/thumb/v7e-m+fp/hard/libc_nano.a(libc_a-memset.o)
                              /home/frank/st/stm32cubeide_1.14.0/plugins/com.st.stm32cube.ide.mcu.externaltools.gnu-tools-for-stm32.11.3.rel1.linux64_1.1.100.202309141235/tools/bin/../lib/gcc/arm-none-eabi/11.3.1/../../../../arm-none-eabi/lib/thumb/v7e-m+fp/hard/crt0.o (memset)
[...]
Memory Configuration

Name             Origin             Length             Attributes
RAM              0x0000000020000000 0x0000000000020000 xrw
FLASH            0x0000000008000000 0x0000000000080000 xr
*default*        0x0000000000000000 0xffffffffffffffff

Linker script and memory map

LOAD /home/frank/st/stm32cubeide_1.14.0/plugins/com.st.stm32cube.ide.mcu.externaltools.gnu-tools-for-stm32.11.3.rel1.linux64_1.1.100.202309141235/tools/bin/../lib/gcc/arm-none-eabi/11.3.1/thumb/v7e-m+fp/hard/crti.o
LOAD /home/frank/st/stm32cubeide_1.14.0/plugins/com.st.stm32cube.ide.mcu.externaltools.gnu-tools-for-stm32.11.3.rel1.linux64_1.1.100.202309141235/tools/bin/../lib/gcc/arm-none-eabi/11.3.1/thumb/v7e-m+fp/hard/crtbegin.o
LOAD /home/frank/st/stm32cubeide_1.14.0/plugins/com.st.stm32cube.ide.mcu.externaltools.gnu-tools-for-stm32.11.3.rel1.linux64_1.1.100.202309141235/tools/bin/../lib/gcc/arm-none-eabi/11.3.1/../../../../arm-none-eabi/lib/thumb/v7e-m+fp/hard/crt0.o
LOAD ./Core/Src/delay.o
LOAD ./Core/Src/main.o
LOAD ./Core/Src/modbus.o
LOAD ./Core/Src/stm32f4xx_hal_msp.o
LOAD ./Core/Src/stm32f4xx_hal_timebase_tim.o
LOAD ./Core/Src/stm32f4xx_it.o
LOAD ./Core/Src/syscalls.o
LOAD ./Core/Src/system_stm32f4xx.o
LOAD ./Core/Src/w5500/W5500/w5500.o
LOAD ./Core/Src/w5500/socket.o
LOAD ./Core/Src/w5500/wizchip_conf.o
LOAD ./Core/Startup/startup_stm32f446retx.o
LOAD ./Drivers/STM32F4xx_HAL_Driver/stm32f4xx_hal.o
LOAD ./Drivers/STM32F4xx_HAL_Driver/stm32f4xx_hal_cortex.o
LOAD ./Drivers/STM32F4xx_HAL_Driver/stm32f4xx_hal_dma.o
LOAD ./Drivers/STM32F4xx_HAL_Driver/stm32f4xx_hal_dma_ex.o
LOAD ./Drivers/STM32F4xx_HAL_Driver/stm32f4xx_hal_exti.o
LOAD ./Drivers/STM32F4xx_HAL_Driver/stm32f4xx_hal_flash.o
LOAD ./Drivers/STM32F4xx_HAL_Driver/stm32f4xx_hal_flash_ex.o
LOAD ./Drivers/STM32F4xx_HAL_Driver/stm32f4xx_hal_flash_ramfunc.o
LOAD ./Drivers/STM32F4xx_HAL_Driver/stm32f4xx_hal_gpio.o
LOAD ./Drivers/STM32F4xx_HAL_Driver/stm32f4xx_hal_pwr.o
LOAD ./Drivers/STM32F4xx_HAL_Driver/stm32f4xx_hal_pwr_ex.o
LOAD ./Drivers/STM32F4xx_HAL_Driver/stm32f4xx_hal_rcc.o
LOAD ./Drivers/STM32F4xx_HAL_Driver/stm32f4xx_hal_rcc_ex.o
LOAD ./Drivers/STM32F4xx_HAL_Driver/stm32f4xx_hal_spi.o
LOAD ./Drivers/STM32F4xx_HAL_Driver/stm32f4xx_hal_tim.o
LOAD ./Drivers/STM32F4xx_HAL_Driver/stm32f4xx_hal_tim_ex.o
LOAD ./Drivers/STM32F4xx_HAL_Driver/stm32f4xx_hal_uart.o
LOAD ./Middleware/FreeRTOS/croutine.o
LOAD ./Middleware/FreeRTOS/event_groups.o
LOAD ./Middleware/FreeRTOS/list.o
LOAD ./Middleware/FreeRTOS/queue.o
LOAD ./Middleware/FreeRTOS/stream_buffer.o
LOAD ./Middleware/FreeRTOS/tasks.o
LOAD ./Middleware/FreeRTOS/timers.o
LOAD ./Middleware/FreeRTOS/portable/GCC/ARM_CM4F/port.o
LOAD ./Middleware/FreeRTOS/portable/MemMang/heap_4.o
START GROUP
LOAD /home/frank/st/stm32cubeide_1.14.0/plugins/com.st.stm32cube.ide.mcu.externaltools.gnu-tools-for-stm32.11.3.rel1.linux64_1.1.100.202309141235/tools/bin/../lib/gcc/arm-none-eabi/11.3.1/../../../../arm-none-eabi/lib/thumb/v7e-m+fp/hard/libc_nano.a
LOAD /home/frank/st/stm32cubeide_1.14.0/plugins/com.st.stm32cube.ide.mcu.externaltools.gnu-tools-for-stm32.11.3.rel1.linux64_1.1.100.202309141235/tools/bin/../lib/gcc/arm-none-eabi/11.3.1/../../../../arm-none-eabi/lib/thumb/v7e-m+fp/hard/libm.a
END GROUP
START GROUP
LOAD /home/frank/st/stm32cubeide_1.14.0/plugins/com.st.stm32cube.ide.mcu.externaltools.gnu-tools-for-stm32.11.3.rel1.linux64_1.1.100.202309141235/tools/bin/../lib/gcc/arm-none-eabi/11.3.1/thumb/v7e-m+fp/hard/libgcc.a
LOAD /home/frank/st/stm32cubeide_1.14.0/plugins/com.st.stm32cube.ide.mcu.externaltools.gnu-tools-for-stm32.11.3.rel1.linux64_1.1.100.202309141235/tools/bin/../lib/gcc/arm-none-eabi/11.3.1/../../../../arm-none-eabi/lib/thumb/v7e-m+fp/hard/libc_nano.a
END GROUP
START GROUP
LOAD /home/frank/st/stm32cubeide_1.14.0/plugins/com.st.stm32cube.ide.mcu.externaltools.gnu-tools-for-stm32.11.3.rel1.linux64_1.1.100.202309141235/tools/bin/../lib/gcc/arm-none-eabi/11.3.1/thumb/v7e-m+fp/hard/libgcc.a
LOAD /home/frank/st/stm32cubeide_1.14.0/plugins/com.st.stm32cube.ide.mcu.externaltools.gnu-tools-for-stm32.11.3.rel1.linux64_1.1.100.202309141235/tools/bin/../lib/gcc/arm-none-eabi/11.3.1/../../../../arm-none-eabi/lib/thumb/v7e-m+fp/hard/libc_nano.a
LOAD /home/frank/st/stm32cubeide_1.14.0/plugins/com.st.stm32cube.ide.mcu.externaltools.gnu-tools-for-stm32.11.3.rel1.linux64_1.1.100.202309141235/tools/bin/../lib/gcc/arm-none-eabi/11.3.1/../../../../arm-none-eabi/lib/thumb/v7e-m+fp/hard/libnosys.a
END GROUP
START GROUP
LOAD /home/frank/st/stm32cubeide_1.14.0/plugins/com.st.stm32cube.ide.mcu.externaltools.gnu-tools-for-stm32.11.3.rel1.linux64_1.1.100.202309141235/tools/bin/../lib/gcc/arm-none-eabi/11.3.1/thumb/v7e-m+fp/hard/libgcc.a
LOAD /home/frank/st/stm32cubeide_1.14.0/plugins/com.st.stm32cube.ide.mcu.externaltools.gnu-tools-for-stm32.11.3.rel1.linux64_1.1.100.202309141235/tools/bin/../lib/gcc/arm-none-eabi/11.3.1/../../../../arm-none-eabi/lib/thumb/v7e-m+fp/hard/libc_nano.a
LOAD /home/frank/st/stm32cubeide_1.14.0/plugins/com.st.stm32cube.ide.mcu.externaltools.gnu-tools-for-stm32.11.3.rel1.linux64_1.1.100.202309141235/tools/bin/../lib/gcc/arm-none-eabi/11.3.1/../../../../arm-none-eabi/lib/thumb/v7e-m+fp/hard/libnosys.a
END GROUP
LOAD /home/frank/st/stm32cubeide_1.14.0/plugins/com.st.stm32cube.ide.mcu.externaltools.gnu-tools-for-stm32.11.3.rel1.linux64_1.1.100.202309141235/tools/bin/../lib/gcc/arm-none-eabi/11.3.1/thumb/v7e-m+fp/hard/crtend.o
LOAD /home/frank/st/stm32cubeide_1.14.0/plugins/com.st.stm32cube.ide.mcu.externaltools.gnu-tools-for-stm32.11.3.rel1.linux64_1.1.100.202309141235/tools/bin/../lib/gcc/arm-none-eabi/11.3.1/thumb/v7e-m+fp/hard/crtn.o
                0x0000000020020000                _estack = (ORIGIN (RAM) + LENGTH (RAM))
                0x0000000000000200                _Min_Heap_Size = 0x200
                0x0000000000000400                _Min_Stack_Size = 0x400

.isr_vector     0x0000000008000000      0x1c4
                0x0000000008000000                . = ALIGN (0x4)
 *(.isr_vector)
 .isr_vector    0x0000000008000000      0x1c4 ./Core/Startup/startup_stm32f446retx.o
                0x0000000008000000                g_pfnVectors
                0x00000000080001c4                . = ALIGN (0x4)

.text           0x00000000080001d0     0x8dd4
                0x00000000080001d0                . = ALIGN (0x4)
 *(.text)
 .text          0x00000000080001d0       0x40 /home/frank/st/stm32cubeide_1.14.0/plugins/com.st.stm32cube.ide.mcu.externaltools.gnu-tools-for-stm32.11.3.rel1.linux64_1.1.100.202309141235/tools/bin/../lib/gcc/arm-none-eabi/11.3.1/thumb/v7e-m+fp/hard/crtbegin.o
 .text          0x0000000008000210       0x14 /home/frank/st/stm32cubeide_1.14.0/plugins/com.st.stm32cube.ide.mcu.externaltools.gnu-tools-for-stm32.11.3.rel1.linux64_1.1.100.202309141235/tools/bin/../lib/gcc/arm-none-eabi/11.3.1/../../../../arm-none-eabi/lib/thumb/v7e-m+fp/hard/libc_nano.a(libc_a-strcmp.o)
                0x0000000008000210                strcmp
 .text          0x0000000008000224       0x10 /home/frank/st/stm32cubeide_1.14.0/plugins/com.st.stm32cube.ide.mcu.externaltools.gnu-tools-for-stm32.11.3.rel1.linux64_1.1.100.202309141235/tools/bin/../lib/gcc/arm-none-eabi/11.3.1/../../../../arm-none-eabi/lib/thumb/v7e-m+fp/hard/libc_nano.a(libc_a-strlen.o)
                0x0000000008000224                strlen
 *fill*         0x0000000008000234        0xc 
 .text          0x0000000008000240       0xa0 /home/frank/st/stm32cubeide_1.14.0/plugins/com.st.stm32cube.ide.mcu.externaltools.gnu-tools-for-stm32.11.3.rel1.linux64_1.1.100.202309141235/tools/bin/../lib/gcc/arm-none-eabi/11.3.1/../../../../arm-none-eabi/lib/thumb/v7e-m+fp/hard/libc_nano.a(libc_a-memchr.o)
                0x0000000008000240                memchr
 .text          0x00000000080002e0       0x30 /home/frank/st/stm32cubeide_1.14.0/plugins/com.st.stm32cube.ide.mcu.externaltools.gnu-tools-for-stm32.11.3.rel1.linux64_1.1.100.202309141235/tools/bin/../lib/gcc/arm-none-eabi/11.3.1/thumb/v7e-m+fp/hard/libgcc.a(_aeabi_uldivmod.o)
                0x00000000080002e0                __aeabi_uldivmod
 .text          0x0000000008000310      0x2c8 /home/frank/st/stm32cubeide_1.14.0/plugins/com.st.stm32cube.ide.mcu.externaltools.gnu-tools-for-stm32.11.3.rel1.linux64_1.1.100.202309141235/tools/bin/../lib/gcc/arm-none-eabi/11.3.1/thumb/v7e-m+fp/hard/libgcc.a(_udivmoddi4.o)
                0x0000000008000310                __udivmoddi4
 .text          0x00000000080005d8        0x4 /home/frank/st/stm32cubeide_1.14.0/plugins/com.st.stm32cube.ide.mcu.externaltools.gnu-tools-for-stm32.11.3.rel1.linux64_1.1.100.202309141235/tools/bin/../lib/gcc/arm-none-eabi/11.3.1/thumb/v7e-m+fp/hard/libgcc.a(_dvmd_tls.o)
                0x00000000080005d8                __aeabi_ldiv0
                0x00000000080005d8                __aeabi_idiv0
 *(.text*)
 .text.main     0x00000000080005dc      0x3c0 ./Core/Src/main.o
                0x00000000080005dc                main
 .text.SystemClock_Config
                0x000000000800099c       0xe4 ./Core/Src/main.o
                0x000000000800099c                SystemClock_Config
 .text.MX_SPI1_Init
                0x0000000008000a80       0x6c ./Core/Src/main.o
 .text.MX_USART1_UART_Init
                0x0000000008000aec       0x54 ./Core/Src/main.o
 .text.MX_GPIO_Init
                0x0000000008000b40      0x10c ./Core/Src/main.o
 .text.task1_handler
                0x0000000008000c4c       0x20 ./Core/Src/main.o
 .text.W5500_rxtx
                0x0000000008000c6c       0x2c ./Core/Src/main.o
                0x0000000008000c6c                W5500_rxtx
 .text.wizchip_select
                0x0000000008000c98       0x18 ./Core/Src/main.o
                0x0000000008000c98                wizchip_select
 .text.wizchip_deselect
                0x0000000008000cb0       0x18 ./Core/Src/main.o
                0x0000000008000cb0                wizchip_deselect
 .text.wizchip_write
                0x0000000008000cc8       0x1a ./Core/Src/main.o
                0x0000000008000cc8                wizchip_write
 .text.wizchip_read
                0x0000000008000ce2       0x10 ./Core/Src/main.o
                0x0000000008000ce2                wizchip_read
 *fill*         0x0000000008000cf2        0x2 
 .text.network_init
                0x0000000008000cf4       0x24 ./Core/Src/main.o
                0x0000000008000cf4                network_init
 .text.UWriteData
                0x0000000008000d18       0x34 ./Core/Src/main.o
                0x0000000008000d18                UWriteData
 .text.__io_putchar
                0x0000000008000d4c       0x1c ./Core/Src/main.o
                0x0000000008000d4c                __io_putchar
 .text.PHYStatusCheck
                0x0000000008000d68       0x58 ./Core/Src/main.o
                0x0000000008000d68                PHYStatusCheck
 .text.PrintPHYConf
                0x0000000008000dc0       0x88 ./Core/Src/main.o
                0x0000000008000dc0                PrintPHYConf
 .text.HAL_TIM_PeriodElapsedCallback
                0x0000000008000e48       0x24 ./Core/Src/main.o
                0x0000000008000e48                HAL_TIM_PeriodElapsedCallback
 .text.Error_Handler
                0x0000000008000e6c        0xa ./Core/Src/main.o
                0x0000000008000e6c                Error_Handler
 .text.get_HB_LB
                0x0000000008000e76       0x2e ./Core/Src/modbus.o
                0x0000000008000e76                get_HB_LB
 .text.make_word
                0x0000000008000ea4       0x36 ./Core/Src/modbus.o
                0x0000000008000ea4                make_word
 *fill*         0x0000000008000eda        0x2 
 .text.modbus_receive
                0x0000000008000edc      0x2f4 ./Core/Src/modbus.o
                0x0000000008000edc                modbus_receive
 .text.HAL_MspInit
                0x00000000080011d0       0x50 ./Core/Src/stm32f4xx_hal_msp.o
                0x00000000080011d0                HAL_MspInit
 .text.HAL_SPI_MspInit
                0x0000000008001220       0x90 ./Core/Src/stm32f4xx_hal_msp.o
                0x0000000008001220                HAL_SPI_MspInit
 .text.HAL_UART_MspInit
                0x00000000080012b0       0x90 ./Core/Src/stm32f4xx_hal_msp.o
                0x00000000080012b0                HAL_UART_MspInit
 .text.HAL_InitTick
                0x0000000008001340       0xf8 ./Core/Src/stm32f4xx_hal_timebase_tim.o
                0x0000000008001340                HAL_InitTick
 .text.NMI_Handler
                0x0000000008001438        0x6 ./Core/Src/stm32f4xx_it.o
                0x0000000008001438                NMI_Handler
 .text.HardFault_Handler
                0x000000000800143e        0x6 ./Core/Src/stm32f4xx_it.o
                0x000000000800143e                HardFault_Handler
 .text.MemManage_Handler
                0x0000000008001444        0x6 ./Core/Src/stm32f4xx_it.o
                0x0000000008001444                MemManage_Handler
 .text.BusFault_Handler
                0x000000000800144a        0x6 ./Core/Src/stm32f4xx_it.o
                0x000000000800144a                BusFault_Handler
 .text.UsageFault_Handler
                0x0000000008001450        0x6 ./Core/Src/stm32f4xx_it.o
                0x0000000008001450                UsageFault_Handler
 .text.DebugMon_Handler
                0x0000000008001456        0xe ./Core/Src/stm32f4xx_it.o
                0x0000000008001456                DebugMon_Handler
 .text.TIM6_DAC_IRQHandler
                0x0000000008001464       0x14 ./Core/Src/stm32f4xx_it.o
                0x0000000008001464                TIM6_DAC_IRQHandler
 .text._read    0x0000000008001478       0x3a ./Core/Src/syscalls.o
                0x0000000008001478                _read
 .text._write   0x00000000080014b2       0x38 ./Core/Src/syscalls.o
                0x00000000080014b2                _write
 .text._close   0x00000000080014ea       0x18 ./Core/Src/syscalls.o
                0x00000000080014ea                _close
 .text._fstat   0x0000000008001502       0x20 ./Core/Src/syscalls.o
                0x0000000008001502                _fstat
 .text._isatty  0x0000000008001522       0x16 ./Core/Src/syscalls.o
                0x0000000008001522                _isatty
 .text._lseek   0x0000000008001538       0x1a ./Core/Src/syscalls.o
                0x0000000008001538                _lseek
 *fill*         0x0000000008001552        0x2 
 .text.SystemInit
                0x0000000008001554       0x24 ./Core/Src/system_stm32f4xx.o
                0x0000000008001554                SystemInit
 .text.WIZCHIP_READ
                0x0000000008001578       0x98 ./Core/Src/w5500/W5500/w5500.o
                0x0000000008001578                WIZCHIP_READ
 .text.WIZCHIP_WRITE
                0x0000000008001610       0x9c ./Core/Src/w5500/W5500/w5500.o
                0x0000000008001610                WIZCHIP_WRITE
 .text.WIZCHIP_READ_BUF
                0x00000000080016ac       0xc0 ./Core/Src/w5500/W5500/w5500.o
                0x00000000080016ac                WIZCHIP_READ_BUF
 .text.WIZCHIP_WRITE_BUF
                0x000000000800176c       0xc0 ./Core/Src/w5500/W5500/w5500.o
                0x000000000800176c                WIZCHIP_WRITE_BUF
 .text.getSn_TX_FSR
                0x000000000800182c       0x96 ./Core/Src/w5500/W5500/w5500.o
                0x000000000800182c                getSn_TX_FSR
 .text.getSn_RX_RSR
                0x00000000080018c2       0x96 ./Core/Src/w5500/W5500/w5500.o
                0x00000000080018c2                getSn_RX_RSR
 .text.wiz_send_data
                0x0000000008001958       0xb8 ./Core/Src/w5500/W5500/w5500.o
                0x0000000008001958                wiz_send_data
 .text.wiz_recv_data
                0x0000000008001a10       0xb8 ./Core/Src/w5500/W5500/w5500.o
                0x0000000008001a10                wiz_recv_data
 .text.socket   0x0000000008001ac8      0x228 ./Core/Src/w5500/socket.o
                0x0000000008001ac8                socket
 .text.close    0x0000000008001cf0       0xdc ./Core/Src/w5500/socket.o
                0x0000000008001cf0                close
 .text.listen   0x0000000008001dcc       0xb2 ./Core/Src/w5500/socket.o
                0x0000000008001dcc                listen
 *fill*         0x0000000008001e7e        0x2 
 .text.disconnect
                0x0000000008001e80       0xec ./Core/Src/w5500/socket.o
                0x0000000008001e80                disconnect
 .text.send     0x0000000008001f6c      0x1f4 ./Core/Src/w5500/socket.o
                0x0000000008001f6c                send
 .text.recv     0x0000000008002160      0x16c ./Core/Src/w5500/socket.o
                0x0000000008002160                recv
 .text.ctlsocket
                0x00000000080022cc      0x1b4 ./Core/Src/w5500/socket.o
                0x00000000080022cc                ctlsocket
 .text.wizchip_cris_enter
                0x0000000008002480        0xe ./Core/Src/w5500/wizchip_conf.o
                0x0000000008002480                wizchip_cris_enter
 .text.wizchip_cris_exit
                0x000000000800248e        0xe ./Core/Src/w5500/wizchip_conf.o
                0x000000000800248e                wizchip_cris_exit
 .text.wizchip_cs_select
                0x000000000800249c        0xe ./Core/Src/w5500/wizchip_conf.o
                0x000000000800249c                wizchip_cs_select
 .text.wizchip_cs_deselect
                0x00000000080024aa        0xe ./Core/Src/w5500/wizchip_conf.o
                0x00000000080024aa                wizchip_cs_deselect
 .text.wizchip_bus_readdata
                0x00000000080024b8       0x1a ./Core/Src/w5500/wizchip_conf.o
                0x00000000080024b8                wizchip_bus_readdata
 .text.wizchip_bus_writedata
                0x00000000080024d2       0x1e ./Core/Src/w5500/wizchip_conf.o
                0x00000000080024d2                wizchip_bus_writedata
 .text.wizchip_spi_readbyte
                0x00000000080024f0       0x10 ./Core/Src/w5500/wizchip_conf.o
                0x00000000080024f0                wizchip_spi_readbyte
 .text.wizchip_spi_writebyte
                0x0000000008002500       0x16 ./Core/Src/w5500/wizchip_conf.o
                0x0000000008002500                wizchip_spi_writebyte
 *fill*         0x0000000008002516        0x2 
 .text.reg_wizchip_cs_cbfunc
                0x0000000008002518       0x4c ./Core/Src/w5500/wizchip_conf.o
                0x0000000008002518                reg_wizchip_cs_cbfunc
 .text.reg_wizchip_spi_cbfunc
                0x0000000008002564       0x58 ./Core/Src/w5500/wizchip_conf.o
                0x0000000008002564                reg_wizchip_spi_cbfunc
 .text.ctlwizchip
                0x00000000080025bc      0x1c4 ./Core/Src/w5500/wizchip_conf.o
                0x00000000080025bc                ctlwizchip
 .text.ctlnetwork
                0x0000000008002780       0x7c ./Core/Src/w5500/wizchip_conf.o
                0x0000000008002780                ctlnetwork
 .text.wizchip_sw_reset
                0x00000000080027fc       0x98 ./Core/Src/w5500/wizchip_conf.o
                0x00000000080027fc                wizchip_sw_reset
 .text.wizchip_init
                0x0000000008002894      0x118 ./Core/Src/w5500/wizchip_conf.o
                0x0000000008002894                wizchip_init
 .text.wizchip_clrinterrupt
                0x00000000080029ac       0x68 ./Core/Src/w5500/wizchip_conf.o
                0x00000000080029ac                wizchip_clrinterrupt
 .text.wizchip_getinterrupt
                0x0000000008002a14       0x4a ./Core/Src/w5500/wizchip_conf.o
                0x0000000008002a14                wizchip_getinterrupt
 .text.wizchip_setinterruptmask
                0x0000000008002a5e       0x36 ./Core/Src/w5500/wizchip_conf.o
                0x0000000008002a5e                wizchip_setinterruptmask
 .text.wizchip_getinterruptmask
                0x0000000008002a94       0x46 ./Core/Src/w5500/wizchip_conf.o
                0x0000000008002a94                wizchip_getinterruptmask
 .text.wizphy_getphylink
                0x0000000008002ada       0x2c ./Core/Src/w5500/wizchip_conf.o
                0x0000000008002ada                wizphy_getphylink
 .text.wizphy_getphypmode
                0x0000000008002b06       0x32 ./Core/Src/w5500/wizchip_conf.o
                0x0000000008002b06                wizphy_getphypmode
 .text.wizphy_reset
                0x0000000008002b38       0x4e ./Core/Src/w5500/wizchip_conf.o
                0x0000000008002b38                wizphy_reset
 .text.wizphy_setphyconf
                0x0000000008002b86       0x84 ./Core/Src/w5500/wizchip_conf.o
                0x0000000008002b86                wizphy_setphyconf
 *fill*         0x0000000008002c0a        0x2 
 .text.wizphy_getphyconf
                0x0000000008002c0c       0xd4 ./Core/Src/w5500/wizchip_conf.o
                0x0000000008002c0c                wizphy_getphyconf
 .text.wizphy_setphypmode
                0x0000000008002ce0       0x94 ./Core/Src/w5500/wizchip_conf.o
                0x0000000008002ce0                wizphy_setphypmode
 .text.wizchip_setnetinfo
                0x0000000008002d74       0x80 ./Core/Src/w5500/wizchip_conf.o
                0x0000000008002d74                wizchip_setnetinfo
 .text.wizchip_getnetinfo
                0x0000000008002df4       0x80 ./Core/Src/w5500/wizchip_conf.o
                0x0000000008002df4                wizchip_getnetinfo
 .text.wizchip_setnetmode
                0x0000000008002e74       0x44 ./Core/Src/w5500/wizchip_conf.o
                0x0000000008002e74                wizchip_setnetmode
 .text.wizchip_getnetmode
                0x0000000008002eb8       0x10 ./Core/Src/w5500/wizchip_conf.o
                0x0000000008002eb8                wizchip_getnetmode
 .text.wizchip_settimeout
                0x0000000008002ec8       0x42 ./Core/Src/w5500/wizchip_conf.o
                0x0000000008002ec8                wizchip_settimeout
 .text.wizchip_gettimeout
                0x0000000008002f0a       0x44 ./Core/Src/w5500/wizchip_conf.o
                0x0000000008002f0a                wizchip_gettimeout
 *fill*         0x0000000008002f4e        0x2 
 .text.Reset_Handler
                0x0000000008002f50       0x50 ./Core/Startup/startup_stm32f446retx.o
                0x0000000008002f50                Reset_Handler
 .text.Default_Handler
                0x0000000008002fa0        0x2 ./Core/Startup/startup_stm32f446retx.o
                0x0000000008002fa0                RTC_Alarm_IRQHandler
                0x0000000008002fa0                EXTI2_IRQHandler
                0x0000000008002fa0                TIM8_CC_IRQHandler
                0x0000000008002fa0                FMPI2C1_EV_IRQHandler
                0x0000000008002fa0                SPI4_IRQHandler
                0x0000000008002fa0                TIM1_CC_IRQHandler
                0x0000000008002fa0                DMA2_Stream5_IRQHandler
                0x0000000008002fa0                DMA1_Stream5_IRQHandler
                0x0000000008002fa0                PVD_IRQHandler
                0x0000000008002fa0                SDIO_IRQHandler
                0x0000000008002fa0                TAMP_STAMP_IRQHandler
                0x0000000008002fa0                CAN2_RX1_IRQHandler
                0x0000000008002fa0                EXTI3_IRQHandler
                0x0000000008002fa0                TIM8_TRG_COM_TIM14_IRQHandler
                0x0000000008002fa0                TIM1_UP_TIM10_IRQHandler
                0x0000000008002fa0                TIM8_UP_TIM13_IRQHandler
                0x0000000008002fa0                I2C3_ER_IRQHandler
                0x0000000008002fa0                EXTI0_IRQHandler
                0x0000000008002fa0                I2C2_EV_IRQHandler
                0x0000000008002fa0                DMA1_Stream2_IRQHandler
                0x0000000008002fa0                CAN1_RX0_IRQHandler
                0x0000000008002fa0                FPU_IRQHandler
                0x0000000008002fa0                OTG_HS_WKUP_IRQHandler
                0x0000000008002fa0                CAN2_SCE_IRQHandler
                0x0000000008002fa0                DMA2_Stream2_IRQHandler
                0x0000000008002fa0                SPI1_IRQHandler
                0x0000000008002fa0                TIM1_BRK_TIM9_IRQHandler
                0x0000000008002fa0                DCMI_IRQHandler
                0x0000000008002fa0                CAN2_RX0_IRQHandler
                0x0000000008002fa0                DMA2_Stream3_IRQHandler
                0x0000000008002fa0                SAI2_IRQHandler
                0x0000000008002fa0                USART6_IRQHandler
                0x0000000008002fa0                USART3_IRQHandler
                0x0000000008002fa0                CAN1_RX1_IRQHandler
                0x0000000008002fa0                UART5_IRQHandler
                0x0000000008002fa0                DMA2_Stream0_IRQHandler
                0x0000000008002fa0                TIM4_IRQHandler
                0x0000000008002fa0                QUADSPI_IRQHandler
                0x0000000008002fa0                I2C1_EV_IRQHandler
                0x0000000008002fa0                DMA1_Stream6_IRQHandler
                0x0000000008002fa0                DMA1_Stream1_IRQHandler
                0x0000000008002fa0                UART4_IRQHandler
                0x0000000008002fa0                TIM3_IRQHandler
                0x0000000008002fa0                RCC_IRQHandler
                0x0000000008002fa0                TIM8_BRK_TIM12_IRQHandler
                0x0000000008002fa0                Default_Handler
                0x0000000008002fa0                CEC_IRQHandler
                0x0000000008002fa0                EXTI15_10_IRQHandler
                0x0000000008002fa0                ADC_IRQHandler
                0x0000000008002fa0                DMA1_Stream7_IRQHandler
                0x0000000008002fa0                TIM7_IRQHandler
                0x0000000008002fa0                CAN2_TX_IRQHandler
                0x0000000008002fa0                TIM5_IRQHandler
                0x0000000008002fa0                DMA2_Stream7_IRQHandler
                0x0000000008002fa0                I2C3_EV_IRQHandler
                0x0000000008002fa0                EXTI9_5_IRQHandler
                0x0000000008002fa0                RTC_WKUP_IRQHandler
                0x0000000008002fa0                SPDIF_RX_IRQHandler
                0x0000000008002fa0                SPI2_IRQHandler
                0x0000000008002fa0                OTG_HS_EP1_IN_IRQHandler
                0x0000000008002fa0                DMA1_Stream0_IRQHandler
                0x0000000008002fa0                CAN1_TX_IRQHandler
                0x0000000008002fa0                FMPI2C1_ER_IRQHandler
                0x0000000008002fa0                EXTI4_IRQHandler
                0x0000000008002fa0                OTG_HS_EP1_OUT_IRQHandler
                0x0000000008002fa0                WWDG_IRQHandler
                0x0000000008002fa0                TIM2_IRQHandler
                0x0000000008002fa0                OTG_FS_WKUP_IRQHandler
                0x0000000008002fa0                TIM1_TRG_COM_TIM11_IRQHandler
                0x0000000008002fa0                OTG_HS_IRQHandler
                0x0000000008002fa0                EXTI1_IRQHandler
                0x0000000008002fa0                USART2_IRQHandler
                0x0000000008002fa0                I2C2_ER_IRQHandler
                0x0000000008002fa0                DMA2_Stream1_IRQHandler
                0x0000000008002fa0                CAN1_SCE_IRQHandler
                0x0000000008002fa0                FLASH_IRQHandler
                0x0000000008002fa0                DMA2_Stream4_IRQHandler
                0x0000000008002fa0                USART1_IRQHandler
                0x0000000008002fa0                OTG_FS_IRQHandler
                0x0000000008002fa0                SPI3_IRQHandler
                0x0000000008002fa0                DMA1_Stream4_IRQHandler
                0x0000000008002fa0                I2C1_ER_IRQHandler
                0x0000000008002fa0                FMC_IRQHandler
                0x0000000008002fa0                DMA2_Stream6_IRQHandler
                0x0000000008002fa0                SAI1_IRQHandler
                0x0000000008002fa0                DMA1_Stream3_IRQHandler
 *fill*         0x0000000008002fa2        0x2 
 .text.HAL_Init
                0x0000000008002fa4       0x44 ./Drivers/STM32F4xx_HAL_Driver/stm32f4xx_hal.o
                0x0000000008002fa4                HAL_Init
 .text.HAL_IncTick
                0x0000000008002fe8       0x28 ./Drivers/STM32F4xx_HAL_Driver/stm32f4xx_hal.o
                0x0000000008002fe8                HAL_IncTick
 .text.HAL_GetTick
                0x0000000008003010       0x18 ./Drivers/STM32F4xx_HAL_Driver/stm32f4xx_hal.o
                0x0000000008003010                HAL_GetTick
 .text.HAL_Delay
                0x0000000008003028       0x48 ./Drivers/STM32F4xx_HAL_Driver/stm32f4xx_hal.o
                0x0000000008003028                HAL_Delay
 .text.__NVIC_SetPriorityGrouping
                0x0000000008003070       0x48 ./Drivers/STM32F4xx_HAL_Driver/stm32f4xx_hal_cortex.o
 .text.__NVIC_GetPriorityGrouping
                0x00000000080030b8       0x1c ./Drivers/STM32F4xx_HAL_Driver/stm32f4xx_hal_cortex.o
 .text.__NVIC_EnableIRQ
                0x00000000080030d4       0x3c ./Drivers/STM32F4xx_HAL_Driver/stm32f4xx_hal_cortex.o
 .text.__NVIC_SetPriority
                0x0000000008003110       0x54 ./Drivers/STM32F4xx_HAL_Driver/stm32f4xx_hal_cortex.o
 .text.NVIC_EncodePriority
                0x0000000008003164       0x66 ./Drivers/STM32F4xx_HAL_Driver/stm32f4xx_hal_cortex.o
 .text.HAL_NVIC_SetPriorityGrouping
                0x00000000080031ca       0x16 ./Drivers/STM32F4xx_HAL_Driver/stm32f4xx_hal_cortex.o
                0x00000000080031ca                HAL_NVIC_SetPriorityGrouping
 .text.HAL_NVIC_SetPriority
                0x00000000080031e0       0x38 ./Drivers/STM32F4xx_HAL_Driver/stm32f4xx_hal_cortex.o
                0x00000000080031e0                HAL_NVIC_SetPriority
 .text.HAL_NVIC_EnableIRQ
                0x0000000008003218       0x1c ./Drivers/STM32F4xx_HAL_Driver/stm32f4xx_hal_cortex.o
                0x0000000008003218                HAL_NVIC_EnableIRQ
 .text.HAL_GPIO_Init
                0x0000000008003234      0x328 ./Drivers/STM32F4xx_HAL_Driver/stm32f4xx_hal_gpio.o
                0x0000000008003234                HAL_GPIO_Init
 .text.HAL_GPIO_WritePin
                0x000000000800355c       0x32 ./Drivers/STM32F4xx_HAL_Driver/stm32f4xx_hal_gpio.o
                0x000000000800355c                HAL_GPIO_WritePin
 .text.HAL_GPIO_TogglePin
                0x000000000800358e       0x34 ./Drivers/STM32F4xx_HAL_Driver/stm32f4xx_hal_gpio.o
                0x000000000800358e                HAL_GPIO_TogglePin
 *fill*         0x00000000080035c2        0x2 
 .text.HAL_PWREx_EnableOverDrive
                0x00000000080035c4       0xa0 ./Drivers/STM32F4xx_HAL_Driver/stm32f4xx_hal_pwr_ex.o
                0x00000000080035c4                HAL_PWREx_EnableOverDrive
 .text.HAL_RCC_ClockConfig
                0x0000000008003664      0x1cc ./Drivers/STM32F4xx_HAL_Driver/stm32f4xx_hal_rcc.o
                0x0000000008003664                HAL_RCC_ClockConfig
 .text.HAL_RCC_GetHCLKFreq
                0x0000000008003830       0x18 ./Drivers/STM32F4xx_HAL_Driver/stm32f4xx_hal_rcc.o
                0x0000000008003830                HAL_RCC_GetHCLKFreq
 .text.HAL_RCC_GetPCLK1Freq
                0x0000000008003848       0x28 ./Drivers/STM32F4xx_HAL_Driver/stm32f4xx_hal_rcc.o
                0x0000000008003848                HAL_RCC_GetPCLK1Freq
 .text.HAL_RCC_GetPCLK2Freq
                0x0000000008003870       0x28 ./Drivers/STM32F4xx_HAL_Driver/stm32f4xx_hal_rcc.o
                0x0000000008003870                HAL_RCC_GetPCLK2Freq
 .text.HAL_RCC_GetClockConfig
                0x0000000008003898       0x64 ./Drivers/STM32F4xx_HAL_Driver/stm32f4xx_hal_rcc.o
                0x0000000008003898                HAL_RCC_GetClockConfig
 .text.HAL_RCC_GetSysClockFreq
                0x00000000080038fc      0x460 ./Drivers/STM32F4xx_HAL_Driver/stm32f4xx_hal_rcc_ex.o
                0x00000000080038fc                HAL_RCC_GetSysClockFreq
 .text.HAL_RCC_OscConfig
                0x0000000008003d5c      0x53c ./Drivers/STM32F4xx_HAL_Driver/stm32f4xx_hal_rcc_ex.o
                0x0000000008003d5c                HAL_RCC_OscConfig
 .text.HAL_SPI_Init
                0x0000000008004298      0x112 ./Drivers/STM32F4xx_HAL_Driver/stm32f4xx_hal_spi.o
                0x0000000008004298                HAL_SPI_Init
 .text.HAL_SPI_TransmitReceive
                0x00000000080043aa      0x360 ./Drivers/STM32F4xx_HAL_Driver/stm32f4xx_hal_spi.o
                0x00000000080043aa                HAL_SPI_TransmitReceive
 *fill*         0x000000000800470a        0x2 
 .text.SPI_WaitFlagStateUntilTimeout
                0x000000000800470c      0x110 ./Drivers/STM32F4xx_HAL_Driver/stm32f4xx_hal_spi.o
 .text.SPI_EndRxTxTransaction
                0x000000000800481c       0xa8 ./Drivers/STM32F4xx_HAL_Driver/stm32f4xx_hal_spi.o
 .text.HAL_TIM_Base_Init
                0x00000000080048c4       0x9e ./Drivers/STM32F4xx_HAL_Driver/stm32f4xx_hal_tim.o
                0x00000000080048c4                HAL_TIM_Base_Init
 .text.HAL_TIM_Base_MspInit
                0x0000000008004962       0x14 ./Drivers/STM32F4xx_HAL_Driver/stm32f4xx_hal_tim.o
                0x0000000008004962                HAL_TIM_Base_MspInit
 *fill*         0x0000000008004976        0x2 
 .text.HAL_TIM_Base_Start_IT
                0x0000000008004978       0xe0 ./Drivers/STM32F4xx_HAL_Driver/stm32f4xx_hal_tim.o
                0x0000000008004978                HAL_TIM_Base_Start_IT
 .text.HAL_TIM_IRQHandler
                0x0000000008004a58      0x1e0 ./Drivers/STM32F4xx_HAL_Driver/stm32f4xx_hal_tim.o
                0x0000000008004a58                HAL_TIM_IRQHandler
 .text.HAL_TIM_OC_DelayElapsedCallback
                0x0000000008004c38       0x14 ./Drivers/STM32F4xx_HAL_Driver/stm32f4xx_hal_tim.o
                0x0000000008004c38                HAL_TIM_OC_DelayElapsedCallback
 .text.HAL_TIM_IC_CaptureCallback
                0x0000000008004c4c       0x14 ./Drivers/STM32F4xx_HAL_Driver/stm32f4xx_hal_tim.o
                0x0000000008004c4c                HAL_TIM_IC_CaptureCallback
 .text.HAL_TIM_PWM_PulseFinishedCallback
                0x0000000008004c60       0x14 ./Drivers/STM32F4xx_HAL_Driver/stm32f4xx_hal_tim.o
                0x0000000008004c60                HAL_TIM_PWM_PulseFinishedCallback
 .text.HAL_TIM_TriggerCallback
                0x0000000008004c74       0x14 ./Drivers/STM32F4xx_HAL_Driver/stm32f4xx_hal_tim.o
                0x0000000008004c74                HAL_TIM_TriggerCallback
 .text.TIM_Base_SetConfig
                0x0000000008004c88      0x158 ./Drivers/STM32F4xx_HAL_Driver/stm32f4xx_hal_tim.o
                0x0000000008004c88                TIM_Base_SetConfig
 .text.HAL_TIMEx_CommutCallback
                0x0000000008004de0       0x14 ./Drivers/STM32F4xx_HAL_Driver/stm32f4xx_hal_tim_ex.o
                0x0000000008004de0                HAL_TIMEx_CommutCallback
 .text.HAL_TIMEx_BreakCallback
                0x0000000008004df4       0x14 ./Drivers/STM32F4xx_HAL_Driver/stm32f4xx_hal_tim_ex.o
                0x0000000008004df4                HAL_TIMEx_BreakCallback
 .text.HAL_UART_Init
                0x0000000008004e08       0xa0 ./Drivers/STM32F4xx_HAL_Driver/stm32f4xx_hal_uart.o
                0x0000000008004e08                HAL_UART_Init
 .text.HAL_UART_Transmit
                0x0000000008004ea8      0x116 ./Drivers/STM32F4xx_HAL_Driver/stm32f4xx_hal_uart.o
                0x0000000008004ea8                HAL_UART_Transmit
 .text.UART_WaitOnFlagUntilTimeout
                0x0000000008004fbe       0xb2 ./Drivers/STM32F4xx_HAL_Driver/stm32f4xx_hal_uart.o
 .text.UART_EndRxTransfer
                0x0000000008005070       0xc6 ./Drivers/STM32F4xx_HAL_Driver/stm32f4xx_hal_uart.o
 *fill*         0x0000000008005136        0x2 
 .text.UART_SetConfig
                0x0000000008005138      0x4e8 ./Drivers/STM32F4xx_HAL_Driver/stm32f4xx_hal_uart.o
 .text.vListInitialise
                0x0000000008005620       0x40 ./Middleware/FreeRTOS/list.o
                0x0000000008005620                vListInitialise
 .text.vListInitialiseItem
                0x0000000008005660       0x1a ./Middleware/FreeRTOS/list.o
                0x0000000008005660                vListInitialiseItem
 .text.vListInsertEnd
                0x000000000800567a       0x48 ./Middleware/FreeRTOS/list.o
                0x000000000800567a                vListInsertEnd
 .text.vListInsert
                0x00000000080056c2       0x72 ./Middleware/FreeRTOS/list.o
                0x00000000080056c2                vListInsert
 .text.uxListRemove
                0x0000000008005734       0x54 ./Middleware/FreeRTOS/list.o
                0x0000000008005734                uxListRemove
 .text.xQueueGenericReset
                0x0000000008005788       0xd0 ./Middleware/FreeRTOS/queue.o
                0x0000000008005788                xQueueGenericReset
 .text.xQueueGenericCreate
                0x0000000008005858       0xbe ./Middleware/FreeRTOS/queue.o
                0x0000000008005858                xQueueGenericCreate
 .text.prvInitialiseNewQueue
                0x0000000008005916       0x46 ./Middleware/FreeRTOS/queue.o
 .text.xQueueGenericSend
                0x000000000800595c      0x1fc ./Middleware/FreeRTOS/queue.o
                0x000000000800595c                xQueueGenericSend
 .text.xQueueGenericSendFromISR
                0x0000000008005b58      0x154 ./Middleware/FreeRTOS/queue.o
                0x0000000008005b58                xQueueGenericSendFromISR
 .text.xQueueReceive
                0x0000000008005cac      0x1c0 ./Middleware/FreeRTOS/queue.o
                0x0000000008005cac                xQueueReceive
 .text.prvCopyDataToQueue
                0x0000000008005e6c       0xd4 ./Middleware/FreeRTOS/queue.o
 .text.prvCopyDataFromQueue
                0x0000000008005f40       0x4c ./Middleware/FreeRTOS/queue.o
 .text.prvUnlockQueue
                0x0000000008005f8c       0xa4 ./Middleware/FreeRTOS/queue.o
 .text.prvIsQueueEmpty
                0x0000000008006030       0x2c ./Middleware/FreeRTOS/queue.o
 .text.prvIsQueueFull
                0x000000000800605c       0x30 ./Middleware/FreeRTOS/queue.o
 .text.vQueueAddToRegistry
                0x000000000800608c       0x54 ./Middleware/FreeRTOS/queue.o
                0x000000000800608c                vQueueAddToRegistry
 .text.vQueueWaitForMessageRestricted
                0x00000000080060e0       0x68 ./Middleware/FreeRTOS/queue.o
                0x00000000080060e0                vQueueWaitForMessageRestricted
 .text.xTaskCreate
                0x0000000008006148       0x82 ./Middleware/FreeRTOS/tasks.o
                0x0000000008006148                xTaskCreate
 .text.prvInitialiseNewTask
                0x00000000080061ca      0x12c ./Middleware/FreeRTOS/tasks.o
 *fill*         0x00000000080062f6        0x2 
 .text.prvAddNewTaskToReadyList
                0x00000000080062f8       0xdc ./Middleware/FreeRTOS/tasks.o
 .text.vTaskStartScheduler
                0x00000000080063d4       0xa4 ./Middleware/FreeRTOS/tasks.o
                0x00000000080063d4                vTaskStartScheduler
 .text.vTaskSuspendAll
                0x0000000008006478       0x1c ./Middleware/FreeRTOS/tasks.o
                0x0000000008006478                vTaskSuspendAll
 .text.xTaskResumeAll
                0x0000000008006494      0x138 ./Middleware/FreeRTOS/tasks.o
                0x0000000008006494                xTaskResumeAll
 .text.xTaskGetTickCount
                0x00000000080065cc       0x20 ./Middleware/FreeRTOS/tasks.o
                0x00000000080065cc                xTaskGetTickCount
 .text.xTaskIncrementTick
                0x00000000080065ec      0x170 ./Middleware/FreeRTOS/tasks.o
                0x00000000080065ec                xTaskIncrementTick
 .text.vTaskSwitchContext
                0x000000000800675c       0xb8 ./Middleware/FreeRTOS/tasks.o
                0x000000000800675c                vTaskSwitchContext
 .text.vTaskPlaceOnEventList
                0x0000000008006814       0x48 ./Middleware/FreeRTOS/tasks.o
                0x0000000008006814                vTaskPlaceOnEventList
 .text.vTaskPlaceOnEventListRestricted
                0x000000000800685c       0x58 ./Middleware/FreeRTOS/tasks.o
                0x000000000800685c                vTaskPlaceOnEventListRestricted
 .text.xTaskRemoveFromEventList
                0x00000000080068b4       0xc4 ./Middleware/FreeRTOS/tasks.o
                0x00000000080068b4                xTaskRemoveFromEventList
 .text.vTaskInternalSetTimeOutState
                0x0000000008006978       0x2c ./Middleware/FreeRTOS/tasks.o
                0x0000000008006978                vTaskInternalSetTimeOutState
 .text.xTaskCheckForTimeOut
                0x00000000080069a4       0xcc ./Middleware/FreeRTOS/tasks.o
                0x00000000080069a4                xTaskCheckForTimeOut
 .text.vTaskMissedYield
                0x0000000008006a70       0x18 ./Middleware/FreeRTOS/tasks.o
                0x0000000008006a70                vTaskMissedYield
 .text.prvIdleTask
                0x0000000008006a88       0x30 ./Middleware/FreeRTOS/tasks.o
 .text.prvInitialiseTaskLists
                0x0000000008006ab8       0x80 ./Middleware/FreeRTOS/tasks.o
 .text.prvCheckTasksWaitingTermination
                0x0000000008006b38       0x5c ./Middleware/FreeRTOS/tasks.o
 .text.prvDeleteTCB
                0x0000000008006b94       0x20 ./Middleware/FreeRTOS/tasks.o
 .text.prvResetNextTaskUnblockTime
                0x0000000008006bb4       0x38 ./Middleware/FreeRTOS/tasks.o
 .text.xTaskGetSchedulerState
                0x0000000008006bec       0x3c ./Middleware/FreeRTOS/tasks.o
                0x0000000008006bec                xTaskGetSchedulerState
 .text.xTaskPriorityDisinherit
                0x0000000008006c28       0xf4 ./Middleware/FreeRTOS/tasks.o
                0x0000000008006c28                xTaskPriorityDisinherit
 .text.prvAddCurrentTaskToDelayedList
                0x0000000008006d1c       0xcc ./Middleware/FreeRTOS/tasks.o
 .text.xTimerCreateTimerTask
                0x0000000008006de8       0x64 ./Middleware/FreeRTOS/timers.o
                0x0000000008006de8                xTimerCreateTimerTask
 .text.xTimerGenericCommand
                0x0000000008006e4c       0x9c ./Middleware/FreeRTOS/timers.o
                0x0000000008006e4c                xTimerGenericCommand
 .text.prvProcessExpiredTimer
                0x0000000008006ee8       0x98 ./Middleware/FreeRTOS/timers.o
 .text.prvTimerTask
                0x0000000008006f80       0x24 ./Middleware/FreeRTOS/timers.o
 .text.prvProcessTimerOrBlockTask
                0x0000000008006fa4       0x9c ./Middleware/FreeRTOS/timers.o
 .text.prvGetNextExpireTime
                0x0000000008007040       0x48 ./Middleware/FreeRTOS/timers.o
 .text.prvSampleTimeNow
                0x0000000008007088       0x40 ./Middleware/FreeRTOS/timers.o
 .text.prvInsertTimerInActiveList
                0x00000000080070c8       0x84 ./Middleware/FreeRTOS/timers.o
 .text.prvProcessReceivedCommands
                0x000000000800714c      0x18c ./Middleware/FreeRTOS/timers.o
 .text.prvSwitchTimerLists
                0x00000000080072d8       0xc8 ./Middleware/FreeRTOS/timers.o
 .text.prvCheckForValidListAndQueue
                0x00000000080073a0       0x6c ./Middleware/FreeRTOS/timers.o
 .text.pxPortInitialiseStack
                0x000000000800740c       0x68 ./Middleware/FreeRTOS/portable/GCC/ARM_CM4F/port.o
                0x000000000800740c                pxPortInitialiseStack
 .text.prvTaskExitError
                0x0000000008007474       0x58 ./Middleware/FreeRTOS/portable/GCC/ARM_CM4F/port.o
 *fill*         0x00000000080074cc        0x4 
 .text.SVC_Handler
                0x00000000080074d0       0x28 ./Middleware/FreeRTOS/portable/GCC/ARM_CM4F/port.o
                0x00000000080074d0                SVC_Handler
 .text.prvPortStartFirstTask
                0x00000000080074f8       0x2c ./Middleware/FreeRTOS/portable/GCC/ARM_CM4F/port.o
 .text.xPortStartScheduler
                0x0000000008007524      0x144 ./Middleware/FreeRTOS/portable/GCC/ARM_CM4F/port.o
                0x0000000008007524                xPortStartScheduler
 .text.vPortEnterCritical
                0x0000000008007668       0x60 ./Middleware/FreeRTOS/portable/GCC/ARM_CM4F/port.o
                0x0000000008007668                vPortEnterCritical
 .text.vPortExitCritical
                0x00000000080076c8       0x54 ./Middleware/FreeRTOS/portable/GCC/ARM_CM4F/port.o
                0x00000000080076c8                vPortExitCritical
 *fill*         0x000000000800771c        0x4 
 .text.PendSV_Handler
                0x0000000008007720       0x68 ./Middleware/FreeRTOS/portable/GCC/ARM_CM4F/port.o
                0x0000000008007720                PendSV_Handler
 .text.SysTick_Handler
                0x0000000008007788       0x44 ./Middleware/FreeRTOS/portable/GCC/ARM_CM4F/port.o
                0x0000000008007788                SysTick_Handler
 .text.vPortSetupTimerInterrupt
                0x00000000080077cc       0x48 ./Middleware/FreeRTOS/portable/GCC/ARM_CM4F/port.o
                0x00000000080077cc                vPortSetupTimerInterrupt
 .text.vPortEnableVFP
                0x0000000008007814       0x18 ./Middleware/FreeRTOS/portable/GCC/ARM_CM4F/port.o
 .text.vPortValidateInterruptPriority
                0x000000000800782c       0x80 ./Middleware/FreeRTOS/portable/GCC/ARM_CM4F/port.o
                0x000000000800782c                vPortValidateInterruptPriority
 .text.pvPortMalloc
                0x00000000080078ac      0x1c0 ./Middleware/FreeRTOS/portable/MemMang/heap_4.o
                0x00000000080078ac                pvPortMalloc
 .text.vPortFree
                0x0000000008007a6c       0xc4 ./Middleware/FreeRTOS/portable/MemMang/heap_4.o
                0x0000000008007a6c                vPortFree
 .text.prvHeapInit
                0x0000000008007b30       0xc4 ./Middleware/FreeRTOS/portable/MemMang/heap_4.o
 .text.prvInsertBlockIntoFreeList
                0x0000000008007bf4       0xb4 ./Middleware/FreeRTOS/portable/MemMang/heap_4.o
 .text.std      0x0000000008007ca8       0x6c /home/frank/st/stm32cubeide_1.14.0/plugins/com.st.stm32cube.ide.mcu.externaltools.gnu-tools-for-stm32.11.3.rel1.linux64_1.1.100.202309141235/tools/bin/../lib/gcc/arm-none-eabi/11.3.1/../../../../arm-none-eabi/lib/thumb/v7e-m+fp/hard/libc_nano.a(libc_a-findfp.o)
 .text.stdio_exit_handler
                0x0000000008007d14       0x18 /home/frank/st/stm32cubeide_1.14.0/plugins/com.st.stm32cube.ide.mcu.externaltools.gnu-tools-for-stm32.11.3.rel1.linux64_1.1.100.202309141235/tools/bin/../lib/gcc/arm-none-eabi/11.3.1/../../../../arm-none-eabi/lib/thumb/v7e-m+fp/hard/libc_nano.a(libc_a-findfp.o)
 .text.cleanup_stdio
                0x0000000008007d2c       0x40 /home/frank/st/stm32cubeide_1.14.0/plugins/com.st.stm32cube.ide.mcu.externaltools.gnu-tools-for-stm32.11.3.rel1.linux64_1.1.100.202309141235/tools/bin/../lib/gcc/arm-none-eabi/11.3.1/../../../../arm-none-eabi/lib/thumb/v7e-m+fp/hard/libc_nano.a(libc_a-findfp.o)
 .text.global_stdio_init.part.0
                0x0000000008007d6c       0x3c /home/frank/st/stm32cubeide_1.14.0/plugins/com.st.stm32cube.ide.mcu.externaltools.gnu-tools-for-stm32.11.3.rel1.linux64_1.1.100.202309141235/tools/bin/../lib/gcc/arm-none-eabi/11.3.1/../../../../arm-none-eabi/lib/thumb/v7e-m+fp/hard/libc_nano.a(libc_a-findfp.o)
 .text.__sfp_lock_acquire
                0x0000000008007da8        0xc /home/frank/st/stm32cubeide_1.14.0/plugins/com.st.stm32cube.ide.mcu.externaltools.gnu-tools-for-stm32.11.3.rel1.linux64_1.1.100.202309141235/tools/bin/../lib/gcc/arm-none-eabi/11.3.1/../../../../arm-none-eabi/lib/thumb/v7e-m+fp/hard/libc_nano.a(libc_a-findfp.o)
                0x0000000008007da8                __sfp_lock_acquire
 .text.__sfp_lock_release
                0x0000000008007db4        0xc /home/frank/st/stm32cubeide_1.14.0/plugins/com.st.stm32cube.ide.mcu.externaltools.gnu-tools-for-stm32.11.3.rel1.linux64_1.1.100.202309141235/tools/bin/../lib/gcc/arm-none-eabi/11.3.1/../../../../arm-none-eabi/lib/thumb/v7e-m+fp/hard/libc_nano.a(libc_a-findfp.o)
                0x0000000008007db4                __sfp_lock_release
 .text.__sinit  0x0000000008007dc0       0x30 /home/frank/st/stm32cubeide_1.14.0/plugins/com.st.stm32cube.ide.mcu.externaltools.gnu-tools-for-stm32.11.3.rel1.linux64_1.1.100.202309141235/tools/bin/../lib/gcc/arm-none-eabi/11.3.1/../../../../arm-none-eabi/lib/thumb/v7e-m+fp/hard/libc_nano.a(libc_a-findfp.o)
                0x0000000008007dc0                __sinit
 .text._fwalk_sglue
                0x0000000008007df0       0x3c /home/frank/st/stm32cubeide_1.14.0/plugins/com.st.stm32cube.ide.mcu.externaltools.gnu-tools-for-stm32.11.3.rel1.linux64_1.1.100.202309141235/tools/bin/../lib/gcc/arm-none-eabi/11.3.1/../../../../arm-none-eabi/lib/thumb/v7e-m+fp/hard/libc_nano.a(libc_a-fwalk.o)
                0x0000000008007df0                _fwalk_sglue
 .text.printf   0x0000000008007e2c       0x24 /home/frank/st/stm32cubeide_1.14.0/plugins/com.st.stm32cube.ide.mcu.externaltools.gnu-tools-for-stm32.11.3.rel1.linux64_1.1.100.202309141235/tools/bin/../lib/gcc/arm-none-eabi/11.3.1/../../../../arm-none-eabi/lib/thumb/v7e-m+fp/hard/libc_nano.a(libc_a-printf.o)
                0x0000000008007e2c                printf
                0x0000000008007e2c                iprintf
 .text._puts_r  0x0000000008007e50       0xa8 /home/frank/st/stm32cubeide_1.14.0/plugins/com.st.stm32cube.ide.mcu.externaltools.gnu-tools-for-stm32.11.3.rel1.linux64_1.1.100.202309141235/tools/bin/../lib/gcc/arm-none-eabi/11.3.1/../../../../arm-none-eabi/lib/thumb/v7e-m+fp/hard/libc_nano.a(libc_a-puts.o)
                0x0000000008007e50                _puts_r
 .text.puts     0x0000000008007ef8       0x10 /home/frank/st/stm32cubeide_1.14.0/plugins/com.st.stm32cube.ide.mcu.externaltools.gnu-tools-for-stm32.11.3.rel1.linux64_1.1.100.202309141235/tools/bin/../lib/gcc/arm-none-eabi/11.3.1/../../../../arm-none-eabi/lib/thumb/v7e-m+fp/hard/libc_nano.a(libc_a-puts.o)
                0x0000000008007ef8                puts
 .text.sprintf  0x0000000008007f08       0x40 /home/frank/st/stm32cubeide_1.14.0/plugins/com.st.stm32cube.ide.mcu.externaltools.gnu-tools-for-stm32.11.3.rel1.linux64_1.1.100.202309141235/tools/bin/../lib/gcc/arm-none-eabi/11.3.1/../../../../arm-none-eabi/lib/thumb/v7e-m+fp/hard/libc_nano.a(libc_a-sprintf.o)
                0x0000000008007f08                sprintf
                0x0000000008007f08                siprintf
 .text.__sread  0x0000000008007f48       0x22 /home/frank/st/stm32cubeide_1.14.0/plugins/com.st.stm32cube.ide.mcu.externaltools.gnu-tools-for-stm32.11.3.rel1.linux64_1.1.100.202309141235/tools/bin/../lib/gcc/arm-none-eabi/11.3.1/../../../../arm-none-eabi/lib/thumb/v7e-m+fp/hard/libc_nano.a(libc_a-stdio.o)
                0x0000000008007f48                __sread
 .text.__swrite
                0x0000000008007f6a       0x38 /home/frank/st/stm32cubeide_1.14.0/plugins/com.st.stm32cube.ide.mcu.externaltools.gnu-tools-for-stm32.11.3.rel1.linux64_1.1.100.202309141235/tools/bin/../lib/gcc/arm-none-eabi/11.3.1/../../../../arm-none-eabi/lib/thumb/v7e-m+fp/hard/libc_nano.a(libc_a-stdio.o)
                0x0000000008007f6a                __swrite
 .text.__sseek  0x0000000008007fa2       0x24 /home/frank/st/stm32cubeide_1.14.0/plugins/com.st.stm32cube.ide.mcu.externaltools.gnu-tools-for-stm32.11.3.rel1.linux64_1.1.100.202309141235/tools/bin/../lib/gcc/arm-none-eabi/11.3.1/../../../../arm-none-eabi/lib/thumb/v7e-m+fp/hard/libc_nano.a(libc_a-stdio.o)
                0x0000000008007fa2                __sseek
 .text.__sclose
                0x0000000008007fc6        0x8 /home/frank/st/stm32cubeide_1.14.0/plugins/com.st.stm32cube.ide.mcu.externaltools.gnu-tools-for-stm32.11.3.rel1.linux64_1.1.100.202309141235/tools/bin/../lib/gcc/arm-none-eabi/11.3.1/../../../../arm-none-eabi/lib/thumb/v7e-m+fp/hard/libc_nano.a(libc_a-stdio.o)
                0x0000000008007fc6                __sclose
 .text.__swbuf_r
                0x0000000008007fce       0x7a /home/frank/st/stm32cubeide_1.14.0/plugins/com.st.stm32cube.ide.mcu.externaltools.gnu-tools-for-stm32.11.3.rel1.linux64_1.1.100.202309141235/tools/bin/../lib/gcc/arm-none-eabi/11.3.1/../../../../arm-none-eabi/lib/thumb/v7e-m+fp/hard/libc_nano.a(libc_a-wbuf.o)
                0x0000000008007fce                __swbuf_r
 .text.__swsetup_r
                0x0000000008008048       0xb0 /home/frank/st/stm32cubeide_1.14.0/plugins/com.st.stm32cube.ide.mcu.externaltools.gnu-tools-for-stm32.11.3.rel1.linux64_1.1.100.202309141235/tools/bin/../lib/gcc/arm-none-eabi/11.3.1/../../../../arm-none-eabi/lib/thumb/v7e-m+fp/hard/libc_nano.a(libc_a-wsetup.o)
                0x0000000008008048                __swsetup_r
 .text.memset   0x00000000080080f8       0x10 /home/frank/st/stm32cubeide_1.14.0/plugins/com.st.stm32cube.ide.mcu.externaltools.gnu-tools-for-stm32.11.3.rel1.linux64_1.1.100.202309141235/tools/bin/../lib/gcc/arm-none-eabi/11.3.1/../../../../arm-none-eabi/lib/thumb/v7e-m+fp/hard/libc_nano.a(libc_a-memset.o)
                0x00000000080080f8                memset
 .text._close_r
                0x0000000008008108       0x20 /home/frank/st/stm32cubeide_1.14.0/plugins/com.st.stm32cube.ide.mcu.externaltools.gnu-tools-for-stm32.11.3.rel1.linux64_1.1.100.202309141235/tools/bin/../lib/gcc/arm-none-eabi/11.3.1/../../../../arm-none-eabi/lib/thumb/v7e-m+fp/hard/libc_nano.a(libc_a-closer.o)
                0x0000000008008108                _close_r
 .text._lseek_r
                0x0000000008008128       0x24 /home/frank/st/stm32cubeide_1.14.0/plugins/com.st.stm32cube.ide.mcu.externaltools.gnu-tools-for-stm32.11.3.rel1.linux64_1.1.100.202309141235/tools/bin/../lib/gcc/arm-none-eabi/11.3.1/../../../../arm-none-eabi/lib/thumb/v7e-m+fp/hard/libc_nano.a(libc_a-lseekr.o)
                0x0000000008008128                _lseek_r
 .text._read_r  0x000000000800814c       0x24 /home/frank/st/stm32cubeide_1.14.0/plugins/com.st.stm32cube.ide.mcu.externaltools.gnu-tools-for-stm32.11.3.rel1.linux64_1.1.100.202309141235/tools/bin/../lib/gcc/arm-none-eabi/11.3.1/../../../../arm-none-eabi/lib/thumb/v7e-m+fp/hard/libc_nano.a(libc_a-readr.o)
                0x000000000800814c                _read_r
 .text._write_r
                0x0000000008008170       0x24 /home/frank/st/stm32cubeide_1.14.0/plugins/com.st.stm32cube.ide.mcu.externaltools.gnu-tools-for-stm32.11.3.rel1.linux64_1.1.100.202309141235/tools/bin/../lib/gcc/arm-none-eabi/11.3.1/../../../../arm-none-eabi/lib/thumb/v7e-m+fp/hard/libc_nano.a(libc_a-writer.o)
                0x0000000008008170                _write_r
 .text.__libc_init_array
                0x0000000008008194       0x48 /home/frank/st/stm32cubeide_1.14.0/plugins/com.st.stm32cube.ide.mcu.externaltools.gnu-tools-for-stm32.11.3.rel1.linux64_1.1.100.202309141235/tools/bin/../lib/gcc/arm-none-eabi/11.3.1/../../../../arm-none-eabi/lib/thumb/v7e-m+fp/hard/libc_nano.a(libc_a-init.o)
                0x0000000008008194                __libc_init_array
 .text.__retarget_lock_init_recursive
                0x00000000080081dc        0x2 /home/frank/st/stm32cubeide_1.14.0/plugins/com.st.stm32cube.ide.mcu.externaltools.gnu-tools-for-stm32.11.3.rel1.linux64_1.1.100.202309141235/tools/bin/../lib/gcc/arm-none-eabi/11.3.1/../../../../arm-none-eabi/lib/thumb/v7e-m+fp/hard/libc_nano.a(libc_a-lock.o)
                0x00000000080081dc                __retarget_lock_init_recursive
 .text.__retarget_lock_acquire_recursive
                0x00000000080081de        0x2 /home/frank/st/stm32cubeide_1.14.0/plugins/com.st.stm32cube.ide.mcu.externaltools.gnu-tools-for-stm32.11.3.rel1.linux64_1.1.100.202309141235/tools/bin/../lib/gcc/arm-none-eabi/11.3.1/../../../../arm-none-eabi/lib/thumb/v7e-m+fp/hard/libc_nano.a(libc_a-lock.o)
                0x00000000080081de                __retarget_lock_acquire_recursive
 .text.__retarget_lock_release_recursive
                0x00000000080081e0        0x2 /home/frank/st/stm32cubeide_1.14.0/plugins/com.st.stm32cube.ide.mcu.externaltools.gnu-tools-for-stm32.11.3.rel1.linux64_1.1.100.202309141235/tools/bin/../lib/gcc/arm-none-eabi/11.3.1/../../../../arm-none-eabi/lib/thumb/v7e-m+fp/hard/libc_nano.a(libc_a-lock.o)
                0x00000000080081e0                __retarget_lock_release_recursive
 .text.memcpy   0x00000000080081e2       0x1c /home/frank/st/stm32cubeide_1.14.0/plugins/com.st.stm32cube.ide.mcu.externaltools.gnu-tools-for-stm32.11.3.rel1.linux64_1.1.100.202309141235/tools/bin/../lib/gcc/arm-none-eabi/11.3.1/../../../../arm-none-eabi/lib/thumb/v7e-m+fp/hard/libc_nano.a(libc_a-memcpy-stub.o)
                0x00000000080081e2                memcpy
 *fill*         0x00000000080081fe        0x2 
 .text._free_r  0x0000000008008200       0x98 /home/frank/st/stm32cubeide_1.14.0/plugins/com.st.stm32cube.ide.mcu.externaltools.gnu-tools-for-stm32.11.3.rel1.linux64_1.1.100.202309141235/tools/bin/../lib/gcc/arm-none-eabi/11.3.1/../../../../arm-none-eabi/lib/thumb/v7e-m+fp/hard/libc_nano.a(libc_a-freer.o)
                0x0000000008008200                _free_r
 .text.sbrk_aligned
                0x0000000008008298       0x40 /home/frank/st/stm32cubeide_1.14.0/plugins/com.st.stm32cube.ide.mcu.externaltools.gnu-tools-for-stm32.11.3.rel1.linux64_1.1.100.202309141235/tools/bin/../lib/gcc/arm-none-eabi/11.3.1/../../../../arm-none-eabi/lib/thumb/v7e-m+fp/hard/libc_nano.a(libc_a-mallocr.o)
 .text._malloc_r
                0x00000000080082d8      0x100 /home/frank/st/stm32cubeide_1.14.0/plugins/com.st.stm32cube.ide.mcu.externaltools.gnu-tools-for-stm32.11.3.rel1.linux64_1.1.100.202309141235/tools/bin/../lib/gcc/arm-none-eabi/11.3.1/../../../../arm-none-eabi/lib/thumb/v7e-m+fp/hard/libc_nano.a(libc_a-mallocr.o)
                0x00000000080082d8                _malloc_r
 .text.__malloc_lock
                0x00000000080083d8        0xc /home/frank/st/stm32cubeide_1.14.0/plugins/com.st.stm32cube.ide.mcu.externaltools.gnu-tools-for-stm32.11.3.rel1.linux64_1.1.100.202309141235/tools/bin/../lib/gcc/arm-none-eabi/11.3.1/../../../../arm-none-eabi/lib/thumb/v7e-m+fp/hard/libc_nano.a(libc_a-mlock.o)
                0x00000000080083d8                __malloc_lock
 .text.__malloc_unlock
                0x00000000080083e4        0xc /home/frank/st/stm32cubeide_1.14.0/plugins/com.st.stm32cube.ide.mcu.externaltools.gnu-tools-for-stm32.11.3.rel1.linux64_1.1.100.202309141235/tools/bin/../lib/gcc/arm-none-eabi/11.3.1/../../../../arm-none-eabi/lib/thumb/v7e-m+fp/hard/libc_nano.a(libc_a-mlock.o)
                0x00000000080083e4                __malloc_unlock
 .text.__ssputs_r
                0x00000000080083f0       0xb4 /home/frank/st/stm32cubeide_1.14.0/plugins/com.st.stm32cube.ide.mcu.externaltools.gnu-tools-for-stm32.11.3.rel1.linux64_1.1.100.202309141235/tools/bin/../lib/gcc/arm-none-eabi/11.3.1/../../../../arm-none-eabi/lib/thumb/v7e-m+fp/hard/libc_nano.a(libc_a-nano-svfprintf.o)
                0x00000000080083f0                __ssputs_r
 .text._svfprintf_r
                0x00000000080084a4      0x1fc /home/frank/st/stm32cubeide_1.14.0/plugins/com.st.stm32cube.ide.mcu.externaltools.gnu-tools-for-stm32.11.3.rel1.linux64_1.1.100.202309141235/tools/bin/../lib/gcc/arm-none-eabi/11.3.1/../../../../arm-none-eabi/lib/thumb/v7e-m+fp/hard/libc_nano.a(libc_a-nano-svfprintf.o)
                0x00000000080084a4                _svfprintf_r
                0x00000000080084a4                _svfiprintf_r
 .text.__sfputc_r
                0x00000000080086a0       0x2e /home/frank/st/stm32cubeide_1.14.0/plugins/com.st.stm32cube.ide.mcu.externaltools.gnu-tools-for-stm32.11.3.rel1.linux64_1.1.100.202309141235/tools/bin/../lib/gcc/arm-none-eabi/11.3.1/../../../../arm-none-eabi/lib/thumb/v7e-m+fp/hard/libc_nano.a(libc_a-nano-vfprintf.o)
 .text.__sfputs_r
                0x00000000080086ce       0x24 /home/frank/st/stm32cubeide_1.14.0/plugins/com.st.stm32cube.ide.mcu.externaltools.gnu-tools-for-stm32.11.3.rel1.linux64_1.1.100.202309141235/tools/bin/../lib/gcc/arm-none-eabi/11.3.1/../../../../arm-none-eabi/lib/thumb/v7e-m+fp/hard/libc_nano.a(libc_a-nano-vfprintf.o)
                0x00000000080086ce                __sfputs_r
 *fill*         0x00000000080086f2        0x2 
 .text._vfprintf_r
                0x00000000080086f4      0x234 /home/frank/st/stm32cubeide_1.14.0/plugins/com.st.stm32cube.ide.mcu.externaltools.gnu-tools-for-stm32.11.3.rel1.linux64_1.1.100.202309141235/tools/bin/../lib/gcc/arm-none-eabi/11.3.1/../../../../arm-none-eabi/lib/thumb/v7e-m+fp/hard/libc_nano.a(libc_a-nano-vfprintf.o)
                0x00000000080086f4                _vfiprintf_r
                0x00000000080086f4                _vfprintf_r
 .text._printf_common
                0x0000000008008928       0xda /home/frank/st/stm32cubeide_1.14.0/plugins/com.st.stm32cube.ide.mcu.externaltools.gnu-tools-for-stm32.11.3.rel1.linux64_1.1.100.202309141235/tools/bin/../lib/gcc/arm-none-eabi/11.3.1/../../../../arm-none-eabi/lib/thumb/v7e-m+fp/hard/libc_nano.a(libc_a-nano-vfprintf_i.o)
                0x0000000008008928                _printf_common
 *fill*         0x0000000008008a02        0x2 
 .text._printf_i
                0x0000000008008a04      0x244 /home/frank/st/stm32cubeide_1.14.0/plugins/com.st.stm32cube.ide.mcu.externaltools.gnu-tools-for-stm32.11.3.rel1.linux64_1.1.100.202309141235/tools/bin/../lib/gcc/arm-none-eabi/11.3.1/../../../../arm-none-eabi/lib/thumb/v7e-m+fp/hard/libc_nano.a(libc_a-nano-vfprintf_i.o)
                0x0000000008008a04                _printf_i
 .text.__sflush_r
                0x0000000008008c48      0x10c /home/frank/st/stm32cubeide_1.14.0/plugins/com.st.stm32cube.ide.mcu.externaltools.gnu-tools-for-stm32.11.3.rel1.linux64_1.1.100.202309141235/tools/bin/../lib/gcc/arm-none-eabi/11.3.1/../../../../arm-none-eabi/lib/thumb/v7e-m+fp/hard/libc_nano.a(libc_a-fflush.o)
                0x0000000008008c48                __sflush_r
 .text._fflush_r
                0x0000000008008d54       0x50 /home/frank/st/stm32cubeide_1.14.0/plugins/com.st.stm32cube.ide.mcu.externaltools.gnu-tools-for-stm32.11.3.rel1.linux64_1.1.100.202309141235/tools/bin/../lib/gcc/arm-none-eabi/11.3.1/../../../../arm-none-eabi/lib/thumb/v7e-m+fp/hard/libc_nano.a(libc_a-fflush.o)
                0x0000000008008d54                _fflush_r
 .text.__swhatbuf_r
                0x0000000008008da4       0x4c /home/frank/st/stm32cubeide_1.14.0/plugins/com.st.stm32cube.ide.mcu.externaltools.gnu-tools-for-stm32.11.3.rel1.linux64_1.1.100.202309141235/tools/bin/../lib/gcc/arm-none-eabi/11.3.1/../../../../arm-none-eabi/lib/thumb/v7e-m+fp/hard/libc_nano.a(libc_a-makebuf.o)
                0x0000000008008da4                __swhatbuf_r
 .text.__smakebuf_r
                0x0000000008008df0       0x78 /home/frank/st/stm32cubeide_1.14.0/plugins/com.st.stm32cube.ide.mcu.externaltools.gnu-tools-for-stm32.11.3.rel1.linux64_1.1.100.202309141235/tools/bin/../lib/gcc/arm-none-eabi/11.3.1/../../../../arm-none-eabi/lib/thumb/v7e-m+fp/hard/libc_nano.a(libc_a-makebuf.o)
                0x0000000008008df0                __smakebuf_r
 .text.memmove  0x0000000008008e68       0x34 /home/frank/st/stm32cubeide_1.14.0/plugins/com.st.stm32cube.ide.mcu.externaltools.gnu-tools-for-stm32.11.3.rel1.linux64_1.1.100.202309141235/tools/bin/../lib/gcc/arm-none-eabi/11.3.1/../../../../arm-none-eabi/lib/thumb/v7e-m+fp/hard/libc_nano.a(libc_a-memmove.o)
                0x0000000008008e68                memmove
 .text._fstat_r
                0x0000000008008e9c       0x24 /home/frank/st/stm32cubeide_1.14.0/plugins/com.st.stm32cube.ide.mcu.externaltools.gnu-tools-for-stm32.11.3.rel1.linux64_1.1.100.202309141235/tools/bin/../lib/gcc/arm-none-eabi/11.3.1/../../../../arm-none-eabi/lib/thumb/v7e-m+fp/hard/libc_nano.a(libc_a-fstatr.o)
                0x0000000008008e9c                _fstat_r
 .text._isatty_r
                0x0000000008008ec0       0x20 /home/frank/st/stm32cubeide_1.14.0/plugins/com.st.stm32cube.ide.mcu.externaltools.gnu-tools-for-stm32.11.3.rel1.linux64_1.1.100.202309141235/tools/bin/../lib/gcc/arm-none-eabi/11.3.1/../../../../arm-none-eabi/lib/thumb/v7e-m+fp/hard/libc_nano.a(libc_a-isattyr.o)
                0x0000000008008ec0                _isatty_r
 .text._sbrk_r  0x0000000008008ee0       0x20 /home/frank/st/stm32cubeide_1.14.0/plugins/com.st.stm32cube.ide.mcu.externaltools.gnu-tools-for-stm32.11.3.rel1.linux64_1.1.100.202309141235/tools/bin/../lib/gcc/arm-none-eabi/11.3.1/../../../../arm-none-eabi/lib/thumb/v7e-m+fp/hard/libc_nano.a(libc_a-sbrkr.o)
                0x0000000008008ee0                _sbrk_r
 .text._realloc_r
                0x0000000008008f00       0x5e /home/frank/st/stm32cubeide_1.14.0/plugins/com.st.stm32cube.ide.mcu.externaltools.gnu-tools-for-stm32.11.3.rel1.linux64_1.1.100.202309141235/tools/bin/../lib/gcc/arm-none-eabi/11.3.1/../../../../arm-none-eabi/lib/thumb/v7e-m+fp/hard/libc_nano.a(libc_a-reallocr.o)
                0x0000000008008f00                _realloc_r
 .text._malloc_usable_size_r
                0x0000000008008f5e       0x10 /home/frank/st/stm32cubeide_1.14.0/plugins/com.st.stm32cube.ide.mcu.externaltools.gnu-tools-for-stm32.11.3.rel1.linux64_1.1.100.202309141235/tools/bin/../lib/gcc/arm-none-eabi/11.3.1/../../../../arm-none-eabi/lib/thumb/v7e-m+fp/hard/libc_nano.a(libc_a-msizer.o)
                0x0000000008008f5e                _malloc_usable_size_r
 *fill*         0x0000000008008f6e        0x2 
 .text._sbrk    0x0000000008008f70       0x1c /home/frank/st/stm32cubeide_1.14.0/plugins/com.st.stm32cube.ide.mcu.externaltools.gnu-tools-for-stm32.11.3.rel1.linux64_1.1.100.202309141235/tools/bin/../lib/gcc/arm-none-eabi/11.3.1/../../../../arm-none-eabi/lib/thumb/v7e-m+fp/hard/libnosys.a(sbrk.o)
                0x0000000008008f70                _sbrk
 *(.glue_7)
 .glue_7        0x0000000008008f8c        0x0 linker stubs
 *(.glue_7t)
 .glue_7t       0x0000000008008f8c        0x0 linker stubs
 *(.eh_frame)
 .eh_frame      0x0000000008008f8c        0x0 /home/frank/st/stm32cubeide_1.14.0/plugins/com.st.stm32cube.ide.mcu.externaltools.gnu-tools-for-stm32.11.3.rel1.linux64_1.1.100.202309141235/tools/bin/../lib/gcc/arm-none-eabi/11.3.1/thumb/v7e-m+fp/hard/crtbegin.o
 *(.init)
 .init          0x0000000008008f8c        0x4 /home/frank/st/stm32cubeide_1.14.0/plugins/com.st.stm32cube.ide.mcu.externaltools.gnu-tools-for-stm32.11.3.rel1.linux64_1.1.100.202309141235/tools/bin/../lib/gcc/arm-none-eabi/11.3.1/thumb/v7e-m+fp/hard/crti.o
                0x0000000008008f8c                _init
 .init          0x0000000008008f90        0x8 /home/frank/st/stm32cubeide_1.14.0/plugins/com.st.stm32cube.ide.mcu.externaltools.gnu-tools-for-stm32.11.3.rel1.linux64_1.1.100.202309141235/tools/bin/../lib/gcc/arm-none-eabi/11.3.1/thumb/v7e-m+fp/hard/crtn.o
 *(.fini)
 .fini          0x0000000008008f98        0x4 /home/frank/st/stm32cubeide_1.14.0/plugins/com.st.stm32cube.ide.mcu.externaltools.gnu-tools-for-stm32.11.3.rel1.linux64_1.1.100.202309141235/tools/bin/../lib/gcc/arm-none-eabi/11.3.1/thumb/v7e-m+fp/hard/crti.o
                0x0000000008008f98                _fini
 .fini          0x0000000008008f9c        0x8 /home/frank/st/stm32cubeide_1.14.0/plugins/com.st.stm32cube.ide.mcu.externaltools.gnu-tools-for-stm32.11.3.rel1.linux64_1.1.100.202309141235/tools/bin/../lib/gcc/arm-none-eabi/11.3.1/thumb/v7e-m+fp/hard/crtn.o
                0x0000000008008fa4                . = ALIGN (0x4)
                0x0000000008008fa4                _etext = .

.vfp11_veneer   0x0000000008008fa4        0x0
 .vfp11_veneer  0x0000000008008fa4        0x0 linker stubs

.v4_bx          0x0000000008008fa4        0x0
 .v4_bx         0x0000000008008fa4        0x0 linker stubs

.iplt           0x0000000008008fa4        0x0
 .iplt          0x0000000008008fa4        0x0 /home/frank/st/stm32cubeide_1.14.0/plugins/com.st.stm32cube.ide.mcu.externaltools.gnu-tools-for-stm32.11.3.rel1.linux64_1.1.100.202309141235/tools/bin/../lib/gcc/arm-none-eabi/11.3.1/thumb/v7e-m+fp/hard/crtbegin.o

.rodata         0x0000000008008fa4      0x484
                0x0000000008008fa4                . = ALIGN (0x4)
 *(.rodata)
 .rodata        0x0000000008008fa4      0x3dd ./Core/Src/main.o
 *fill*         0x0000000008009381        0x3 
 .rodata        0x0000000008009384       0x40 ./Core/Src/modbus.o
 .rodata        0x00000000080093c4        0x5 ./Middleware/FreeRTOS/tasks.o
 *fill*         0x00000000080093c9        0x3 
 .rodata        0x00000000080093cc        0xd ./Middleware/FreeRTOS/timers.o
 *(.rodata*)
 *fill*         0x00000000080093d9        0x3 
 .rodata.AHBPrescTable
                0x00000000080093dc       0x10 ./Core/Src/system_stm32f4xx.o
                0x00000000080093dc                AHBPrescTable
 .rodata.APBPrescTable
                0x00000000080093ec        0x8 ./Core/Src/system_stm32f4xx.o
                0x00000000080093ec                APBPrescTable
 .rodata._svfprintf_r.str1.1
                0x00000000080093f4       0x11 /home/frank/st/stm32cubeide_1.14.0/plugins/com.st.stm32cube.ide.mcu.externaltools.gnu-tools-for-stm32.11.3.rel1.linux64_1.1.100.202309141235/tools/bin/../lib/gcc/arm-none-eabi/11.3.1/../../../../arm-none-eabi/lib/thumb/v7e-m+fp/hard/libc_nano.a(libc_a-nano-svfprintf.o)
 .rodata._vfprintf_r.str1.1
                0x0000000008009405       0x11 /home/frank/st/stm32cubeide_1.14.0/plugins/com.st.stm32cube.ide.mcu.externaltools.gnu-tools-for-stm32.11.3.rel1.linux64_1.1.100.202309141235/tools/bin/../lib/gcc/arm-none-eabi/11.3.1/../../../../arm-none-eabi/lib/thumb/v7e-m+fp/hard/libc_nano.a(libc_a-nano-vfprintf.o)
 .rodata._printf_i.str1.1
                0x0000000008009405       0x22 /home/frank/st/stm32cubeide_1.14.0/plugins/com.st.stm32cube.ide.mcu.externaltools.gnu-tools-for-stm32.11.3.rel1.linux64_1.1.100.202309141235/tools/bin/../lib/gcc/arm-none-eabi/11.3.1/../../../../arm-none-eabi/lib/thumb/v7e-m+fp/hard/libc_nano.a(libc_a-nano-vfprintf_i.o)
                0x0000000008009428                . = ALIGN (0x4)
 *fill*         0x0000000008009427        0x1 

.ARM.extab      0x0000000008009428        0x0
                0x0000000008009428                . = ALIGN (0x4)
 *(.ARM.extab* .gnu.linkonce.armextab.*)
                0x0000000008009428                . = ALIGN (0x4)

.ARM            0x0000000008009428        0x8
                0x0000000008009428                . = ALIGN (0x4)
                0x0000000008009428                __exidx_start = .
 *(.ARM.exidx*)
 .ARM.exidx     0x0000000008009428        0x8 /home/frank/st/stm32cubeide_1.14.0/plugins/com.st.stm32cube.ide.mcu.externaltools.gnu-tools-for-stm32.11.3.rel1.linux64_1.1.100.202309141235/tools/bin/../lib/gcc/arm-none-eabi/11.3.1/thumb/v7e-m+fp/hard/libgcc.a(_udivmoddi4.o)
                0x0000000008009430                __exidx_end = .
                0x0000000008009430                . = ALIGN (0x4)

.rel.dyn        0x0000000008009430        0x0
 .rel.iplt      0x0000000008009430        0x0 /home/frank/st/stm32cubeide_1.14.0/plugins/com.st.stm32cube.ide.mcu.externaltools.gnu-tools-for-stm32.11.3.rel1.linux64_1.1.100.202309141235/tools/bin/../lib/gcc/arm-none-eabi/11.3.1/thumb/v7e-m+fp/hard/crtbegin.o

.preinit_array  0x0000000008009430        0x0
                0x0000000008009430                . = ALIGN (0x4)
                0x0000000008009430                PROVIDE (__preinit_array_start = .)
 *(.preinit_array*)
                0x0000000008009430                PROVIDE (__preinit_array_end = .)
                0x0000000008009430                . = ALIGN (0x4)

.init_array     0x0000000008009430        0x4
                0x0000000008009430                . = ALIGN (0x4)
                0x0000000008009430                PROVIDE (__init_array_start = .)
 *(SORT_BY_NAME(.init_array.*))
 *(.init_array*)
 .init_array    0x0000000008009430        0x4 /home/frank/st/stm32cubeide_1.14.0/plugins/com.st.stm32cube.ide.mcu.externaltools.gnu-tools-for-stm32.11.3.rel1.linux64_1.1.100.202309141235/tools/bin/../lib/gcc/arm-none-eabi/11.3.1/thumb/v7e-m+fp/hard/crtbegin.o
                0x0000000008009434                PROVIDE (__init_array_end = .)
                0x0000000008009434                . = ALIGN (0x4)

.fini_array     0x0000000008009434        0x4
                0x0000000008009434                . = ALIGN (0x4)
                [!provide]                        PROVIDE (__fini_array_start = .)
 *(SORT_BY_NAME(.fini_array.*))
 *(.fini_array*)
 .fini_array    0x0000000008009434        0x4 /home/frank/st/stm32cubeide_1.14.0/plugins/com.st.stm32cube.ide.mcu.externaltools.gnu-tools-for-stm32.11.3.rel1.linux64_1.1.100.202309141235/tools/bin/../lib/gcc/arm-none-eabi/11.3.1/thumb/v7e-m+fp/hard/crtbegin.o
                [!provide]                        PROVIDE (__fini_array_end = .)
                0x0000000008009438                . = ALIGN (0x4)
                0x0000000008009438                _sidata = LOADADDR (.data)

.data           0x0000000020000000      0x138 load address 0x0000000008009438
                0x0000000020000000                . = ALIGN (0x4)
                0x0000000020000000                _sdata = .
 *(.data)
 *(.data*)
 .data.gWIZNETINFO
                0x0000000020000000       0x17 ./Core/Src/main.o
                0x0000000020000000                gWIZNETINFO
 *fill*         0x0000000020000017        0x1 
 .data.holding_register
                0x0000000020000018       0x80 ./Core/Src/main.o
                0x0000000020000018                holding_register
 .data.SystemCoreClock
                0x0000000020000098        0x4 ./Core/Src/system_stm32f4xx.o
                0x0000000020000098                SystemCoreClock
 .data.sock_any_port
                0x000000002000009c        0x2 ./Core/Src/w5500/socket.o
 *fill*         0x000000002000009e        0x2 
 .data.WIZCHIP  0x00000000200000a0       0x2c ./Core/Src/w5500/wizchip_conf.o
                0x00000000200000a0                WIZCHIP
 .data.uwTickPrio
                0x00000000200000cc        0x4 ./Drivers/STM32F4xx_HAL_Driver/stm32f4xx_hal.o
                0x00000000200000cc                uwTickPrio
 .data.uwTickFreq
                0x00000000200000d0        0x1 ./Drivers/STM32F4xx_HAL_Driver/stm32f4xx_hal.o
                0x00000000200000d0                uwTickFreq
 *fill*         0x00000000200000d1        0x3 
 .data.uxTopUsedPriority
                0x00000000200000d4        0x4 ./Middleware/FreeRTOS/tasks.o
                0x00000000200000d4                uxTopUsedPriority
 .data.uxCriticalNesting
                0x00000000200000d8        0x4 ./Middleware/FreeRTOS/portable/GCC/ARM_CM4F/port.o
 .data.__sglue  0x00000000200000dc        0xc /home/frank/st/stm32cubeide_1.14.0/plugins/com.st.stm32cube.ide.mcu.externaltools.gnu-tools-for-stm32.11.3.rel1.linux64_1.1.100.202309141235/tools/bin/../lib/gcc/arm-none-eabi/11.3.1/../../../../arm-none-eabi/lib/thumb/v7e-m+fp/hard/libc_nano.a(libc_a-findfp.o)
                0x00000000200000dc                __sglue
 .data._impure_data
                0x00000000200000e8       0x4c /home/frank/st/stm32cubeide_1.14.0/plugins/com.st.stm32cube.ide.mcu.externaltools.gnu-tools-for-stm32.11.3.rel1.linux64_1.1.100.202309141235/tools/bin/../lib/gcc/arm-none-eabi/11.3.1/../../../../arm-none-eabi/lib/thumb/v7e-m+fp/hard/libc_nano.a(libc_a-impure.o)
                0x00000000200000e8                _impure_data
 .data._impure_ptr
                0x0000000020000134        0x4 /home/frank/st/stm32cubeide_1.14.0/plugins/com.st.stm32cube.ide.mcu.externaltools.gnu-tools-for-stm32.11.3.rel1.linux64_1.1.100.202309141235/tools/bin/../lib/gcc/arm-none-eabi/11.3.1/../../../../arm-none-eabi/lib/thumb/v7e-m+fp/hard/libc_nano.a(libc_a-impure.o)
                0x0000000020000134                _impure_ptr
 *(.RamFunc)
 *(.RamFunc*)
                0x0000000020000138                . = ALIGN (0x4)
                0x0000000020000138                _edata = .

.igot.plt       0x0000000020000138        0x0 load address 0x0000000008009570
 .igot.plt      0x0000000020000138        0x0 /home/frank/st/stm32cubeide_1.14.0/plugins/com.st.stm32cube.ide.mcu.externaltools.gnu-tools-for-stm32.11.3.rel1.linux64_1.1.100.202309141235/tools/bin/../lib/gcc/arm-none-eabi/11.3.1/thumb/v7e-m+fp/hard/crtbegin.o
                0x0000000020000138                . = ALIGN (0x4)

.bss            0x0000000020000138    0x1316c load address 0x0000000008009570
                0x0000000020000138                _sbss = .
                0x0000000020000138                __bss_start__ = _sbss
 *(.bss)
 .bss           0x0000000020000138       0x1c /home/frank/st/stm32cubeide_1.14.0/plugins/com.st.stm32cube.ide.mcu.externaltools.gnu-tools-for-stm32.11.3.rel1.linux64_1.1.100.202309141235/tools/bin/../lib/gcc/arm-none-eabi/11.3.1/thumb/v7e-m+fp/hard/crtbegin.o
 *(.bss*)
 .bss.msg       0x0000000020000154       0x3c ./Core/Src/main.o
                0x0000000020000154                msg
 .bss.hspi1     0x0000000020000190       0x58 ./Core/Src/main.o
                0x0000000020000190                hspi1
 .bss.huart1    0x00000000200001e8       0x48 ./Core/Src/main.o
                0x00000000200001e8                huart1
 .bss.TX_buffer
                0x0000000020000230       0x80 ./Core/Src/main.o
                0x0000000020000230                TX_buffer
 .bss.RX_buffer
                0x00000000200002b0       0x80 ./Core/Src/main.o
                0x00000000200002b0                RX_buffer
 .bss.task1_handle
                0x0000000020000330        0x4 ./Core/Src/main.o
                0x0000000020000330                task1_handle
 .bss.status    0x0000000020000334        0x4 ./Core/Src/main.o
                0x0000000020000334                status
 .bss.error_flag
                0x0000000020000338        0x1 ./Core/Src/modbus.o
                0x0000000020000338                error_flag
 .bss.low_byte  0x0000000020000339        0x1 ./Core/Src/modbus.o
                0x0000000020000339                low_byte
 .bss.high_byte
                0x000000002000033a        0x1 ./Core/Src/modbus.o
                0x000000002000033a                high_byte
 *fill*         0x000000002000033b        0x1 
 .bss.htim6     0x000000002000033c       0x48 ./Core/Src/stm32f4xx_hal_timebase_tim.o
                0x000000002000033c                htim6
 .bss.sock_io_mode
                0x0000000020000384        0x2 ./Core/Src/w5500/socket.o
 .bss.sock_is_sending
                0x0000000020000386        0x2 ./Core/Src/w5500/socket.o
 .bss.sock_remained_size
                0x0000000020000388       0x10 ./Core/Src/w5500/socket.o
 .bss.sock_pack_info
                0x0000000020000398        0x8 ./Core/Src/w5500/socket.o
                0x0000000020000398                sock_pack_info
 .bss._DNS_     0x00000000200003a0        0x4 ./Core/Src/w5500/wizchip_conf.o
 .bss._DHCP_    0x00000000200003a4        0x1 ./Core/Src/w5500/wizchip_conf.o
 *fill*         0x00000000200003a5        0x3 
 .bss.uwTick    0x00000000200003a8        0x4 ./Drivers/STM32F4xx_HAL_Driver/stm32f4xx_hal.o
                0x00000000200003a8                uwTick
 .bss.xQueueRegistry
                0x00000000200003ac       0x40 ./Middleware/FreeRTOS/queue.o
                0x00000000200003ac                xQueueRegistry
 .bss.pxCurrentTCB
                0x00000000200003ec        0x4 ./Middleware/FreeRTOS/tasks.o
                0x00000000200003ec                pxCurrentTCB
 .bss.pxReadyTasksLists
                0x00000000200003f0       0x64 ./Middleware/FreeRTOS/tasks.o
 .bss.xDelayedTaskList1
                0x0000000020000454       0x14 ./Middleware/FreeRTOS/tasks.o
 .bss.xDelayedTaskList2
                0x0000000020000468       0x14 ./Middleware/FreeRTOS/tasks.o
 .bss.pxDelayedTaskList
                0x000000002000047c        0x4 ./Middleware/FreeRTOS/tasks.o
 .bss.pxOverflowDelayedTaskList
                0x0000000020000480        0x4 ./Middleware/FreeRTOS/tasks.o
 .bss.xPendingReadyList
                0x0000000020000484       0x14 ./Middleware/FreeRTOS/tasks.o
 .bss.xTasksWaitingTermination
                0x0000000020000498       0x14 ./Middleware/FreeRTOS/tasks.o
 .bss.uxDeletedTasksWaitingCleanUp
                0x00000000200004ac        0x4 ./Middleware/FreeRTOS/tasks.o
 .bss.xSuspendedTaskList
                0x00000000200004b0       0x14 ./Middleware/FreeRTOS/tasks.o
 .bss.uxCurrentNumberOfTasks
                0x00000000200004c4        0x4 ./Middleware/FreeRTOS/tasks.o
 .bss.xTickCount
                0x00000000200004c8        0x4 ./Middleware/FreeRTOS/tasks.o
 .bss.uxTopReadyPriority
                0x00000000200004cc        0x4 ./Middleware/FreeRTOS/tasks.o
 .bss.xSchedulerRunning
                0x00000000200004d0        0x4 ./Middleware/FreeRTOS/tasks.o
 .bss.xPendedTicks
                0x00000000200004d4        0x4 ./Middleware/FreeRTOS/tasks.o
 .bss.xYieldPending
                0x00000000200004d8        0x4 ./Middleware/FreeRTOS/tasks.o
 .bss.xNumOfOverflows
                0x00000000200004dc        0x4 ./Middleware/FreeRTOS/tasks.o
 .bss.uxTaskNumber
                0x00000000200004e0        0x4 ./Middleware/FreeRTOS/tasks.o
 .bss.xNextTaskUnblockTime
                0x00000000200004e4        0x4 ./Middleware/FreeRTOS/tasks.o
 .bss.xIdleTaskHandle
                0x00000000200004e8        0x4 ./Middleware/FreeRTOS/tasks.o
 .bss.uxSchedulerSuspended
                0x00000000200004ec        0x4 ./Middleware/FreeRTOS/tasks.o
 .bss.xActiveTimerList1
                0x00000000200004f0       0x14 ./Middleware/FreeRTOS/timers.o
 .bss.xActiveTimerList2
                0x0000000020000504       0x14 ./Middleware/FreeRTOS/timers.o
 .bss.pxCurrentTimerList
                0x0000000020000518        0x4 ./Middleware/FreeRTOS/timers.o
 .bss.pxOverflowTimerList
                0x000000002000051c        0x4 ./Middleware/FreeRTOS/timers.o
 .bss.xTimerQueue
                0x0000000020000520        0x4 ./Middleware/FreeRTOS/timers.o
 .bss.xTimerTaskHandle
                0x0000000020000524        0x4 ./Middleware/FreeRTOS/timers.o
 .bss.xLastTime.0
                0x0000000020000528        0x4 ./Middleware/FreeRTOS/timers.o
 .bss.ucMaxSysCallPriority
                0x000000002000052c        0x1 ./Middleware/FreeRTOS/portable/GCC/ARM_CM4F/port.o
 *fill*         0x000000002000052d        0x3 
 .bss.ulMaxPRIGROUPValue
                0x0000000020000530        0x4 ./Middleware/FreeRTOS/portable/GCC/ARM_CM4F/port.o
 .bss.ucHeap    0x0000000020000534    0x12c00 ./Middleware/FreeRTOS/portable/MemMang/heap_4.o
 .bss.xStart    0x0000000020013134        0x8 ./Middleware/FreeRTOS/portable/MemMang/heap_4.o
 .bss.pxEnd     0x000000002001313c        0x4 ./Middleware/FreeRTOS/portable/MemMang/heap_4.o
 .bss.xFreeBytesRemaining
                0x0000000020013140        0x4 ./Middleware/FreeRTOS/portable/MemMang/heap_4.o
 .bss.xMinimumEverFreeBytesRemaining
                0x0000000020013144        0x4 ./Middleware/FreeRTOS/portable/MemMang/heap_4.o
 .bss.xNumberOfSuccessfulAllocations
                0x0000000020013148        0x4 ./Middleware/FreeRTOS/portable/MemMang/heap_4.o
 .bss.xNumberOfSuccessfulFrees
                0x000000002001314c        0x4 ./Middleware/FreeRTOS/portable/MemMang/heap_4.o
 .bss.xBlockAllocatedBit
                0x0000000020013150        0x4 ./Middleware/FreeRTOS/portable/MemMang/heap_4.o
 .bss.__sf      0x0000000020013154      0x138 /home/frank/st/stm32cubeide_1.14.0/plugins/com.st.stm32cube.ide.mcu.externaltools.gnu-tools-for-stm32.11.3.rel1.linux64_1.1.100.202309141235/tools/bin/../lib/gcc/arm-none-eabi/11.3.1/../../../../arm-none-eabi/lib/thumb/v7e-m+fp/hard/libc_nano.a(libc_a-findfp.o)
                0x0000000020013154                __sf
 .bss.__stdio_exit_handler
                0x000000002001328c        0x4 /home/frank/st/stm32cubeide_1.14.0/plugins/com.st.stm32cube.ide.mcu.externaltools.gnu-tools-for-stm32.11.3.rel1.linux64_1.1.100.202309141235/tools/bin/../lib/gcc/arm-none-eabi/11.3.1/../../../../arm-none-eabi/lib/thumb/v7e-m+fp/hard/libc_nano.a(libc_a-findfp.o)
                0x000000002001328c                __stdio_exit_handler
 .bss.errno     0x0000000020013290        0x4 /home/frank/st/stm32cubeide_1.14.0/plugins/com.st.stm32cube.ide.mcu.externaltools.gnu-tools-for-stm32.11.3.rel1.linux64_1.1.100.202309141235/tools/bin/../lib/gcc/arm-none-eabi/11.3.1/../../../../arm-none-eabi/lib/thumb/v7e-m+fp/hard/libc_nano.a(libc_a-reent.o)
                0x0000000020013290                errno
 .bss.__lock___malloc_recursive_mutex
                0x0000000020013294        0x1 /home/frank/st/stm32cubeide_1.14.0/plugins/com.st.stm32cube.ide.mcu.externaltools.gnu-tools-for-stm32.11.3.rel1.linux64_1.1.100.202309141235/tools/bin/../lib/gcc/arm-none-eabi/11.3.1/../../../../arm-none-eabi/lib/thumb/v7e-m+fp/hard/libc_nano.a(libc_a-lock.o)
                0x0000000020013294                __lock___malloc_recursive_mutex
 .bss.__lock___sfp_recursive_mutex
                0x0000000020013295        0x1 /home/frank/st/stm32cubeide_1.14.0/plugins/com.st.stm32cube.ide.mcu.externaltools.gnu-tools-for-stm32.11.3.rel1.linux64_1.1.100.202309141235/tools/bin/../lib/gcc/arm-none-eabi/11.3.1/../../../../arm-none-eabi/lib/thumb/v7e-m+fp/hard/libc_nano.a(libc_a-lock.o)
                0x0000000020013295                __lock___sfp_recursive_mutex
 *fill*         0x0000000020013296        0x2 
 .bss.__malloc_free_list
                0x0000000020013298        0x4 /home/frank/st/stm32cubeide_1.14.0/plugins/com.st.stm32cube.ide.mcu.externaltools.gnu-tools-for-stm32.11.3.rel1.linux64_1.1.100.202309141235/tools/bin/../lib/gcc/arm-none-eabi/11.3.1/../../../../arm-none-eabi/lib/thumb/v7e-m+fp/hard/libc_nano.a(libc_a-mallocr.o)
                0x0000000020013298                __malloc_free_list
 .bss.__malloc_sbrk_start
                0x000000002001329c        0x4 /home/frank/st/stm32cubeide_1.14.0/plugins/com.st.stm32cube.ide.mcu.externaltools.gnu-tools-for-stm32.11.3.rel1.linux64_1.1.100.202309141235/tools/bin/../lib/gcc/arm-none-eabi/11.3.1/../../../../arm-none-eabi/lib/thumb/v7e-m+fp/hard/libc_nano.a(libc_a-mallocr.o)
                0x000000002001329c                __malloc_sbrk_start
 .bss.heap_end.0
                0x00000000200132a0        0x4 /home/frank/st/stm32cubeide_1.14.0/plugins/com.st.stm32cube.ide.mcu.externaltools.gnu-tools-for-stm32.11.3.rel1.linux64_1.1.100.202309141235/tools/bin/../lib/gcc/arm-none-eabi/11.3.1/../../../../arm-none-eabi/lib/thumb/v7e-m+fp/hard/libnosys.a(sbrk.o)
 *(COMMON)
                0x00000000200132a4                . = ALIGN (0x4)
                0x00000000200132a4                _ebss = .
                0x00000000200132a4                __bss_end__ = _ebss

._user_heap_stack
                0x00000000200132a4      0x604 load address 0x0000000008009570
                0x00000000200132a8                . = ALIGN (0x8)
 *fill*         0x00000000200132a4        0x4 
                0x00000000200132a8                PROVIDE (end = .)
                [!provide]                        PROVIDE (_end = .)
                0x00000000200134a8                . = (. + _Min_Heap_Size)
 *fill*         0x00000000200132a8      0x200 
                0x00000000200138a8                . = (. + _Min_Stack_Size)
 *fill*         0x00000000200134a8      0x400 
                0x00000000200138a8                . = ALIGN (0x8)

/DISCARD/
 libc.a(*)
 libm.a(*)
 libgcc.a(*)

.ARM.attributes
                0x0000000000000000       0x30
 *(.ARM.attributes)
 .ARM.attributes
                0x0000000000000000       0x1e /home/frank/st/stm32cubeide_1.14.0/plugins/com.st.stm32cube.ide.mcu.externaltools.gnu-tools-for-stm32.11.3.rel1.linux64_1.1.100.202309141235/tools/bin/../lib/gcc/arm-none-eabi/11.3.1/thumb/v7e-m+fp/hard/crti.o
 .ARM.attributes
                0x000000000000001e       0x34 /home/frank/st/stm32cubeide_1.14.0/plugins/com.st.stm32cube.ide.mcu.externaltools.gnu-tools-for-stm32.11.3.rel1.linux64_1.1.100.202309141235/tools/bin/../lib/gcc/arm-none-eabi/11.3.1/thumb/v7e-m+fp/hard/crtbegin.o
 .ARM.attributes
                0x0000000000000052       0x34 ./Core/Src/main.o
 .ARM.attributes
                0x0000000000000086       0x34 ./Core/Src/modbus.o
 .ARM.attributes
                0x00000000000000ba       0x34 ./Core/Src/stm32f4xx_hal_msp.o
 .ARM.attributes
                0x00000000000000ee       0x34 ./Core/Src/stm32f4xx_hal_timebase_tim.o
 .ARM.attributes
                0x0000000000000122       0x34 ./Core/Src/stm32f4xx_it.o
 .ARM.attributes
                0x0000000000000156       0x34 ./Core/Src/syscalls.o
 .ARM.attributes
                0x000000000000018a       0x34 ./Core/Src/system_stm32f4xx.o
 .ARM.attributes
                0x00000000000001be       0x34 ./Core/Src/w5500/W5500/w5500.o
 .ARM.attributes
                0x00000000000001f2       0x34 ./Core/Src/w5500/socket.o
 .ARM.attributes
                0x0000000000000226       0x34 ./Core/Src/w5500/wizchip_conf.o
 .ARM.attributes
                0x000000000000025a       0x21 ./Core/Startup/startup_stm32f446retx.o
 .ARM.attributes
                0x000000000000027b       0x34 ./Drivers/STM32F4xx_HAL_Driver/stm32f4xx_hal.o
 .ARM.attributes
                0x00000000000002af       0x34 ./Drivers/STM32F4xx_HAL_Driver/stm32f4xx_hal_cortex.o
 .ARM.attributes
                0x00000000000002e3       0x34 ./Drivers/STM32F4xx_HAL_Driver/stm32f4xx_hal_gpio.o
 .ARM.attributes
                0x0000000000000317       0x34 ./Drivers/STM32F4xx_HAL_Driver/stm32f4xx_hal_pwr_ex.o
 .ARM.attributes
                0x000000000000034b       0x34 ./Drivers/STM32F4xx_HAL_Driver/stm32f4xx_hal_rcc.o
 .ARM.attributes
                0x000000000000037f       0x34 ./Drivers/STM32F4xx_HAL_Driver/stm32f4xx_hal_rcc_ex.o
 .ARM.attributes
                0x00000000000003b3       0x34 ./Drivers/STM32F4xx_HAL_Driver/stm32f4xx_hal_spi.o
 .ARM.attributes
                0x00000000000003e7       0x34 ./Drivers/STM32F4xx_HAL_Driver/stm32f4xx_hal_tim.o
 .ARM.attributes
                0x000000000000041b       0x34 ./Drivers/STM32F4xx_HAL_Driver/stm32f4xx_hal_tim_ex.o
 .ARM.attributes
                0x000000000000044f       0x34 ./Drivers/STM32F4xx_HAL_Driver/stm32f4xx_hal_uart.o
 .ARM.attributes
                0x0000000000000483       0x34 ./Middleware/FreeRTOS/list.o
 .ARM.attributes
                0x00000000000004b7       0x34 ./Middleware/FreeRTOS/queue.o
 .ARM.attributes
                0x00000000000004eb       0x34 ./Middleware/FreeRTOS/tasks.o
 .ARM.attributes
                0x000000000000051f       0x34 ./Middleware/FreeRTOS/timers.o
 .ARM.attributes
                0x0000000000000553       0x34 ./Middleware/FreeRTOS/portable/GCC/ARM_CM4F/port.o
 .ARM.attributes
                0x0000000000000587       0x34 ./Middleware/FreeRTOS/portable/MemMang/heap_4.o
 .ARM.attributes
                0x00000000000005bb       0x34 /home/frank/st/stm32cubeide_1.14.0/plugins/com.st.stm32cube.ide.mcu.externaltools.gnu-tools-for-stm32.11.3.rel1.linux64_1.1.100.202309141235/tools/bin/../lib/gcc/arm-none-eabi/11.3.1/../../../../arm-none-eabi/lib/thumb/v7e-m+fp/hard/libc_nano.a(libc_a-findfp.o)
 .ARM.attributes
                0x00000000000005ef       0x34 /home/frank/st/stm32cubeide_1.14.0/plugins/com.st.stm32cube.ide.mcu.externaltools.gnu-tools-for-stm32.11.3.rel1.linux64_1.1.100.202309141235/tools/bin/../lib/gcc/arm-none-eabi/11.3.1/../../../../arm-none-eabi/lib/thumb/v7e-m+fp/hard/libc_nano.a(libc_a-fwalk.o)
 .ARM.attributes
                0x0000000000000623       0x34 /home/frank/st/stm32cubeide_1.14.0/plugins/com.st.stm32cube.ide.mcu.externaltools.gnu-tools-for-stm32.11.3.rel1.linux64_1.1.100.202309141235/tools/bin/../lib/gcc/arm-none-eabi/11.3.1/../../../../arm-none-eabi/lib/thumb/v7e-m+fp/hard/libc_nano.a(libc_a-printf.o)
 .ARM.attributes
                0x0000000000000657       0x34 /home/frank/st/stm32cubeide_1.14.0/plugins/com.st.stm32cube.ide.mcu.externaltools.gnu-tools-for-stm32.11.3.rel1.linux64_1.1.100.202309141235/tools/bin/../lib/gcc/arm-none-eabi/11.3.1/../../../../arm-none-eabi/lib/thumb/v7e-m+fp/hard/libc_nano.a(libc_a-puts.o)
 .ARM.attributes
                0x000000000000068b       0x34 /home/frank/st/stm32cubeide_1.14.0/plugins/com.st.stm32cube.ide.mcu.externaltools.gnu-tools-for-stm32.11.3.rel1.linux64_1.1.100.202309141235/tools/bin/../lib/gcc/arm-none-eabi/11.3.1/../../../../arm-none-eabi/lib/thumb/v7e-m+fp/hard/libc_nano.a(libc_a-sprintf.o)
 .ARM.attributes
                0x00000000000006bf       0x34 /home/frank/st/stm32cubeide_1.14.0/plugins/com.st.stm32cube.ide.mcu.externaltools.gnu-tools-for-stm32.11.3.rel1.linux64_1.1.100.202309141235/tools/bin/../lib/gcc/arm-none-eabi/11.3.1/../../../../arm-none-eabi/lib/thumb/v7e-m+fp/hard/libc_nano.a(libc_a-stdio.o)
 .ARM.attributes
                0x00000000000006f3       0x34 /home/frank/st/stm32cubeide_1.14.0/plugins/com.st.stm32cube.ide.mcu.externaltools.gnu-tools-for-stm32.11.3.rel1.linux64_1.1.100.202309141235/tools/bin/../lib/gcc/arm-none-eabi/11.3.1/../../../../arm-none-eabi/lib/thumb/v7e-m+fp/hard/libc_nano.a(libc_a-wbuf.o)
 .ARM.attributes
                0x0000000000000727       0x34 /home/frank/st/stm32cubeide_1.14.0/plugins/com.st.stm32cube.ide.mcu.externaltools.gnu-tools-for-stm32.11.3.rel1.linux64_1.1.100.202309141235/tools/bin/../lib/gcc/arm-none-eabi/11.3.1/../../../../arm-none-eabi/lib/thumb/v7e-m+fp/hard/libc_nano.a(libc_a-wsetup.o)
 .ARM.attributes
                0x000000000000075b       0x34 /home/frank/st/stm32cubeide_1.14.0/plugins/com.st.stm32cube.ide.mcu.externaltools.gnu-tools-for-stm32.11.3.rel1.linux64_1.1.100.202309141235/tools/bin/../lib/gcc/arm-none-eabi/11.3.1/../../../../arm-none-eabi/lib/thumb/v7e-m+fp/hard/libc_nano.a(libc_a-memset.o)
 .ARM.attributes
                0x000000000000078f       0x34 /home/frank/st/stm32cubeide_1.14.0/plugins/com.st.stm32cube.ide.mcu.externaltools.gnu-tools-for-stm32.11.3.rel1.linux64_1.1.100.202309141235/tools/bin/../lib/gcc/arm-none-eabi/11.3.1/../../../../arm-none-eabi/lib/thumb/v7e-m+fp/hard/libc_nano.a(libc_a-closer.o)
 .ARM.attributes