Archive member included to satisfy reference by file (symbol)

/home/frank/st/stm32cubeide_1.14.0/plugins/com.st.stm32cube.ide.mcu.externaltools.gnu-tools-for-stm32.11.3.rel1.linux64_1.1.100.202309141235/tools/bin/../lib/gcc/arm-none-eabi/11.3.1/../../../../arm-none-eabi/lib/thumb/v7e-m+fp/hard/libc_nano.a(libc_a-exit.o)
                              /home/frank/st/stm32cubeide_1.14.0/plugins/com.st.stm32cube.ide.mcu.externaltools.gnu-tools-for-stm32.11.3.rel1.linux64_1.1.100.202309141235/tools/bin/../lib/gcc/arm-none-eabi/11.3.1/../../../../arm-none-eabi/lib/thumb/v7e-m+fp/hard/crt0.o (exit)
/home/frank/st/stm32cubeide_1.14.0/plugins/com.st.stm32cube.ide.mcu.externaltools.gnu-tools-for-stm32.11.3.rel1.linux64_1.1.100.202309141235/tools/bin/../lib/gcc/arm-none-eabi/11.3.1/../../../../arm-none-eabi/lib/thumb/v7e-m+fp/hard/libc_nano.a(libc_a-findfp.o)
                              /home/frank/st/stm32cubeide_1.14.0/plugins/com.st.stm32cube.ide.mcu.externaltools.gnu-tools-for-stm32.11.3.rel1.linux64_1.1.100.202309141235/tools/bin/../lib/gcc/arm-none-eabi/11.3.1/../../../../arm-none-eabi/lib/thumb/v7e-m+fp/hard/libc_nano.a(libc_a-exit.o) (__stdio_exit_handler)
/home/frank/st/stm32cubeide_1.14.0/plugins/com.st.stm32cube.ide.mcu.externaltools.gnu-tools-for-stm32.11.3.rel1.linux64_1.1.100.202309141235/tools/bin/../lib/gcc/arm-none-eabi/11.3.1/../../../../arm-none-eabi/lib/thumb/v7e-m+fp/hard/libc_nano.a(libc_a-fwalk.o)
                              /home/frank/st/stm32cubeide_1.14.0/plugins/com.st.stm32cube.ide.mcu.externaltools.gnu-tools-for-stm32.11.3.rel1.linux64_1.1.100.202309141235/tools/bin/../lib/gcc/arm-none-eabi/11.3.1/../../../../arm-none-eabi/lib/thumb/v7e-m+fp/hard/libc_nano.a(libc_a-findfp.o) (_fwalk_sglue)
/home/frank/st/stm32cubeide_1.14.0/plugins/com.st.stm32cube.ide.mcu.externaltools.gnu-tools-for-stm32.11.3.rel1.linux64_1.1.100.202309141235/tools/bin/../lib/gcc/arm-none-eabi/11.3.1/../../../../arm-none-eabi/lib/thumb/v7e-m+fp/hard/libc_nano.a(libc_a-printf.o)
                              ./Core/Src/main.o (printf)
/home/frank/st/stm32cubeide_1.14.0/plugins/com.st.stm32cube.ide.mcu.externaltools.gnu-tools-for-stm32.11.3.rel1.linux64_1.1.100.202309141235/tools/bin/../lib/gcc/arm-none-eabi/11.3.1/../../../../arm-none-eabi/lib/thumb/v7e-m+fp/hard/libc_nano.a(libc_a-puts.o)
                              ./Core/Src/main.o (puts)
/home/frank/st/stm32cubeide_1.14.0/plugins/com.st.stm32cube.ide.mcu.externaltools.gnu-tools-for-stm32.11.3.rel1.linux64_1.1.100.202309141235/tools/bin/../lib/gcc/arm-none-eabi/11.3.1/../../../../arm-none-eabi/lib/thumb/v7e-m+fp/hard/libc_nano.a(libc_a-sprintf.o)
                              ./Core/Src/main.o (sprintf)
/home/frank/st/stm32cubeide_1.14.0/plugins/com.st.stm32cube.ide.mcu.externaltools.gnu-tools-for-stm32.11.3.rel1.linux64_1.1.100.202309141235/tools/bin/../lib/gcc/arm-none-eabi/11.3.1/../../../../arm-none-eabi/lib/thumb/v7e-m+fp/hard/libc_nano.a(libc_a-stdio.o)
                              /home/frank/st/stm32cubeide_1.14.0/plugins/com.st.stm32cube.ide.mcu.externaltools.gnu-tools-for-stm32.11.3.rel1.linux64_1.1.100.202309141235/tools/bin/../lib/gcc/arm-none-eabi/11.3.1/../../../../arm-none-eabi/lib/thumb/v7e-m+fp/hard/libc_nano.a(libc_a-findfp.o) (__sread)
/home/frank/st/stm32cubeide_1.14.0/plugins/com.st.stm32cube.ide.mcu.externaltools.gnu-tools-for-stm32.11.3.rel1.linux64_1.1.100.202309141235/tools/bin/../lib/gcc/arm-none-eabi/11.3.1/../../../../arm-none-eabi/lib/thumb/v7e-m+fp/hard/libc_nano.a(libc_a-wbuf.o)
                              /home/frank/st/stm32cubeide_1.14.0/plugins/com.st.stm32cube.ide.mcu.externaltools.gnu-tools-for-stm32.11.3.rel1.linux64_1.1.100.202309141235/tools/bin/../lib/gcc/arm-none-eabi/11.3.1/../../../../arm-none-eabi/lib/thumb/v7e-m+fp/hard/libc_nano.a(libc_a-puts.o) (__swbuf_r)
/home/frank/st/stm32cubeide_1.14.0/plugins/com.st.stm32cube.ide.mcu.externaltools.gnu-tools-for-stm32.11.3.rel1.linux64_1.1.100.202309141235/tools/bin/../lib/gcc/arm-none-eabi/11.3.1/../../../../arm-none-eabi/lib/thumb/v7e-m+fp/hard/libc_nano.a(libc_a-wsetup.o)
                              /home/frank/st/stm32cubeide_1.14.0/plugins/com.st.stm32cube.ide.mcu.externaltools.gnu-tools-for-stm32.11.3.rel1.linux64_1.1.100.202309141235/tools/bin/../lib/gcc/arm-none-eabi/11.3.1/../../../../arm-none-eabi/lib/thumb/v7e-m+fp/hard/libc_nano.a(libc_a-puts.o) (__swsetup_r)
/home/frank/st/stm32cubeide_1.14.0/plugins/com.st.stm32cube.ide.mcu.externaltools.gnu-tools-for-stm32.11.3.rel1.linux64_1.1.100.202309141235/tools/bin/../lib/gcc/arm-none-eabi/11.3.1/../../../../arm-none-eabi/lib/thumb/v7e-m+fp/hard/libc_nano.a(libc_a-memcmp.o)
                              ./Middleware/SEGGER/OS/SEGGER_SYSVIEW_FreeRTOS.o (memcmp)
[...]
Memory Configuration

Name             Origin             Length             Attributes
RAM              0x0000000020000000 0x0000000000020000 xrw
FLASH            0x0000000008000000 0x0000000000080000 xr
*default*        0x0000000000000000 0xffffffffffffffff

Linker script and memory map

LOAD /home/frank/st/stm32cubeide_1.14.0/plugins/com.st.stm32cube.ide.mcu.externaltools.gnu-tools-for-stm32.11.3.rel1.linux64_1.1.100.202309141235/tools/bin/../lib/gcc/arm-none-eabi/11.3.1/thumb/v7e-m+fp/hard/crti.o
LOAD /home/frank/st/stm32cubeide_1.14.0/plugins/com.st.stm32cube.ide.mcu.externaltools.gnu-tools-for-stm32.11.3.rel1.linux64_1.1.100.202309141235/tools/bin/../lib/gcc/arm-none-eabi/11.3.1/thumb/v7e-m+fp/hard/crtbegin.o
LOAD /home/frank/st/stm32cubeide_1.14.0/plugins/com.st.stm32cube.ide.mcu.externaltools.gnu-tools-for-stm32.11.3.rel1.linux64_1.1.100.202309141235/tools/bin/../lib/gcc/arm-none-eabi/11.3.1/../../../../arm-none-eabi/lib/thumb/v7e-m+fp/hard/crt0.o
LOAD ./Core/Src/delay.o
LOAD ./Core/Src/main.o
LOAD ./Core/Src/modbus.o
LOAD ./Core/Src/stm32f4xx_hal_msp.o
LOAD ./Core/Src/stm32f4xx_hal_timebase_tim.o
LOAD ./Core/Src/stm32f4xx_it.o
LOAD ./Core/Src/syscalls.o
LOAD ./Core/Src/system_stm32f4xx.o
LOAD ./Core/Src/w5500/W5500/w5500.o
LOAD ./Core/Src/w5500/socket.o
LOAD ./Core/Src/w5500/wizchip_conf.o
LOAD ./Core/Startup/startup_stm32f446retx.o
LOAD ./Drivers/STM32F4xx_HAL_Driver/stm32f4xx_hal.o
LOAD ./Drivers/STM32F4xx_HAL_Driver/stm32f4xx_hal_cortex.o
LOAD ./Drivers/STM32F4xx_HAL_Driver/stm32f4xx_hal_dma.o
LOAD ./Drivers/STM32F4xx_HAL_Driver/stm32f4xx_hal_dma_ex.o
LOAD ./Drivers/STM32F4xx_HAL_Driver/stm32f4xx_hal_exti.o
LOAD ./Drivers/STM32F4xx_HAL_Driver/stm32f4xx_hal_flash.o
LOAD ./Drivers/STM32F4xx_HAL_Driver/stm32f4xx_hal_flash_ex.o
LOAD ./Drivers/STM32F4xx_HAL_Driver/stm32f4xx_hal_flash_ramfunc.o
LOAD ./Drivers/STM32F4xx_HAL_Driver/stm32f4xx_hal_gpio.o
LOAD ./Drivers/STM32F4xx_HAL_Driver/stm32f4xx_hal_pwr.o
LOAD ./Drivers/STM32F4xx_HAL_Driver/stm32f4xx_hal_pwr_ex.o
LOAD ./Drivers/STM32F4xx_HAL_Driver/stm32f4xx_hal_rcc.o
LOAD ./Drivers/STM32F4xx_HAL_Driver/stm32f4xx_hal_rcc_ex.o
LOAD ./Drivers/STM32F4xx_HAL_Driver/stm32f4xx_hal_spi.o
LOAD ./Drivers/STM32F4xx_HAL_Driver/stm32f4xx_hal_tim.o
LOAD ./Drivers/STM32F4xx_HAL_Driver/stm32f4xx_hal_tim_ex.o
LOAD ./Drivers/STM32F4xx_HAL_Driver/stm32f4xx_hal_uart.o
LOAD ./Middleware/FreeRTOS/croutine.o
LOAD ./Middleware/FreeRTOS/event_groups.o
LOAD ./Middleware/FreeRTOS/list.o
LOAD ./Middleware/FreeRTOS/queue.o
LOAD ./Middleware/FreeRTOS/stream_buffer.o
LOAD ./Middleware/FreeRTOS/tasks.o
LOAD ./Middleware/FreeRTOS/timers.o
LOAD ./Middleware/FreeRTOS/portable/GCC/ARM_CM4F/port.o
LOAD ./Middleware/FreeRTOS/portable/MemMang/heap_4.o
LOAD ./Middleware/SEGGER/Config/SEGGER_SYSVIEW_Config_FreeRTOS.o
LOAD ./Middleware/SEGGER/OS/SEGGER_SYSVIEW_FreeRTOS.o
LOAD ./Middleware/SEGGER/SEGGER/SEGGER_RTT.o
LOAD ./Middleware/SEGGER/SEGGER/SEGGER_RTT_ASM_ARMv7M.o
LOAD ./Middleware/SEGGER/SEGGER/SEGGER_RTT_printf.o
LOAD ./Middleware/SEGGER/SEGGER/SEGGER_SYSVIEW.o
LOAD ./Middleware/SEGGER/SEGGER/Syscalls/SEGGER_RTT_Syscalls_GCC.o
START GROUP
LOAD /home/frank/st/stm32cubeide_1.14.0/plugins/com.st.stm32cube.ide.mcu.externaltools.gnu-tools-for-stm32.11.3.rel1.linux64_1.1.100.202309141235/tools/bin/../lib/gcc/arm-none-eabi/11.3.1/../../../../arm-none-eabi/lib/thumb/v7e-m+fp/hard/libc_nano.a
LOAD /home/frank/st/stm32cubeide_1.14.0/plugins/com.st.stm32cube.ide.mcu.externaltools.gnu-tools-for-stm32.11.3.rel1.linux64_1.1.100.202309141235/tools/bin/../lib/gcc/arm-none-eabi/11.3.1/../../../../arm-none-eabi/lib/thumb/v7e-m+fp/hard/libm.a
END GROUP
START GROUP
LOAD /home/frank/st/stm32cubeide_1.14.0/plugins/com.st.stm32cube.ide.mcu.externaltools.gnu-tools-for-stm32.11.3.rel1.linux64_1.1.100.202309141235/tools/bin/../lib/gcc/arm-none-eabi/11.3.1/thumb/v7e-m+fp/hard/libgcc.a
LOAD /home/frank/st/stm32cubeide_1.14.0/plugins/com.st.stm32cube.ide.mcu.externaltools.gnu-tools-for-stm32.11.3.rel1.linux64_1.1.100.202309141235/tools/bin/../lib/gcc/arm-none-eabi/11.3.1/../../../../arm-none-eabi/lib/thumb/v7e-m+fp/hard/libc_nano.a
END GROUP
START GROUP
LOAD /home/frank/st/stm32cubeide_1.14.0/plugins/com.st.stm32cube.ide.mcu.externaltools.gnu-tools-for-stm32.11.3.rel1.linux64_1.1.100.202309141235/tools/bin/../lib/gcc/arm-none-eabi/11.3.1/thumb/v7e-m+fp/hard/libgcc.a
LOAD /home/frank/st/stm32cubeide_1.14.0/plugins/com.st.stm32cube.ide.mcu.externaltools.gnu-tools-for-stm32.11.3.rel1.linux64_1.1.100.202309141235/tools/bin/../lib/gcc/arm-none-eabi/11.3.1/../../../../arm-none-eabi/lib/thumb/v7e-m+fp/hard/libc_nano.a
LOAD /home/frank/st/stm32cubeide_1.14.0/plugins/com.st.stm32cube.ide.mcu.externaltools.gnu-tools-for-stm32.11.3.rel1.linux64_1.1.100.202309141235/tools/bin/../lib/gcc/arm-none-eabi/11.3.1/../../../../arm-none-eabi/lib/thumb/v7e-m+fp/hard/libnosys.a
END GROUP
START GROUP
LOAD /home/frank/st/stm32cubeide_1.14.0/plugins/com.st.stm32cube.ide.mcu.externaltools.gnu-tools-for-stm32.11.3.rel1.linux64_1.1.100.202309141235/tools/bin/../lib/gcc/arm-none-eabi/11.3.1/thumb/v7e-m+fp/hard/libgcc.a
LOAD /home/frank/st/stm32cubeide_1.14.0/plugins/com.st.stm32cube.ide.mcu.externaltools.gnu-tools-for-stm32.11.3.rel1.linux64_1.1.100.202309141235/tools/bin/../lib/gcc/arm-none-eabi/11.3.1/../../../../arm-none-eabi/lib/thumb/v7e-m+fp/hard/libc_nano.a
LOAD /home/frank/st/stm32cubeide_1.14.0/plugins/com.st.stm32cube.ide.mcu.externaltools.gnu-tools-for-stm32.11.3.rel1.linux64_1.1.100.202309141235/tools/bin/../lib/gcc/arm-none-eabi/11.3.1/../../../../arm-none-eabi/lib/thumb/v7e-m+fp/hard/libnosys.a
END GROUP
LOAD /home/frank/st/stm32cubeide_1.14.0/plugins/com.st.stm32cube.ide.mcu.externaltools.gnu-tools-for-stm32.11.3.rel1.linux64_1.1.100.202309141235/tools/bin/../lib/gcc/arm-none-eabi/11.3.1/thumb/v7e-m+fp/hard/crtend.o
LOAD /home/frank/st/stm32cubeide_1.14.0/plugins/com.st.stm32cube.ide.mcu.externaltools.gnu-tools-for-stm32.11.3.rel1.linux64_1.1.100.202309141235/tools/bin/../lib/gcc/arm-none-eabi/11.3.1/thumb/v7e-m+fp/hard/crtn.o
                0x0000000020020000                _estack = (ORIGIN (RAM) + LENGTH (RAM))
                0x0000000000000200                _Min_Heap_Size = 0x200
                0x0000000000000400                _Min_Stack_Size = 0x400

.isr_vector     0x0000000008000000      0x1c4
                0x0000000008000000                . = ALIGN (0x4)
 *(.isr_vector)
 .isr_vector    0x0000000008000000      0x1c4 ./Core/Startup/startup_stm32f446retx.o
                0x0000000008000000                g_pfnVectors
                0x00000000080001c4                . = ALIGN (0x4)

.text           0x00000000080001d0     0xad94
                0x00000000080001d0                . = ALIGN (0x4)
 *(.text)
 .text          0x00000000080001d0       0x40 /home/frank/st/stm32cubeide_1.14.0/plugins/com.st.stm32cube.ide.mcu.externaltools.gnu-tools-for-stm32.11.3.rel1.linux64_1.1.100.202309141235/tools/bin/../lib/gcc/arm-none-eabi/11.3.1/thumb/v7e-m+fp/hard/crtbegin.o
 .text          0x0000000008000210       0x94 ./Middleware/SEGGER/SEGGER/SEGGER_RTT_ASM_ARMv7M.o
                0x0000000008000210                SEGGER_RTT_ASM_WriteSkipNoLock
 .text          0x00000000080002a4       0x14 /home/frank/st/stm32cubeide_1.14.0/plugins/com.st.stm32cube.ide.mcu.externaltools.gnu-tools-for-stm32.11.3.rel1.linux64_1.1.100.202309141235/tools/bin/../lib/gcc/arm-none-eabi/11.3.1/../../../../arm-none-eabi/lib/thumb/v7e-m+fp/hard/libc_nano.a(libc_a-strcmp.o)
                0x00000000080002a4                strcmp
 .text          0x00000000080002b8       0x10 /home/frank/st/stm32cubeide_1.14.0/plugins/com.st.stm32cube.ide.mcu.externaltools.gnu-tools-for-stm32.11.3.rel1.linux64_1.1.100.202309141235/tools/bin/../lib/gcc/arm-none-eabi/11.3.1/../../../../arm-none-eabi/lib/thumb/v7e-m+fp/hard/libc_nano.a(libc_a-strlen.o)
                0x00000000080002b8                strlen
 *fill*         0x00000000080002c8        0x8 
 .text          0x00000000080002d0       0xa0 /home/frank/st/stm32cubeide_1.14.0/plugins/com.st.stm32cube.ide.mcu.externaltools.gnu-tools-for-stm32.11.3.rel1.linux64_1.1.100.202309141235/tools/bin/../lib/gcc/arm-none-eabi/11.3.1/../../../../arm-none-eabi/lib/thumb/v7e-m+fp/hard/libc_nano.a(libc_a-memchr.o)
                0x00000000080002d0                memchr
 .text          0x0000000008000370       0x30 /home/frank/st/stm32cubeide_1.14.0/plugins/com.st.stm32cube.ide.mcu.externaltools.gnu-tools-for-stm32.11.3.rel1.linux64_1.1.100.202309141235/tools/bin/../lib/gcc/arm-none-eabi/11.3.1/thumb/v7e-m+fp/hard/libgcc.a(_aeabi_uldivmod.o)
                0x0000000008000370                __aeabi_uldivmod
 .text          0x00000000080003a0      0x2c8 /home/frank/st/stm32cubeide_1.14.0/plugins/com.st.stm32cube.ide.mcu.externaltools.gnu-tools-for-stm32.11.3.rel1.linux64_1.1.100.202309141235/tools/bin/../lib/gcc/arm-none-eabi/11.3.1/thumb/v7e-m+fp/hard/libgcc.a(_udivmoddi4.o)
                0x00000000080003a0                __udivmoddi4
 .text          0x0000000008000668        0x4 /home/frank/st/stm32cubeide_1.14.0/plugins/com.st.stm32cube.ide.mcu.externaltools.gnu-tools-for-stm32.11.3.rel1.linux64_1.1.100.202309141235/tools/bin/../lib/gcc/arm-none-eabi/11.3.1/thumb/v7e-m+fp/hard/libgcc.a(_dvmd_tls.o)
                0x0000000008000668                __aeabi_ldiv0
                0x0000000008000668                __aeabi_idiv0
 *(.text*)
 .text.main     0x000000000800066c      0x3d8 ./Core/Src/main.o
                0x000000000800066c                main
 .text.SystemClock_Config
                0x0000000008000a44       0xe4 ./Core/Src/main.o
                0x0000000008000a44                SystemClock_Config
 .text.MX_SPI1_Init
                0x0000000008000b28       0x6c ./Core/Src/main.o
 .text.MX_USART1_UART_Init
                0x0000000008000b94       0x54 ./Core/Src/main.o
 .text.MX_GPIO_Init
                0x0000000008000be8      0x10c ./Core/Src/main.o
 .text.task1_handler
                0x0000000008000cf4       0x20 ./Core/Src/main.o
 .text.W5500_rxtx
                0x0000000008000d14       0x2c ./Core/Src/main.o
                0x0000000008000d14                W5500_rxtx
 .text.wizchip_select
                0x0000000008000d40       0x18 ./Core/Src/main.o
                0x0000000008000d40                wizchip_select
 .text.wizchip_deselect
                0x0000000008000d58       0x18 ./Core/Src/main.o
                0x0000000008000d58                wizchip_deselect
 .text.wizchip_write
                0x0000000008000d70       0x1a ./Core/Src/main.o
                0x0000000008000d70                wizchip_write
 .text.wizchip_read
                0x0000000008000d8a       0x10 ./Core/Src/main.o
                0x0000000008000d8a                wizchip_read
 *fill*         0x0000000008000d9a        0x2 
 .text.network_init
                0x0000000008000d9c       0x24 ./Core/Src/main.o
                0x0000000008000d9c                network_init
 .text.PHYStatusCheck
                0x0000000008000dc0       0x58 ./Core/Src/main.o
                0x0000000008000dc0                PHYStatusCheck
 .text.PrintPHYConf
                0x0000000008000e18       0x88 ./Core/Src/main.o
                0x0000000008000e18                PrintPHYConf
 .text.HAL_TIM_PeriodElapsedCallback
                0x0000000008000ea0       0x24 ./Core/Src/main.o
                0x0000000008000ea0                HAL_TIM_PeriodElapsedCallback
 .text.Error_Handler
                0x0000000008000ec4        0xa ./Core/Src/main.o
                0x0000000008000ec4                Error_Handler
 .text.get_HB_LB
                0x0000000008000ece       0x2e ./Core/Src/modbus.o
                0x0000000008000ece                get_HB_LB
 .text.make_word
                0x0000000008000efc       0x36 ./Core/Src/modbus.o
                0x0000000008000efc                make_word
 *fill*         0x0000000008000f32        0x2 
 .text.modbus_receive
                0x0000000008000f34      0x2f4 ./Core/Src/modbus.o
                0x0000000008000f34                modbus_receive
 .text.HAL_MspInit
                0x0000000008001228       0x50 ./Core/Src/stm32f4xx_hal_msp.o
                0x0000000008001228                HAL_MspInit
 .text.HAL_SPI_MspInit
                0x0000000008001278       0x90 ./Core/Src/stm32f4xx_hal_msp.o
                0x0000000008001278                HAL_SPI_MspInit
 .text.HAL_UART_MspInit
                0x0000000008001308       0x90 ./Core/Src/stm32f4xx_hal_msp.o
                0x0000000008001308                HAL_UART_MspInit
 .text.HAL_InitTick
                0x0000000008001398       0xf8 ./Core/Src/stm32f4xx_hal_timebase_tim.o
                0x0000000008001398                HAL_InitTick
 .text.NMI_Handler
                0x0000000008001490        0x6 ./Core/Src/stm32f4xx_it.o
                0x0000000008001490                NMI_Handler
 .text.HardFault_Handler
                0x0000000008001496        0x6 ./Core/Src/stm32f4xx_it.o
                0x0000000008001496                HardFault_Handler
 .text.MemManage_Handler
                0x000000000800149c        0x6 ./Core/Src/stm32f4xx_it.o
                0x000000000800149c                MemManage_Handler
 .text.BusFault_Handler
                0x00000000080014a2        0x6 ./Core/Src/stm32f4xx_it.o
                0x00000000080014a2                BusFault_Handler
 .text.UsageFault_Handler
                0x00000000080014a8        0x6 ./Core/Src/stm32f4xx_it.o
                0x00000000080014a8                UsageFault_Handler
 .text.DebugMon_Handler
                0x00000000080014ae        0xe ./Core/Src/stm32f4xx_it.o
                0x00000000080014ae                DebugMon_Handler
 .text.TIM6_DAC_IRQHandler
                0x00000000080014bc       0x14 ./Core/Src/stm32f4xx_it.o
                0x00000000080014bc                TIM6_DAC_IRQHandler
 .text._read    0x00000000080014d0       0x3a ./Core/Src/syscalls.o
                0x00000000080014d0                _read
 .text._close   0x000000000800150a       0x18 ./Core/Src/syscalls.o
                0x000000000800150a                _close
 .text._fstat   0x0000000008001522       0x20 ./Core/Src/syscalls.o
                0x0000000008001522                _fstat
 .text._isatty  0x0000000008001542       0x16 ./Core/Src/syscalls.o
                0x0000000008001542                _isatty
 .text._lseek   0x0000000008001558       0x1a ./Core/Src/syscalls.o
                0x0000000008001558                _lseek
 *fill*         0x0000000008001572        0x2 
 .text.SystemInit
                0x0000000008001574       0x24 ./Core/Src/system_stm32f4xx.o
                0x0000000008001574                SystemInit
 .text.WIZCHIP_READ
                0x0000000008001598       0x98 ./Core/Src/w5500/W5500/w5500.o
                0x0000000008001598                WIZCHIP_READ
 .text.WIZCHIP_WRITE
                0x0000000008001630       0x9c ./Core/Src/w5500/W5500/w5500.o
                0x0000000008001630                WIZCHIP_WRITE
 .text.WIZCHIP_READ_BUF
                0x00000000080016cc       0xc0 ./Core/Src/w5500/W5500/w5500.o
                0x00000000080016cc                WIZCHIP_READ_BUF
 .text.WIZCHIP_WRITE_BUF
                0x000000000800178c       0xc0 ./Core/Src/w5500/W5500/w5500.o
                0x000000000800178c                WIZCHIP_WRITE_BUF
 .text.getSn_TX_FSR
                0x000000000800184c       0x96 ./Core/Src/w5500/W5500/w5500.o
                0x000000000800184c                getSn_TX_FSR
 .text.getSn_RX_RSR
                0x00000000080018e2       0x96 ./Core/Src/w5500/W5500/w5500.o
                0x00000000080018e2                getSn_RX_RSR
 .text.wiz_send_data
                0x0000000008001978       0xb8 ./Core/Src/w5500/W5500/w5500.o
                0x0000000008001978                wiz_send_data
 .text.wiz_recv_data
                0x0000000008001a30       0xb8 ./Core/Src/w5500/W5500/w5500.o
                0x0000000008001a30                wiz_recv_data
 .text.socket   0x0000000008001ae8      0x228 ./Core/Src/w5500/socket.o
                0x0000000008001ae8                socket
 .text.close    0x0000000008001d10       0xdc ./Core/Src/w5500/socket.o
                0x0000000008001d10                close
 .text.listen   0x0000000008001dec       0xb2 ./Core/Src/w5500/socket.o
                0x0000000008001dec                listen
 *fill*         0x0000000008001e9e        0x2 
 .text.disconnect
                0x0000000008001ea0       0xec ./Core/Src/w5500/socket.o
                0x0000000008001ea0                disconnect
 .text.send     0x0000000008001f8c      0x1f4 ./Core/Src/w5500/socket.o
                0x0000000008001f8c                send
 .text.recv     0x0000000008002180      0x16c ./Core/Src/w5500/socket.o
                0x0000000008002180                recv
 .text.ctlsocket
                0x00000000080022ec      0x1b4 ./Core/Src/w5500/socket.o
                0x00000000080022ec                ctlsocket
 .text.wizchip_cris_enter
                0x00000000080024a0        0xe ./Core/Src/w5500/wizchip_conf.o
                0x00000000080024a0                wizchip_cris_enter
 .text.wizchip_cris_exit
                0x00000000080024ae        0xe ./Core/Src/w5500/wizchip_conf.o
                0x00000000080024ae                wizchip_cris_exit
 .text.wizchip_cs_select
                0x00000000080024bc        0xe ./Core/Src/w5500/wizchip_conf.o
                0x00000000080024bc                wizchip_cs_select
 .text.wizchip_cs_deselect
                0x00000000080024ca        0xe ./Core/Src/w5500/wizchip_conf.o
                0x00000000080024ca                wizchip_cs_deselect
 .text.wizchip_bus_readdata
                0x00000000080024d8       0x1a ./Core/Src/w5500/wizchip_conf.o
                0x00000000080024d8                wizchip_bus_readdata
 .text.wizchip_bus_writedata
                0x00000000080024f2       0x1e ./Core/Src/w5500/wizchip_conf.o
                0x00000000080024f2                wizchip_bus_writedata
 .text.wizchip_spi_readbyte
                0x0000000008002510       0x10 ./Core/Src/w5500/wizchip_conf.o
                0x0000000008002510                wizchip_spi_readbyte
 .text.wizchip_spi_writebyte
                0x0000000008002520       0x16 ./Core/Src/w5500/wizchip_conf.o
                0x0000000008002520                wizchip_spi_writebyte
 *fill*         0x0000000008002536        0x2 
 .text.reg_wizchip_cs_cbfunc
                0x0000000008002538       0x4c ./Core/Src/w5500/wizchip_conf.o
                0x0000000008002538                reg_wizchip_cs_cbfunc
 .text.reg_wizchip_spi_cbfunc
                0x0000000008002584       0x58 ./Core/Src/w5500/wizchip_conf.o
                0x0000000008002584                reg_wizchip_spi_cbfunc
 .text.ctlwizchip
                0x00000000080025dc      0x1c4 ./Core/Src/w5500/wizchip_conf.o
                0x00000000080025dc                ctlwizchip
 .text.ctlnetwork
                0x00000000080027a0       0x7c ./Core/Src/w5500/wizchip_conf.o
                0x00000000080027a0                ctlnetwork
 .text.wizchip_sw_reset
                0x000000000800281c       0x98 ./Core/Src/w5500/wizchip_conf.o
                0x000000000800281c                wizchip_sw_reset
 .text.wizchip_init
                0x00000000080028b4      0x118 ./Core/Src/w5500/wizchip_conf.o
                0x00000000080028b4                wizchip_init
 .text.wizchip_clrinterrupt
                0x00000000080029cc       0x68 ./Core/Src/w5500/wizchip_conf.o
                0x00000000080029cc                wizchip_clrinterrupt
 .text.wizchip_getinterrupt
                0x0000000008002a34       0x4a ./Core/Src/w5500/wizchip_conf.o
                0x0000000008002a34                wizchip_getinterrupt
 .text.wizchip_setinterruptmask
                0x0000000008002a7e       0x36 ./Core/Src/w5500/wizchip_conf.o
                0x0000000008002a7e                wizchip_setinterruptmask
 .text.wizchip_getinterruptmask
                0x0000000008002ab4       0x46 ./Core/Src/w5500/wizchip_conf.o
                0x0000000008002ab4                wizchip_getinterruptmask
 .text.wizphy_getphylink
                0x0000000008002afa       0x2c ./Core/Src/w5500/wizchip_conf.o
                0x0000000008002afa                wizphy_getphylink
 .text.wizphy_getphypmode
                0x0000000008002b26       0x32 ./Core/Src/w5500/wizchip_conf.o
                0x0000000008002b26                wizphy_getphypmode
 .text.wizphy_reset
                0x0000000008002b58       0x4e ./Core/Src/w5500/wizchip_conf.o
                0x0000000008002b58                wizphy_reset
 .text.wizphy_setphyconf
                0x0000000008002ba6       0x84 ./Core/Src/w5500/wizchip_conf.o
                0x0000000008002ba6                wizphy_setphyconf
 *fill*         0x0000000008002c2a        0x2 
 .text.wizphy_getphyconf
                0x0000000008002c2c       0xd4 ./Core/Src/w5500/wizchip_conf.o
                0x0000000008002c2c                wizphy_getphyconf
 .text.wizphy_setphypmode
                0x0000000008002d00       0x94 ./Core/Src/w5500/wizchip_conf.o
                0x0000000008002d00                wizphy_setphypmode
 .text.wizchip_setnetinfo
                0x0000000008002d94       0x80 ./Core/Src/w5500/wizchip_conf.o
                0x0000000008002d94                wizchip_setnetinfo
 .text.wizchip_getnetinfo
                0x0000000008002e14       0x80 ./Core/Src/w5500/wizchip_conf.o
                0x0000000008002e14                wizchip_getnetinfo
 .text.wizchip_setnetmode
                0x0000000008002e94       0x44 ./Core/Src/w5500/wizchip_conf.o
                0x0000000008002e94                wizchip_setnetmode
 .text.wizchip_getnetmode
                0x0000000008002ed8       0x10 ./Core/Src/w5500/wizchip_conf.o
                0x0000000008002ed8                wizchip_getnetmode
 .text.wizchip_settimeout
                0x0000000008002ee8       0x42 ./Core/Src/w5500/wizchip_conf.o
                0x0000000008002ee8                wizchip_settimeout
 .text.wizchip_gettimeout
                0x0000000008002f2a       0x44 ./Core/Src/w5500/wizchip_conf.o
                0x0000000008002f2a                wizchip_gettimeout
 *fill*         0x0000000008002f6e        0x2 
 .text.Reset_Handler
                0x0000000008002f70       0x50 ./Core/Startup/startup_stm32f446retx.o
                0x0000000008002f70                Reset_Handler
 .text.Default_Handler
                0x0000000008002fc0        0x2 ./Core/Startup/startup_stm32f446retx.o
                0x0000000008002fc0                RTC_Alarm_IRQHandler
                0x0000000008002fc0                EXTI2_IRQHandler
                0x0000000008002fc0                TIM8_CC_IRQHandler
                0x0000000008002fc0                FMPI2C1_EV_IRQHandler
                0x0000000008002fc0                SPI4_IRQHandler
                0x0000000008002fc0                TIM1_CC_IRQHandler
                0x0000000008002fc0                DMA2_Stream5_IRQHandler
                0x0000000008002fc0                DMA1_Stream5_IRQHandler
                0x0000000008002fc0                PVD_IRQHandler
                0x0000000008002fc0                SDIO_IRQHandler
                0x0000000008002fc0                TAMP_STAMP_IRQHandler
                0x0000000008002fc0                CAN2_RX1_IRQHandler
                0x0000000008002fc0                EXTI3_IRQHandler
                0x0000000008002fc0                TIM8_TRG_COM_TIM14_IRQHandler
                0x0000000008002fc0                TIM1_UP_TIM10_IRQHandler
                0x0000000008002fc0                TIM8_UP_TIM13_IRQHandler
                0x0000000008002fc0                I2C3_ER_IRQHandler
                0x0000000008002fc0                EXTI0_IRQHandler
                0x0000000008002fc0                I2C2_EV_IRQHandler
                0x0000000008002fc0                DMA1_Stream2_IRQHandler
                0x0000000008002fc0                CAN1_RX0_IRQHandler
                0x0000000008002fc0                FPU_IRQHandler
                0x0000000008002fc0                OTG_HS_WKUP_IRQHandler
                0x0000000008002fc0                CAN2_SCE_IRQHandler
                0x0000000008002fc0                DMA2_Stream2_IRQHandler
                0x0000000008002fc0                SPI1_IRQHandler
                0x0000000008002fc0                TIM1_BRK_TIM9_IRQHandler
                0x0000000008002fc0                DCMI_IRQHandler
                0x0000000008002fc0                CAN2_RX0_IRQHandler
                0x0000000008002fc0                DMA2_Stream3_IRQHandler
                0x0000000008002fc0                SAI2_IRQHandler
                0x0000000008002fc0                USART6_IRQHandler
                0x0000000008002fc0                USART3_IRQHandler
                0x0000000008002fc0                CAN1_RX1_IRQHandler
                0x0000000008002fc0                UART5_IRQHandler
                0x0000000008002fc0                DMA2_Stream0_IRQHandler
                0x0000000008002fc0                TIM4_IRQHandler
                0x0000000008002fc0                QUADSPI_IRQHandler
                0x0000000008002fc0                I2C1_EV_IRQHandler
                0x0000000008002fc0                DMA1_Stream6_IRQHandler
                0x0000000008002fc0                DMA1_Stream1_IRQHandler
                0x0000000008002fc0                UART4_IRQHandler
                0x0000000008002fc0                TIM3_IRQHandler
                0x0000000008002fc0                RCC_IRQHandler
                0x0000000008002fc0                TIM8_BRK_TIM12_IRQHandler
                0x0000000008002fc0                Default_Handler
                0x0000000008002fc0                CEC_IRQHandler
                0x0000000008002fc0                EXTI15_10_IRQHandler
                0x0000000008002fc0                ADC_IRQHandler
                0x0000000008002fc0                DMA1_Stream7_IRQHandler
                0x0000000008002fc0                TIM7_IRQHandler
                0x0000000008002fc0                CAN2_TX_IRQHandler
                0x0000000008002fc0                TIM5_IRQHandler
                0x0000000008002fc0                DMA2_Stream7_IRQHandler
                0x0000000008002fc0                I2C3_EV_IRQHandler
                0x0000000008002fc0                EXTI9_5_IRQHandler
                0x0000000008002fc0                RTC_WKUP_IRQHandler
                0x0000000008002fc0                SPDIF_RX_IRQHandler
                0x0000000008002fc0                SPI2_IRQHandler
                0x0000000008002fc0                OTG_HS_EP1_IN_IRQHandler
                0x0000000008002fc0                DMA1_Stream0_IRQHandler
                0x0000000008002fc0                CAN1_TX_IRQHandler
                0x0000000008002fc0                FMPI2C1_ER_IRQHandler
                0x0000000008002fc0                EXTI4_IRQHandler
                0x0000000008002fc0                OTG_HS_EP1_OUT_IRQHandler
                0x0000000008002fc0                WWDG_IRQHandler
                0x0000000008002fc0                TIM2_IRQHandler
                0x0000000008002fc0                OTG_FS_WKUP_IRQHandler
                0x0000000008002fc0                TIM1_TRG_COM_TIM11_IRQHandler
                0x0000000008002fc0                OTG_HS_IRQHandler
                0x0000000008002fc0                EXTI1_IRQHandler
                0x0000000008002fc0                USART2_IRQHandler
                0x0000000008002fc0                I2C2_ER_IRQHandler
                0x0000000008002fc0                DMA2_Stream1_IRQHandler
                0x0000000008002fc0                CAN1_SCE_IRQHandler
                0x0000000008002fc0                FLASH_IRQHandler
                0x0000000008002fc0                DMA2_Stream4_IRQHandler
                0x0000000008002fc0                USART1_IRQHandler
                0x0000000008002fc0                OTG_FS_IRQHandler
                0x0000000008002fc0                SPI3_IRQHandler
                0x0000000008002fc0                DMA1_Stream4_IRQHandler
                0x0000000008002fc0                I2C1_ER_IRQHandler
                0x0000000008002fc0                FMC_IRQHandler
                0x0000000008002fc0                DMA2_Stream6_IRQHandler
                0x0000000008002fc0                SAI1_IRQHandler
                0x0000000008002fc0                DMA1_Stream3_IRQHandler
 *fill*         0x0000000008002fc2        0x2 
 .text.HAL_Init
                0x0000000008002fc4       0x44 ./Drivers/STM32F4xx_HAL_Driver/stm32f4xx_hal.o
                0x0000000008002fc4                HAL_Init
 .text.HAL_IncTick
                0x0000000008003008       0x28 ./Drivers/STM32F4xx_HAL_Driver/stm32f4xx_hal.o
                0x0000000008003008                HAL_IncTick
 .text.HAL_GetTick
                0x0000000008003030       0x18 ./Drivers/STM32F4xx_HAL_Driver/stm32f4xx_hal.o
                0x0000000008003030                HAL_GetTick
 .text.HAL_Delay
                0x0000000008003048       0x48 ./Drivers/STM32F4xx_HAL_Driver/stm32f4xx_hal.o
                0x0000000008003048                HAL_Delay
 .text.__NVIC_SetPriorityGrouping
                0x0000000008003090       0x48 ./Drivers/STM32F4xx_HAL_Driver/stm32f4xx_hal_cortex.o
 .text.__NVIC_GetPriorityGrouping
                0x00000000080030d8       0x1c ./Drivers/STM32F4xx_HAL_Driver/stm32f4xx_hal_cortex.o
 .text.__NVIC_EnableIRQ
                0x00000000080030f4       0x3c ./Drivers/STM32F4xx_HAL_Driver/stm32f4xx_hal_cortex.o
 .text.__NVIC_SetPriority
                0x0000000008003130       0x54 ./Drivers/STM32F4xx_HAL_Driver/stm32f4xx_hal_cortex.o
 .text.NVIC_EncodePriority
                0x0000000008003184       0x66 ./Drivers/STM32F4xx_HAL_Driver/stm32f4xx_hal_cortex.o
 .text.HAL_NVIC_SetPriorityGrouping
                0x00000000080031ea       0x16 ./Drivers/STM32F4xx_HAL_Driver/stm32f4xx_hal_cortex.o
                0x00000000080031ea                HAL_NVIC_SetPriorityGrouping
 .text.HAL_NVIC_SetPriority
                0x0000000008003200       0x38 ./Drivers/STM32F4xx_HAL_Driver/stm32f4xx_hal_cortex.o
                0x0000000008003200                HAL_NVIC_SetPriority
 .text.HAL_NVIC_EnableIRQ
                0x0000000008003238       0x1c ./Drivers/STM32F4xx_HAL_Driver/stm32f4xx_hal_cortex.o
                0x0000000008003238                HAL_NVIC_EnableIRQ
 .text.HAL_GPIO_Init
                0x0000000008003254      0x328 ./Drivers/STM32F4xx_HAL_Driver/stm32f4xx_hal_gpio.o
                0x0000000008003254                HAL_GPIO_Init
 .text.HAL_GPIO_WritePin
                0x000000000800357c       0x32 ./Drivers/STM32F4xx_HAL_Driver/stm32f4xx_hal_gpio.o
                0x000000000800357c                HAL_GPIO_WritePin
 .text.HAL_GPIO_TogglePin
                0x00000000080035ae       0x34 ./Drivers/STM32F4xx_HAL_Driver/stm32f4xx_hal_gpio.o
                0x00000000080035ae                HAL_GPIO_TogglePin
 *fill*         0x00000000080035e2        0x2 
 .text.HAL_PWREx_EnableOverDrive
                0x00000000080035e4       0xa0 ./Drivers/STM32F4xx_HAL_Driver/stm32f4xx_hal_pwr_ex.o
                0x00000000080035e4                HAL_PWREx_EnableOverDrive
 .text.HAL_RCC_ClockConfig
                0x0000000008003684      0x1cc ./Drivers/STM32F4xx_HAL_Driver/stm32f4xx_hal_rcc.o
                0x0000000008003684                HAL_RCC_ClockConfig
 .text.HAL_RCC_GetHCLKFreq
                0x0000000008003850       0x18 ./Drivers/STM32F4xx_HAL_Driver/stm32f4xx_hal_rcc.o
                0x0000000008003850                HAL_RCC_GetHCLKFreq
 .text.HAL_RCC_GetPCLK1Freq
                0x0000000008003868       0x28 ./Drivers/STM32F4xx_HAL_Driver/stm32f4xx_hal_rcc.o
                0x0000000008003868                HAL_RCC_GetPCLK1Freq
 .text.HAL_RCC_GetPCLK2Freq
                0x0000000008003890       0x28 ./Drivers/STM32F4xx_HAL_Driver/stm32f4xx_hal_rcc.o
                0x0000000008003890                HAL_RCC_GetPCLK2Freq
 .text.HAL_RCC_GetClockConfig
                0x00000000080038b8       0x64 ./Drivers/STM32F4xx_HAL_Driver/stm32f4xx_hal_rcc.o
                0x00000000080038b8                HAL_RCC_GetClockConfig
 .text.HAL_RCC_GetSysClockFreq
                0x000000000800391c      0x460 ./Drivers/STM32F4xx_HAL_Driver/stm32f4xx_hal_rcc_ex.o
                0x000000000800391c                HAL_RCC_GetSysClockFreq
 .text.HAL_RCC_OscConfig
                0x0000000008003d7c      0x53c ./Drivers/STM32F4xx_HAL_Driver/stm32f4xx_hal_rcc_ex.o
                0x0000000008003d7c                HAL_RCC_OscConfig
 .text.HAL_SPI_Init
                0x00000000080042b8      0x112 ./Drivers/STM32F4xx_HAL_Driver/stm32f4xx_hal_spi.o
                0x00000000080042b8                HAL_SPI_Init
 .text.HAL_SPI_TransmitReceive
                0x00000000080043ca      0x360 ./Drivers/STM32F4xx_HAL_Driver/stm32f4xx_hal_spi.o
                0x00000000080043ca                HAL_SPI_TransmitReceive
 *fill*         0x000000000800472a        0x2 
 .text.SPI_WaitFlagStateUntilTimeout
                0x000000000800472c      0x110 ./Drivers/STM32F4xx_HAL_Driver/stm32f4xx_hal_spi.o
 .text.SPI_EndRxTxTransaction
                0x000000000800483c       0xa8 ./Drivers/STM32F4xx_HAL_Driver/stm32f4xx_hal_spi.o
 .text.HAL_TIM_Base_Init
                0x00000000080048e4       0x9e ./Drivers/STM32F4xx_HAL_Driver/stm32f4xx_hal_tim.o
                0x00000000080048e4                HAL_TIM_Base_Init
 .text.HAL_TIM_Base_MspInit
                0x0000000008004982       0x14 ./Drivers/STM32F4xx_HAL_Driver/stm32f4xx_hal_tim.o
                0x0000000008004982                HAL_TIM_Base_MspInit
 *fill*         0x0000000008004996        0x2 
 .text.HAL_TIM_Base_Start_IT
                0x0000000008004998       0xe0 ./Drivers/STM32F4xx_HAL_Driver/stm32f4xx_hal_tim.o
                0x0000000008004998                HAL_TIM_Base_Start_IT
 .text.HAL_TIM_IRQHandler
                0x0000000008004a78      0x1e0 ./Drivers/STM32F4xx_HAL_Driver/stm32f4xx_hal_tim.o
                0x0000000008004a78                HAL_TIM_IRQHandler
 .text.HAL_TIM_OC_DelayElapsedCallback
                0x0000000008004c58       0x14 ./Drivers/STM32F4xx_HAL_Driver/stm32f4xx_hal_tim.o
                0x0000000008004c58                HAL_TIM_OC_DelayElapsedCallback
 .text.HAL_TIM_IC_CaptureCallback
                0x0000000008004c6c       0x14 ./Drivers/STM32F4xx_HAL_Driver/stm32f4xx_hal_tim.o
                0x0000000008004c6c                HAL_TIM_IC_CaptureCallback
 .text.HAL_TIM_PWM_PulseFinishedCallback
                0x0000000008004c80       0x14 ./Drivers/STM32F4xx_HAL_Driver/stm32f4xx_hal_tim.o
                0x0000000008004c80                HAL_TIM_PWM_PulseFinishedCallback
 .text.HAL_TIM_TriggerCallback
                0x0000000008004c94       0x14 ./Drivers/STM32F4xx_HAL_Driver/stm32f4xx_hal_tim.o
                0x0000000008004c94                HAL_TIM_TriggerCallback
 .text.TIM_Base_SetConfig
                0x0000000008004ca8      0x158 ./Drivers/STM32F4xx_HAL_Driver/stm32f4xx_hal_tim.o
                0x0000000008004ca8                TIM_Base_SetConfig
 .text.HAL_TIMEx_CommutCallback
                0x0000000008004e00       0x14 ./Drivers/STM32F4xx_HAL_Driver/stm32f4xx_hal_tim_ex.o
                0x0000000008004e00                HAL_TIMEx_CommutCallback
 .text.HAL_TIMEx_BreakCallback
                0x0000000008004e14       0x14 ./Drivers/STM32F4xx_HAL_Driver/stm32f4xx_hal_tim_ex.o
                0x0000000008004e14                HAL_TIMEx_BreakCallback
 .text.HAL_UART_Init
                0x0000000008004e28       0xa0 ./Drivers/STM32F4xx_HAL_Driver/stm32f4xx_hal_uart.o
                0x0000000008004e28                HAL_UART_Init
 .text.HAL_UART_Transmit
                0x0000000008004ec8      0x116 ./Drivers/STM32F4xx_HAL_Driver/stm32f4xx_hal_uart.o
                0x0000000008004ec8                HAL_UART_Transmit
 .text.UART_WaitOnFlagUntilTimeout
                0x0000000008004fde       0xb2 ./Drivers/STM32F4xx_HAL_Driver/stm32f4xx_hal_uart.o
 .text.UART_EndRxTransfer
                0x0000000008005090       0xc6 ./Drivers/STM32F4xx_HAL_Driver/stm32f4xx_hal_uart.o
 *fill*         0x0000000008005156        0x2 
 .text.UART_SetConfig
                0x0000000008005158      0x4e8 ./Drivers/STM32F4xx_HAL_Driver/stm32f4xx_hal_uart.o
 .text.vListInitialise
                0x0000000008005640       0x40 ./Middleware/FreeRTOS/list.o
                0x0000000008005640                vListInitialise
 .text.vListInitialiseItem
                0x0000000008005680       0x1a ./Middleware/FreeRTOS/list.o
                0x0000000008005680                vListInitialiseItem
 .text.vListInsertEnd
                0x000000000800569a       0x48 ./Middleware/FreeRTOS/list.o
                0x000000000800569a                vListInsertEnd
 .text.vListInsert
                0x00000000080056e2       0x72 ./Middleware/FreeRTOS/list.o
                0x00000000080056e2                vListInsert
 .text.uxListRemove
                0x0000000008005754       0x54 ./Middleware/FreeRTOS/list.o
                0x0000000008005754                uxListRemove
 .text.xQueueGenericReset
                0x00000000080057a8       0xd0 ./Middleware/FreeRTOS/queue.o
                0x00000000080057a8                xQueueGenericReset
 .text.xQueueGenericCreate
                0x0000000008005878       0xbe ./Middleware/FreeRTOS/queue.o
                0x0000000008005878                xQueueGenericCreate
 .text.prvInitialiseNewQueue
                0x0000000008005936       0x52 ./Middleware/FreeRTOS/queue.o
 .text.xQueueGenericSend
                0x0000000008005988      0x24c ./Middleware/FreeRTOS/queue.o
                0x0000000008005988                xQueueGenericSend
 .text.xQueueGenericSendFromISR
                0x0000000008005bd4      0x17c ./Middleware/FreeRTOS/queue.o
                0x0000000008005bd4                xQueueGenericSendFromISR
 .text.xQueueReceive
                0x0000000008005d50      0x220 ./Middleware/FreeRTOS/queue.o
                0x0000000008005d50                xQueueReceive
 .text.prvCopyDataToQueue
                0x0000000008005f70       0xd4 ./Middleware/FreeRTOS/queue.o
 .text.prvCopyDataFromQueue
                0x0000000008006044       0x4c ./Middleware/FreeRTOS/queue.o
 .text.prvUnlockQueue
                0x0000000008006090       0xa4 ./Middleware/FreeRTOS/queue.o
 .text.prvIsQueueEmpty
                0x0000000008006134       0x2c ./Middleware/FreeRTOS/queue.o
 .text.prvIsQueueFull
                0x0000000008006160       0x30 ./Middleware/FreeRTOS/queue.o
 .text.vQueueAddToRegistry
                0x0000000008006190       0x64 ./Middleware/FreeRTOS/queue.o
                0x0000000008006190                vQueueAddToRegistry
 .text.vQueueWaitForMessageRestricted
                0x00000000080061f4       0x68 ./Middleware/FreeRTOS/queue.o
                0x00000000080061f4                vQueueWaitForMessageRestricted
 .text.xTaskCreate
                0x000000000800625c       0x82 ./Middleware/FreeRTOS/tasks.o
                0x000000000800625c                xTaskCreate
 .text.prvInitialiseNewTask
                0x00000000080062de      0x12c ./Middleware/FreeRTOS/tasks.o
 *fill*         0x000000000800640a        0x2 
 .text.prvAddNewTaskToReadyList
                0x000000000800640c      0x118 ./Middleware/FreeRTOS/tasks.o
 .text.vTaskStartScheduler
                0x0000000008006524       0xc4 ./Middleware/FreeRTOS/tasks.o
                0x0000000008006524                vTaskStartScheduler
 .text.vTaskSuspendAll
                0x00000000080065e8       0x1c ./Middleware/FreeRTOS/tasks.o
                0x00000000080065e8                vTaskSuspendAll
 .text.xTaskResumeAll
                0x0000000008006604      0x140 ./Middleware/FreeRTOS/tasks.o
                0x0000000008006604                xTaskResumeAll
 .text.xTaskGetTickCount
                0x0000000008006744       0x20 ./Middleware/FreeRTOS/tasks.o
                0x0000000008006744                xTaskGetTickCount
 .text.xTaskGetTickCountFromISR
                0x0000000008006764       0x24 ./Middleware/FreeRTOS/tasks.o
                0x0000000008006764                xTaskGetTickCountFromISR
 .text.xTaskIncrementTick
                0x0000000008006788      0x178 ./Middleware/FreeRTOS/tasks.o
                0x0000000008006788                xTaskIncrementTick
 .text.vTaskSwitchContext
                0x0000000008006900       0xd4 ./Middleware/FreeRTOS/tasks.o
                0x0000000008006900                vTaskSwitchContext
 .text.vTaskPlaceOnEventList
                0x00000000080069d4       0x48 ./Middleware/FreeRTOS/tasks.o
                0x00000000080069d4                vTaskPlaceOnEventList
 .text.vTaskPlaceOnEventListRestricted
                0x0000000008006a1c       0x5c ./Middleware/FreeRTOS/tasks.o
                0x0000000008006a1c                vTaskPlaceOnEventListRestricted
 .text.xTaskRemoveFromEventList
                0x0000000008006a78       0xcc ./Middleware/FreeRTOS/tasks.o
                0x0000000008006a78                xTaskRemoveFromEventList
 .text.vTaskInternalSetTimeOutState
                0x0000000008006b44       0x2c ./Middleware/FreeRTOS/tasks.o
                0x0000000008006b44                vTaskInternalSetTimeOutState
 .text.xTaskCheckForTimeOut
                0x0000000008006b70       0xcc ./Middleware/FreeRTOS/tasks.o
                0x0000000008006b70                xTaskCheckForTimeOut
 .text.vTaskMissedYield
                0x0000000008006c3c       0x18 ./Middleware/FreeRTOS/tasks.o
                0x0000000008006c3c                vTaskMissedYield
 .text.prvIdleTask
                0x0000000008006c54       0x30 ./Middleware/FreeRTOS/tasks.o
 .text.prvInitialiseTaskLists
                0x0000000008006c84       0x80 ./Middleware/FreeRTOS/tasks.o
 .text.prvCheckTasksWaitingTermination
                0x0000000008006d04       0x5c ./Middleware/FreeRTOS/tasks.o
 .text.prvDeleteTCB
                0x0000000008006d60       0x20 ./Middleware/FreeRTOS/tasks.o
 .text.prvResetNextTaskUnblockTime
                0x0000000008006d80       0x38 ./Middleware/FreeRTOS/tasks.o
 .text.xTaskGetSchedulerState
                0x0000000008006db8       0x3c ./Middleware/FreeRTOS/tasks.o
                0x0000000008006db8                xTaskGetSchedulerState
 .text.xTaskPriorityDisinherit
                0x0000000008006df4      0x100 ./Middleware/FreeRTOS/tasks.o
                0x0000000008006df4                xTaskPriorityDisinherit
 .text.prvAddCurrentTaskToDelayedList
                0x0000000008006ef4       0xf0 ./Middleware/FreeRTOS/tasks.o
 .text.xTimerCreateTimerTask
                0x0000000008006fe4       0x64 ./Middleware/FreeRTOS/timers.o
                0x0000000008006fe4                xTimerCreateTimerTask
 .text.xTimerGenericCommand
                0x0000000008007048       0x9c ./Middleware/FreeRTOS/timers.o
                0x0000000008007048                xTimerGenericCommand
 .text.prvProcessExpiredTimer
                0x00000000080070e4       0x98 ./Middleware/FreeRTOS/timers.o
 .text.prvTimerTask
                0x000000000800717c       0x24 ./Middleware/FreeRTOS/timers.o
 .text.prvProcessTimerOrBlockTask
                0x00000000080071a0       0x9c ./Middleware/FreeRTOS/timers.o
 .text.prvGetNextExpireTime
                0x000000000800723c       0x48 ./Middleware/FreeRTOS/timers.o
 .text.prvSampleTimeNow
                0x0000000008007284       0x40 ./Middleware/FreeRTOS/timers.o
 .text.prvInsertTimerInActiveList
                0x00000000080072c4       0x84 ./Middleware/FreeRTOS/timers.o
 .text.prvProcessReceivedCommands
                0x0000000008007348      0x18c ./Middleware/FreeRTOS/timers.o
 .text.prvSwitchTimerLists
                0x00000000080074d4       0xc8 ./Middleware/FreeRTOS/timers.o
 .text.prvCheckForValidListAndQueue
                0x000000000800759c       0x6c ./Middleware/FreeRTOS/timers.o
 .text.pxPortInitialiseStack
                0x0000000008007608       0x68 ./Middleware/FreeRTOS/portable/GCC/ARM_CM4F/port.o
                0x0000000008007608                pxPortInitialiseStack
 .text.prvTaskExitError
                0x0000000008007670       0x58 ./Middleware/FreeRTOS/portable/GCC/ARM_CM4F/port.o
 *fill*         0x00000000080076c8        0x8 
 .text.SVC_Handler
                0x00000000080076d0       0x28 ./Middleware/FreeRTOS/portable/GCC/ARM_CM4F/port.o
                0x00000000080076d0                SVC_Handler
 .text.prvPortStartFirstTask
                0x00000000080076f8       0x2c ./Middleware/FreeRTOS/portable/GCC/ARM_CM4F/port.o
 .text.xPortStartScheduler
                0x0000000008007724      0x144 ./Middleware/FreeRTOS/portable/GCC/ARM_CM4F/port.o
                0x0000000008007724                xPortStartScheduler
 .text.vInitPrioGroupValue
                0x0000000008007868       0xfc ./Middleware/FreeRTOS/portable/GCC/ARM_CM4F/port.o
                0x0000000008007868                vInitPrioGroupValue
 .text.vPortEnterCritical
                0x0000000008007964       0x60 ./Middleware/FreeRTOS/portable/GCC/ARM_CM4F/port.o
                0x0000000008007964                vPortEnterCritical
 .text.vPortExitCritical
                0x00000000080079c4       0x54 ./Middleware/FreeRTOS/portable/GCC/ARM_CM4F/port.o
                0x00000000080079c4                vPortExitCritical
 *fill*         0x0000000008007a18        0x8 
 .text.PendSV_Handler
                0x0000000008007a20       0x68 ./Middleware/FreeRTOS/portable/GCC/ARM_CM4F/port.o
                0x0000000008007a20                PendSV_Handler
 .text.SysTick_Handler
                0x0000000008007a88       0x54 ./Middleware/FreeRTOS/portable/GCC/ARM_CM4F/port.o
                0x0000000008007a88                SysTick_Handler
 .text.vPortSetupTimerInterrupt
                0x0000000008007adc       0x48 ./Middleware/FreeRTOS/portable/GCC/ARM_CM4F/port.o
                0x0000000008007adc                vPortSetupTimerInterrupt
 .text.vPortEnableVFP
                0x0000000008007b24       0x18 ./Middleware/FreeRTOS/portable/GCC/ARM_CM4F/port.o
 .text.vPortValidateInterruptPriority
                0x0000000008007b3c       0x80 ./Middleware/FreeRTOS/portable/GCC/ARM_CM4F/port.o
                0x0000000008007b3c                vPortValidateInterruptPriority
 .text.pvPortMalloc
                0x0000000008007bbc      0x1c0 ./Middleware/FreeRTOS/portable/MemMang/heap_4.o
                0x0000000008007bbc                pvPortMalloc
 .text.vPortFree
                0x0000000008007d7c       0xc4 ./Middleware/FreeRTOS/portable/MemMang/heap_4.o
                0x0000000008007d7c                vPortFree
 .text.prvHeapInit
                0x0000000008007e40       0xc4 ./Middleware/FreeRTOS/portable/MemMang/heap_4.o
 .text.prvInsertBlockIntoFreeList
                0x0000000008007f04       0xb4 ./Middleware/FreeRTOS/portable/MemMang/heap_4.o
 .text._cbSendSystemDesc
                0x0000000008007fb8       0x1c ./Middleware/SEGGER/Config/SEGGER_SYSVIEW_Config_FreeRTOS.o
 .text.SEGGER_SYSVIEW_Conf
                0x0000000008007fd4       0x2c ./Middleware/SEGGER/Config/SEGGER_SYSVIEW_Config_FreeRTOS.o
                0x0000000008007fd4                SEGGER_SYSVIEW_Conf
 .text._cbSendTaskList
                0x0000000008008000       0x90 ./Middleware/SEGGER/OS/SEGGER_SYSVIEW_FreeRTOS.o
 .text._cbGetTime
                0x0000000008008090       0x86 ./Middleware/SEGGER/OS/SEGGER_SYSVIEW_FreeRTOS.o
 *fill*         0x0000000008008116        0x2 
 .text.SYSVIEW_AddTask
                0x0000000008008118       0xd0 ./Middleware/SEGGER/OS/SEGGER_SYSVIEW_FreeRTOS.o
                0x0000000008008118                SYSVIEW_AddTask
 .text.SYSVIEW_SendTaskInfo
                0x00000000080081e8       0x42 ./Middleware/SEGGER/OS/SEGGER_SYSVIEW_FreeRTOS.o
                0x00000000080081e8                SYSVIEW_SendTaskInfo
 *fill*         0x000000000800822a        0x2 
 .text._DoInit  0x000000000800822c       0xb0 ./Middleware/SEGGER/SEGGER/SEGGER_RTT.o
 .text._WriteBlocking
                0x00000000080082dc       0xba ./Middleware/SEGGER/SEGGER/SEGGER_RTT.o
 .text._WriteNoCheck
                0x0000000008008396       0x90 ./Middleware/SEGGER/SEGGER/SEGGER_RTT.o
 .text._GetAvailWriteSpace
                0x0000000008008426       0x46 ./Middleware/SEGGER/SEGGER/SEGGER_RTT.o
 .text.SEGGER_RTT_ReadNoLock
                0x000000000800846c      0x10c ./Middleware/SEGGER/SEGGER/SEGGER_RTT.o
                0x000000000800846c                SEGGER_RTT_ReadNoLock
 .text.SEGGER_RTT_WriteNoLock
                0x0000000008008578       0xa0 ./Middleware/SEGGER/SEGGER/SEGGER_RTT.o
                0x0000000008008578                SEGGER_RTT_WriteNoLock
 .text.SEGGER_RTT_Write
                0x0000000008008618       0x4c ./Middleware/SEGGER/SEGGER/SEGGER_RTT.o
                0x0000000008008618                SEGGER_RTT_Write
 .text.SEGGER_RTT_AllocUpBuffer
                0x0000000008008664      0x108 ./Middleware/SEGGER/SEGGER/SEGGER_RTT.o
                0x0000000008008664                SEGGER_RTT_AllocUpBuffer
 .text.SEGGER_RTT_ConfigDownBuffer
                0x000000000800876c       0xe0 ./Middleware/SEGGER/SEGGER/SEGGER_RTT.o
                0x000000000800876c                SEGGER_RTT_ConfigDownBuffer
 .text._EncodeStr
                0x000000000800884c       0x9a ./Middleware/SEGGER/SEGGER/SEGGER_SYSVIEW.o
 .text._PreparePacket
                0x00000000080088e6       0x18 ./Middleware/SEGGER/SEGGER/SEGGER_SYSVIEW.o
 *fill*         0x00000000080088fe        0x2 
 .text._HandleIncomingPacket
                0x0000000008008900       0xe0 ./Middleware/SEGGER/SEGGER/SEGGER_SYSVIEW.o
 .text._TrySendOverflowPacket
                0x00000000080089e0       0xe4 ./Middleware/SEGGER/SEGGER/SEGGER_SYSVIEW.o
 .text._SendPacket
                0x0000000008008ac4      0x1cc ./Middleware/SEGGER/SEGGER/SEGGER_SYSVIEW.o
 .text.SEGGER_SYSVIEW_Init
                0x0000000008008c90       0x88 ./Middleware/SEGGER/SEGGER/SEGGER_SYSVIEW.o
                0x0000000008008c90                SEGGER_SYSVIEW_Init
 .text.SEGGER_SYSVIEW_SetRAMBase
                0x0000000008008d18       0x20 ./Middleware/SEGGER/SEGGER/SEGGER_SYSVIEW.o
                0x0000000008008d18                SEGGER_SYSVIEW_SetRAMBase
 .text.SEGGER_SYSVIEW_RecordVoid
                0x0000000008008d38       0x3c ./Middleware/SEGGER/SEGGER/SEGGER_SYSVIEW.o
                0x0000000008008d38                SEGGER_SYSVIEW_RecordVoid
 .text.SEGGER_SYSVIEW_RecordU32
                0x0000000008008d74       0x78 ./Middleware/SEGGER/SEGGER/SEGGER_SYSVIEW.o
                0x0000000008008d74                SEGGER_SYSVIEW_RecordU32
 .text.SEGGER_SYSVIEW_RecordU32x2
                0x0000000008008dec       0xb4 ./Middleware/SEGGER/SEGGER/SEGGER_SYSVIEW.o
                0x0000000008008dec                SEGGER_SYSVIEW_RecordU32x2
 .text.SEGGER_SYSVIEW_RecordU32x3
                0x0000000008008ea0       0xec ./Middleware/SEGGER/SEGGER/SEGGER_SYSVIEW.o
                0x0000000008008ea0                SEGGER_SYSVIEW_RecordU32x3
 .text.SEGGER_SYSVIEW_RecordU32x4
                0x0000000008008f8c      0x124 ./Middleware/SEGGER/SEGGER/SEGGER_SYSVIEW.o
                0x0000000008008f8c                SEGGER_SYSVIEW_RecordU32x4
 .text.SEGGER_SYSVIEW_Start
                0x00000000080090b0      0x174 ./Middleware/SEGGER/SEGGER/SEGGER_SYSVIEW.o
                0x00000000080090b0                SEGGER_SYSVIEW_Start
 .text.SEGGER_SYSVIEW_Stop
                0x0000000008009224       0x4c ./Middleware/SEGGER/SEGGER/SEGGER_SYSVIEW.o
                0x0000000008009224                SEGGER_SYSVIEW_Stop
 .text.SEGGER_SYSVIEW_GetSysDesc
                0x0000000008009270      0x134 ./Middleware/SEGGER/SEGGER/SEGGER_SYSVIEW.o
                0x0000000008009270                SEGGER_SYSVIEW_GetSysDesc
 .text.SEGGER_SYSVIEW_SendTaskInfo
                0x00000000080093a4      0x1c8 ./Middleware/SEGGER/SEGGER/SEGGER_SYSVIEW.o
                0x00000000080093a4                SEGGER_SYSVIEW_SendTaskInfo
 .text.SEGGER_SYSVIEW_SendTaskList
                0x000000000800956c       0x28 ./Middleware/SEGGER/SEGGER/SEGGER_SYSVIEW.o
                0x000000000800956c                SEGGER_SYSVIEW_SendTaskList
 .text.SEGGER_SYSVIEW_SendSysDesc
                0x0000000008009594       0x48 ./Middleware/SEGGER/SEGGER/SEGGER_SYSVIEW.o
                0x0000000008009594                SEGGER_SYSVIEW_SendSysDesc
 .text.SEGGER_SYSVIEW_RecordSystime
                0x00000000080095dc       0x64 ./Middleware/SEGGER/SEGGER/SEGGER_SYSVIEW.o
                0x00000000080095dc                SEGGER_SYSVIEW_RecordSystime
 .text.SEGGER_SYSVIEW_RecordEnterISR
                0x0000000008009640       0x84 ./Middleware/SEGGER/SEGGER/SEGGER_SYSVIEW.o
                0x0000000008009640                SEGGER_SYSVIEW_RecordEnterISR
 .text.SEGGER_SYSVIEW_RecordExitISR
                0x00000000080096c4       0x38 ./Middleware/SEGGER/SEGGER/SEGGER_SYSVIEW.o
                0x00000000080096c4                SEGGER_SYSVIEW_RecordExitISR
 .text.SEGGER_SYSVIEW_RecordExitISRToScheduler
                0x00000000080096fc       0x38 ./Middleware/SEGGER/SEGGER/SEGGER_SYSVIEW.o
                0x00000000080096fc                SEGGER_SYSVIEW_RecordExitISRToScheduler
 .text.SEGGER_SYSVIEW_OnIdle
                0x0000000008009734       0x38 ./Middleware/SEGGER/SEGGER/SEGGER_SYSVIEW.o
                0x0000000008009734                SEGGER_SYSVIEW_OnIdle
 .text.SEGGER_SYSVIEW_OnTaskCreate
                0x000000000800976c       0x84 ./Middleware/SEGGER/SEGGER/SEGGER_SYSVIEW.o
                0x000000000800976c                SEGGER_SYSVIEW_OnTaskCreate
 .text.SEGGER_SYSVIEW_OnTaskStartExec
                0x00000000080097f0       0x84 ./Middleware/SEGGER/SEGGER/SEGGER_SYSVIEW.o
                0x00000000080097f0                SEGGER_SYSVIEW_OnTaskStartExec
 .text.SEGGER_SYSVIEW_OnTaskStartReady
                0x0000000008009874       0x84 ./Middleware/SEGGER/SEGGER/SEGGER_SYSVIEW.o
                0x0000000008009874                SEGGER_SYSVIEW_OnTaskStartReady
 .text.SEGGER_SYSVIEW_OnTaskStopReady
                0x00000000080098f8       0xc0 ./Middleware/SEGGER/SEGGER/SEGGER_SYSVIEW.o
                0x00000000080098f8                SEGGER_SYSVIEW_OnTaskStopReady
 .text.SEGGER_SYSVIEW_ShrinkId
                0x00000000080099b8       0x20 ./Middleware/SEGGER/SEGGER/SEGGER_SYSVIEW.o
                0x00000000080099b8                SEGGER_SYSVIEW_ShrinkId
 .text.SEGGER_SYSVIEW_SendModule
                0x00000000080099d8      0x100 ./Middleware/SEGGER/SEGGER/SEGGER_SYSVIEW.o
                0x00000000080099d8                SEGGER_SYSVIEW_SendModule
 .text.SEGGER_SYSVIEW_SendModuleDescription
                0x0000000008009ad8       0x3c ./Middleware/SEGGER/SEGGER/SEGGER_SYSVIEW.o
                0x0000000008009ad8                SEGGER_SYSVIEW_SendModuleDescription
 .text.SEGGER_SYSVIEW_SendNumModules
                0x0000000008009b14       0x7c ./Middleware/SEGGER/SEGGER/SEGGER_SYSVIEW.o
                0x0000000008009b14                SEGGER_SYSVIEW_SendNumModules
 .text.SEGGER_SYSVIEW_Warn
                0x0000000008009b90       0xb8 ./Middleware/SEGGER/SEGGER/SEGGER_SYSVIEW.o
                0x0000000008009b90                SEGGER_SYSVIEW_Warn
 .text._write_r
                0x0000000008009c48       0x22 ./Middleware/SEGGER/SEGGER/Syscalls/SEGGER_RTT_Syscalls_GCC.o
                0x0000000008009c48                _write_r
 *fill*         0x0000000008009c6a        0x2 
 .text.std      0x0000000008009c6c       0x6c /home/frank/st/stm32cubeide_1.14.0/plugins/com.st.stm32cube.ide.mcu.externaltools.gnu-tools-for-stm32.11.3.rel1.linux64_1.1.100.202309141235/tools/bin/../lib/gcc/arm-none-eabi/11.3.1/../../../../arm-none-eabi/lib/thumb/v7e-m+fp/hard/libc_nano.a(libc_a-findfp.o)
 .text.stdio_exit_handler
                0x0000000008009cd8       0x18 /home/frank/st/stm32cubeide_1.14.0/plugins/com.st.stm32cube.ide.mcu.externaltools.gnu-tools-for-stm32.11.3.rel1.linux64_1.1.100.202309141235/tools/bin/../lib/gcc/arm-none-eabi/11.3.1/../../../../arm-none-eabi/lib/thumb/v7e-m+fp/hard/libc_nano.a(libc_a-findfp.o)
 .text.cleanup_stdio
                0x0000000008009cf0       0x40 /home/frank/st/stm32cubeide_1.14.0/plugins/com.st.stm32cube.ide.mcu.externaltools.gnu-tools-for-stm32.11.3.rel1.linux64_1.1.100.202309141235/tools/bin/../lib/gcc/arm-none-eabi/11.3.1/../../../../arm-none-eabi/lib/thumb/v7e-m+fp/hard/libc_nano.a(libc_a-findfp.o)
 .text.global_stdio_init.part.0
                0x0000000008009d30       0x3c /home/frank/st/stm32cubeide_1.14.0/plugins/com.st.stm32cube.ide.mcu.externaltools.gnu-tools-for-stm32.11.3.rel1.linux64_1.1.100.202309141235/tools/bin/../lib/gcc/arm-none-eabi/11.3.1/../../../../arm-none-eabi/lib/thumb/v7e-m+fp/hard/libc_nano.a(libc_a-findfp.o)
 .text.__sfp_lock_acquire
                0x0000000008009d6c        0xc /home/frank/st/stm32cubeide_1.14.0/plugins/com.st.stm32cube.ide.mcu.externaltools.gnu-tools-for-stm32.11.3.rel1.linux64_1.1.100.202309141235/tools/bin/../lib/gcc/arm-none-eabi/11.3.1/../../../../arm-none-eabi/lib/thumb/v7e-m+fp/hard/libc_nano.a(libc_a-findfp.o)
                0x0000000008009d6c                __sfp_lock_acquire
 .text.__sfp_lock_release
                0x0000000008009d78        0xc /home/frank/st/stm32cubeide_1.14.0/plugins/com.st.stm32cube.ide.mcu.externaltools.gnu-tools-for-stm32.11.3.rel1.linux64_1.1.100.202309141235/tools/bin/../lib/gcc/arm-none-eabi/11.3.1/../../../../arm-none-eabi/lib/thumb/v7e-m+fp/hard/libc_nano.a(libc_a-findfp.o)
                0x0000000008009d78                __sfp_lock_release
 .text.__sinit  0x0000000008009d84       0x30 /home/frank/st/stm32cubeide_1.14.0/plugins/com.st.stm32cube.ide.mcu.externaltools.gnu-tools-for-stm32.11.3.rel1.linux64_1.1.100.202309141235/tools/bin/../lib/gcc/arm-none-eabi/11.3.1/../../../../arm-none-eabi/lib/thumb/v7e-m+fp/hard/libc_nano.a(libc_a-findfp.o)
                0x0000000008009d84                __sinit
 .text._fwalk_sglue
                0x0000000008009db4       0x3c /home/frank/st/stm32cubeide_1.14.0/plugins/com.st.stm32cube.ide.mcu.externaltools.gnu-tools-for-stm32.11.3.rel1.linux64_1.1.100.202309141235/tools/bin/../lib/gcc/arm-none-eabi/11.3.1/../../../../arm-none-eabi/lib/thumb/v7e-m+fp/hard/libc_nano.a(libc_a-fwalk.o)
                0x0000000008009db4                _fwalk_sglue
 .text.printf   0x0000000008009df0       0x24 /home/frank/st/stm32cubeide_1.14.0/plugins/com.st.stm32cube.ide.mcu.externaltools.gnu-tools-for-stm32.11.3.rel1.linux64_1.1.100.202309141235/tools/bin/../lib/gcc/arm-none-eabi/11.3.1/../../../../arm-none-eabi/lib/thumb/v7e-m+fp/hard/libc_nano.a(libc_a-printf.o)
                0x0000000008009df0                printf
                0x0000000008009df0                iprintf
 .text._puts_r  0x0000000008009e14       0xa8 /home/frank/st/stm32cubeide_1.14.0/plugins/com.st.stm32cube.ide.mcu.externaltools.gnu-tools-for-stm32.11.3.rel1.linux64_1.1.100.202309141235/tools/bin/../lib/gcc/arm-none-eabi/11.3.1/../../../../arm-none-eabi/lib/thumb/v7e-m+fp/hard/libc_nano.a(libc_a-puts.o)
                0x0000000008009e14                _puts_r
 .text.puts     0x0000000008009ebc       0x10 /home/frank/st/stm32cubeide_1.14.0/plugins/com.st.stm32cube.ide.mcu.externaltools.gnu-tools-for-stm32.11.3.rel1.linux64_1.1.100.202309141235/tools/bin/../lib/gcc/arm-none-eabi/11.3.1/../../../../arm-none-eabi/lib/thumb/v7e-m+fp/hard/libc_nano.a(libc_a-puts.o)
                0x0000000008009ebc                puts
 .text.sprintf  0x0000000008009ecc       0x40 /home/frank/st/stm32cubeide_1.14.0/plugins/com.st.stm32cube.ide.mcu.externaltools.gnu-tools-for-stm32.11.3.rel1.linux64_1.1.100.202309141235/tools/bin/../lib/gcc/arm-none-eabi/11.3.1/../../../../arm-none-eabi/lib/thumb/v7e-m+fp/hard/libc_nano.a(libc_a-sprintf.o)
                0x0000000008009ecc                sprintf
                0x0000000008009ecc                siprintf
 .text.__sread  0x0000000008009f0c       0x22 /home/frank/st/stm32cubeide_1.14.0/plugins/com.st.stm32cube.ide.mcu.externaltools.gnu-tools-for-stm32.11.3.rel1.linux64_1.1.100.202309141235/tools/bin/../lib/gcc/arm-none-eabi/11.3.1/../../../../arm-none-eabi/lib/thumb/v7e-m+fp/hard/libc_nano.a(libc_a-stdio.o)
                0x0000000008009f0c                __sread
 .text.__swrite
                0x0000000008009f2e       0x38 /home/frank/st/stm32cubeide_1.14.0/plugins/com.st.stm32cube.ide.mcu.externaltools.gnu-tools-for-stm32.11.3.rel1.linux64_1.1.100.202309141235/tools/bin/../lib/gcc/arm-none-eabi/11.3.1/../../../../arm-none-eabi/lib/thumb/v7e-m+fp/hard/libc_nano.a(libc_a-stdio.o)
                0x0000000008009f2e                __swrite
 .text.__sseek  0x0000000008009f66       0x24 /home/frank/st/stm32cubeide_1.14.0/plugins/com.st.stm32cube.ide.mcu.externaltools.gnu-tools-for-stm32.11.3.rel1.linux64_1.1.100.202309141235/tools/bin/../lib/gcc/arm-none-eabi/11.3.1/../../../../arm-none-eabi/lib/thumb/v7e-m+fp/hard/libc_nano.a(libc_a-stdio.o)
                0x0000000008009f66                __sseek
 .text.__sclose
                0x0000000008009f8a        0x8 /home/frank/st/stm32cubeide_1.14.0/plugins/com.st.stm32cube.ide.mcu.externaltools.gnu-tools-for-stm32.11.3.rel1.linux64_1.1.100.202309141235/tools/bin/../lib/gcc/arm-none-eabi/11.3.1/../../../../arm-none-eabi/lib/thumb/v7e-m+fp/hard/libc_nano.a(libc_a-stdio.o)
                0x0000000008009f8a                __sclose
 .text.__swbuf_r
                0x0000000008009f92       0x7a /home/frank/st/stm32cubeide_1.14.0/plugins/com.st.stm32cube.ide.mcu.externaltools.gnu-tools-for-stm32.11.3.rel1.linux64_1.1.100.202309141235/tools/bin/../lib/gcc/arm-none-eabi/11.3.1/../../../../arm-none-eabi/lib/thumb/v7e-m+fp/hard/libc_nano.a(libc_a-wbuf.o)
                0x0000000008009f92                __swbuf_r
 .text.__swsetup_r
                0x000000000800a00c       0xb0 /home/frank/st/stm32cubeide_1.14.0/plugins/com.st.stm32cube.ide.mcu.externaltools.gnu-tools-for-stm32.11.3.rel1.linux64_1.1.100.202309141235/tools/bin/../lib/gcc/arm-none-eabi/11.3.1/../../../../arm-none-eabi/lib/thumb/v7e-m+fp/hard/libc_nano.a(libc_a-wsetup.o)
                0x000000000800a00c                __swsetup_r
 .text.memcmp   0x000000000800a0bc       0x20 /home/frank/st/stm32cubeide_1.14.0/plugins/com.st.stm32cube.ide.mcu.externaltools.gnu-tools-for-stm32.11.3.rel1.linux64_1.1.100.202309141235/tools/bin/../lib/gcc/arm-none-eabi/11.3.1/../../../../arm-none-eabi/lib/thumb/v7e-m+fp/hard/libc_nano.a(libc_a-memcmp.o)
                0x000000000800a0bc                memcmp
 .text.memset   0x000000000800a0dc       0x10 /home/frank/st/stm32cubeide_1.14.0/plugins/com.st.stm32cube.ide.mcu.externaltools.gnu-tools-for-stm32.11.3.rel1.linux64_1.1.100.202309141235/tools/bin/../lib/gcc/arm-none-eabi/11.3.1/../../../../arm-none-eabi/lib/thumb/v7e-m+fp/hard/libc_nano.a(libc_a-memset.o)
                0x000000000800a0dc                memset
 .text._close_r
                0x000000000800a0ec       0x20 /home/frank/st/stm32cubeide_1.14.0/plugins/com.st.stm32cube.ide.mcu.externaltools.gnu-tools-for-stm32.11.3.rel1.linux64_1.1.100.202309141235/tools/bin/../lib/gcc/arm-none-eabi/11.3.1/../../../../arm-none-eabi/lib/thumb/v7e-m+fp/hard/libc_nano.a(libc_a-closer.o)
                0x000000000800a0ec                _close_r
 .text._lseek_r
                0x000000000800a10c       0x24 /home/frank/st/stm32cubeide_1.14.0/plugins/com.st.stm32cube.ide.mcu.externaltools.gnu-tools-for-stm32.11.3.rel1.linux64_1.1.100.202309141235/tools/bin/../lib/gcc/arm-none-eabi/11.3.1/../../../../arm-none-eabi/lib/thumb/v7e-m+fp/hard/libc_nano.a(libc_a-lseekr.o)
                0x000000000800a10c                _lseek_r
 .text._read_r  0x000000000800a130       0x24 /home/frank/st/stm32cubeide_1.14.0/plugins/com.st.stm32cube.ide.mcu.externaltools.gnu-tools-for-stm32.11.3.rel1.linux64_1.1.100.202309141235/tools/bin/../lib/gcc/arm-none-eabi/11.3.1/../../../../arm-none-eabi/lib/thumb/v7e-m+fp/hard/libc_nano.a(libc_a-readr.o)
                0x000000000800a130                _read_r
 .text.__libc_init_array
                0x000000000800a154       0x48 /home/frank/st/stm32cubeide_1.14.0/plugins/com.st.stm32cube.ide.mcu.externaltools.gnu-tools-for-stm32.11.3.rel1.linux64_1.1.100.202309141235/tools/bin/../lib/gcc/arm-none-eabi/11.3.1/../../../../arm-none-eabi/lib/thumb/v7e-m+fp/hard/libc_nano.a(libc_a-init.o)
                0x000000000800a154                __libc_init_array
 .text.__retarget_lock_init_recursive
                0x000000000800a19c        0x2 /home/frank/st/stm32cubeide_1.14.0/plugins/com.st.stm32cube.ide.mcu.externaltools.gnu-tools-for-stm32.11.3.rel1.linux64_1.1.100.202309141235/tools/bin/../lib/gcc/arm-none-eabi/11.3.1/../../../../arm-none-eabi/lib/thumb/v7e-m+fp/hard/libc_nano.a(libc_a-lock.o)
                0x000000000800a19c                __retarget_lock_init_recursive
 .text.__retarget_lock_acquire_recursive
                0x000000000800a19e        0x2 /home/frank/st/stm32cubeide_1.14.0/plugins/com.st.stm32cube.ide.mcu.externaltools.gnu-tools-for-stm32.11.3.rel1.linux64_1.1.100.202309141235/tools/bin/../lib/gcc/arm-none-eabi/11.3.1/../../../../arm-none-eabi/lib/thumb/v7e-m+fp/hard/libc_nano.a(libc_a-lock.o)
                0x000000000800a19e                __retarget_lock_acquire_recursive
 .text.__retarget_lock_release_recursive
                0x000000000800a1a0        0x2 /home/frank/st/stm32cubeide_1.14.0/plugins/com.st.stm32cube.ide.mcu.externaltools.gnu-tools-for-stm32.11.3.rel1.linux64_1.1.100.202309141235/tools/bin/../lib/gcc/arm-none-eabi/11.3.1/../../../../arm-none-eabi/lib/thumb/v7e-m+fp/hard/libc_nano.a(libc_a-lock.o)
                0x000000000800a1a0                __retarget_lock_release_recursive
 .text.memcpy   0x000000000800a1a2       0x1c /home/frank/st/stm32cubeide_1.14.0/plugins/com.st.stm32cube.ide.mcu.externaltools.gnu-tools-for-stm32.11.3.rel1.linux64_1.1.100.202309141235/tools/bin/../lib/gcc/arm-none-eabi/11.3.1/../../../../arm-none-eabi/lib/thumb/v7e-m+fp/hard/libc_nano.a(libc_a-memcpy-stub.o)
                0x000000000800a1a2                memcpy
 *fill*         0x000000000800a1be        0x2 
 .text._free_r  0x000000000800a1c0       0x98 /home/frank/st/stm32cubeide_1.14.0/plugins/com.st.stm32cube.ide.mcu.externaltools.gnu-tools-for-stm32.11.3.rel1.linux64_1.1.100.202309141235/tools/bin/../lib/gcc/arm-none-eabi/11.3.1/../../../../arm-none-eabi/lib/thumb/v7e-m+fp/hard/libc_nano.a(libc_a-freer.o)
                0x000000000800a1c0                _free_r
 .text.sbrk_aligned
                0x000000000800a258       0x40 /home/frank/st/stm32cubeide_1.14.0/plugins/com.st.stm32cube.ide.mcu.externaltools.gnu-tools-for-stm32.11.3.rel1.linux64_1.1.100.202309141235/tools/bin/../lib/gcc/arm-none-eabi/11.3.1/../../../../arm-none-eabi/lib/thumb/v7e-m+fp/hard/libc_nano.a(libc_a-mallocr.o)
 .text._malloc_r
                0x000000000800a298      0x100 /home/frank/st/stm32cubeide_1.14.0/plugins/com.st.stm32cube.ide.mcu.externaltools.gnu-tools-for-stm32.11.3.rel1.linux64_1.1.100.202309141235/tools/bin/../lib/gcc/arm-none-eabi/11.3.1/../../../../arm-none-eabi/lib/thumb/v7e-m+fp/hard/libc_nano.a(libc_a-mallocr.o)
                0x000000000800a298                _malloc_r
 .text.__malloc_lock
                0x000000000800a398        0xc /home/frank/st/stm32cubeide_1.14.0/plugins/com.st.stm32cube.ide.mcu.externaltools.gnu-tools-for-stm32.11.3.rel1.linux64_1.1.100.202309141235/tools/bin/../lib/gcc/arm-none-eabi/11.3.1/../../../../arm-none-eabi/lib/thumb/v7e-m+fp/hard/libc_nano.a(libc_a-mlock.o)
                0x000000000800a398                __malloc_lock
 .text.__malloc_unlock
                0x000000000800a3a4        0xc /home/frank/st/stm32cubeide_1.14.0/plugins/com.st.stm32cube.ide.mcu.externaltools.gnu-tools-for-stm32.11.3.rel1.linux64_1.1.100.202309141235/tools/bin/../lib/gcc/arm-none-eabi/11.3.1/../../../../arm-none-eabi/lib/thumb/v7e-m+fp/hard/libc_nano.a(libc_a-mlock.o)
                0x000000000800a3a4                __malloc_unlock
 .text.__ssputs_r
                0x000000000800a3b0       0xb4 /home/frank/st/stm32cubeide_1.14.0/plugins/com.st.stm32cube.ide.mcu.externaltools.gnu-tools-for-stm32.11.3.rel1.linux64_1.1.100.202309141235/tools/bin/../lib/gcc/arm-none-eabi/11.3.1/../../../../arm-none-eabi/lib/thumb/v7e-m+fp/hard/libc_nano.a(libc_a-nano-svfprintf.o)
                0x000000000800a3b0                __ssputs_r
 .text._svfprintf_r
                0x000000000800a464      0x1fc /home/frank/st/stm32cubeide_1.14.0/plugins/com.st.stm32cube.ide.mcu.externaltools.gnu-tools-for-stm32.11.3.rel1.linux64_1.1.100.202309141235/tools/bin/../lib/gcc/arm-none-eabi/11.3.1/../../../../arm-none-eabi/lib/thumb/v7e-m+fp/hard/libc_nano.a(libc_a-nano-svfprintf.o)
                0x000000000800a464                _svfprintf_r
                0x000000000800a464                _svfiprintf_r
 .text.__sfputc_r
                0x000000000800a660       0x2e /home/frank/st/stm32cubeide_1.14.0/plugins/com.st.stm32cube.ide.mcu.externaltools.gnu-tools-for-stm32.11.3.rel1.linux64_1.1.100.202309141235/tools/bin/../lib/gcc/arm-none-eabi/11.3.1/../../../../arm-none-eabi/lib/thumb/v7e-m+fp/hard/libc_nano.a(libc_a-nano-vfprintf.o)
 .text.__sfputs_r
                0x000000000800a68e       0x24 /home/frank/st/stm32cubeide_1.14.0/plugins/com.st.stm32cube.ide.mcu.externaltools.gnu-tools-for-stm32.11.3.rel1.linux64_1.1.100.202309141235/tools/bin/../lib/gcc/arm-none-eabi/11.3.1/../../../../arm-none-eabi/lib/thumb/v7e-m+fp/hard/libc_nano.a(libc_a-nano-vfprintf.o)
                0x000000000800a68e                __sfputs_r
 *fill*         0x000000000800a6b2        0x2 
 .text._vfprintf_r
                0x000000000800a6b4      0x234 /home/frank/st/stm32cubeide_1.14.0/plugins/com.st.stm32cube.ide.mcu.externaltools.gnu-tools-for-stm32.11.3.rel1.linux64_1.1.100.202309141235/tools/bin/../lib/gcc/arm-none-eabi/11.3.1/../../../../arm-none-eabi/lib/thumb/v7e-m+fp/hard/libc_nano.a(libc_a-nano-vfprintf.o)
                0x000000000800a6b4                _vfiprintf_r
                0x000000000800a6b4                _vfprintf_r
 .text._printf_common
                0x000000000800a8e8       0xda /home/frank/st/stm32cubeide_1.14.0/plugins/com.st.stm32cube.ide.mcu.externaltools.gnu-tools-for-stm32.11.3.rel1.linux64_1.1.100.202309141235/tools/bin/../lib/gcc/arm-none-eabi/11.3.1/../../../../arm-none-eabi/lib/thumb/v7e-m+fp/hard/libc_nano.a(libc_a-nano-vfprintf_i.o)
                0x000000000800a8e8                _printf_common
 *fill*         0x000000000800a9c2        0x2 
 .text._printf_i
                0x000000000800a9c4      0x244 /home/frank/st/stm32cubeide_1.14.0/plugins/com.st.stm32cube.ide.mcu.externaltools.gnu-tools-for-stm32.11.3.rel1.linux64_1.1.100.202309141235/tools/bin/../lib/gcc/arm-none-eabi/11.3.1/../../../../arm-none-eabi/lib/thumb/v7e-m+fp/hard/libc_nano.a(libc_a-nano-vfprintf_i.o)
                0x000000000800a9c4                _printf_i
 .text.__sflush_r
                0x000000000800ac08      0x10c /home/frank/st/stm32cubeide_1.14.0/plugins/com.st.stm32cube.ide.mcu.externaltools.gnu-tools-for-stm32.11.3.rel1.linux64_1.1.100.202309141235/tools/bin/../lib/gcc/arm-none-eabi/11.3.1/../../../../arm-none-eabi/lib/thumb/v7e-m+fp/hard/libc_nano.a(libc_a-fflush.o)
                0x000000000800ac08                __sflush_r
 .text._fflush_r
                0x000000000800ad14       0x50 /home/frank/st/stm32cubeide_1.14.0/plugins/com.st.stm32cube.ide.mcu.externaltools.gnu-tools-for-stm32.11.3.rel1.linux64_1.1.100.202309141235/tools/bin/../lib/gcc/arm-none-eabi/11.3.1/../../../../arm-none-eabi/lib/thumb/v7e-m+fp/hard/libc_nano.a(libc_a-fflush.o)
                0x000000000800ad14                _fflush_r
 .text.__swhatbuf_r
                0x000000000800ad64       0x4c /home/frank/st/stm32cubeide_1.14.0/plugins/com.st.stm32cube.ide.mcu.externaltools.gnu-tools-for-stm32.11.3.rel1.linux64_1.1.100.202309141235/tools/bin/../lib/gcc/arm-none-eabi/11.3.1/../../../../arm-none-eabi/lib/thumb/v7e-m+fp/hard/libc_nano.a(libc_a-makebuf.o)
                0x000000000800ad64                __swhatbuf_r
 .text.__smakebuf_r
                0x000000000800adb0       0x78 /home/frank/st/stm32cubeide_1.14.0/plugins/com.st.stm32cube.ide.mcu.externaltools.gnu-tools-for-stm32.11.3.rel1.linux64_1.1.100.202309141235/tools/bin/../lib/gcc/arm-none-eabi/11.3.1/../../../../arm-none-eabi/lib/thumb/v7e-m+fp/hard/libc_nano.a(libc_a-makebuf.o)
                0x000000000800adb0                __smakebuf_r
 .text.memmove  0x000000000800ae28       0x34 /home/frank/st/stm32cubeide_1.14.0/plugins/com.st.stm32cube.ide.mcu.externaltools.gnu-tools-for-stm32.11.3.rel1.linux64_1.1.100.202309141235/tools/bin/../lib/gcc/arm-none-eabi/11.3.1/../../../../arm-none-eabi/lib/thumb/v7e-m+fp/hard/libc_nano.a(libc_a-memmove.o)
                0x000000000800ae28                memmove
 .text._fstat_r
                0x000000000800ae5c       0x24 /home/frank/st/stm32cubeide_1.14.0/plugins/com.st.stm32cube.ide.mcu.externaltools.gnu-tools-for-stm32.11.3.rel1.linux64_1.1.100.202309141235/tools/bin/../lib/gcc/arm-none-eabi/11.3.1/../../../../arm-none-eabi/lib/thumb/v7e-m+fp/hard/libc_nano.a(libc_a-fstatr.o)
                0x000000000800ae5c                _fstat_r
 .text._isatty_r
                0x000000000800ae80       0x20 /home/frank/st/stm32cubeide_1.14.0/plugins/com.st.stm32cube.ide.mcu.externaltools.gnu-tools-for-stm32.11.3.rel1.linux64_1.1.100.202309141235/tools/bin/../lib/gcc/arm-none-eabi/11.3.1/../../../../arm-none-eabi/lib/thumb/v7e-m+fp/hard/libc_nano.a(libc_a-isattyr.o)
                0x000000000800ae80                _isatty_r
 .text._sbrk_r  0x000000000800aea0       0x20 /home/frank/st/stm32cubeide_1.14.0/plugins/com.st.stm32cube.ide.mcu.externaltools.gnu-tools-for-stm32.11.3.rel1.linux64_1.1.100.202309141235/tools/bin/../lib/gcc/arm-none-eabi/11.3.1/../../../../arm-none-eabi/lib/thumb/v7e-m+fp/hard/libc_nano.a(libc_a-sbrkr.o)
                0x000000000800aea0                _sbrk_r
 .text._realloc_r
                0x000000000800aec0       0x5e /home/frank/st/stm32cubeide_1.14.0/plugins/com.st.stm32cube.ide.mcu.externaltools.gnu-tools-for-stm32.11.3.rel1.linux64_1.1.100.202309141235/tools/bin/../lib/gcc/arm-none-eabi/11.3.1/../../../../arm-none-eabi/lib/thumb/v7e-m+fp/hard/libc_nano.a(libc_a-reallocr.o)
                0x000000000800aec0                _realloc_r
 .text._malloc_usable_size_r
                0x000000000800af1e       0x10 /home/frank/st/stm32cubeide_1.14.0/plugins/com.st.stm32cube.ide.mcu.externaltools.gnu-tools-for-stm32.11.3.rel1.linux64_1.1.100.202309141235/tools/bin/../lib/gcc/arm-none-eabi/11.3.1/../../../../arm-none-eabi/lib/thumb/v7e-m+fp/hard/libc_nano.a(libc_a-msizer.o)
                0x000000000800af1e                _malloc_usable_size_r
 *fill*         0x000000000800af2e        0x2 
 .text._sbrk    0x000000000800af30       0x1c /home/frank/st/stm32cubeide_1.14.0/plugins/com.st.stm32cube.ide.mcu.externaltools.gnu-tools-for-stm32.11.3.rel1.linux64_1.1.100.202309141235/tools/bin/../lib/gcc/arm-none-eabi/11.3.1/../../../../arm-none-eabi/lib/thumb/v7e-m+fp/hard/libnosys.a(sbrk.o)
                0x000000000800af30                _sbrk
 *(.glue_7)
 .glue_7        0x000000000800af4c        0x0 linker stubs
 *(.glue_7t)
 .glue_7t       0x000000000800af4c        0x0 linker stubs
 *(.eh_frame)
 .eh_frame      0x000000000800af4c        0x0 /home/frank/st/stm32cubeide_1.14.0/plugins/com.st.stm32cube.ide.mcu.externaltools.gnu-tools-for-stm32.11.3.rel1.linux64_1.1.100.202309141235/tools/bin/../lib/gcc/arm-none-eabi/11.3.1/thumb/v7e-m+fp/hard/crtbegin.o
 *(.init)
 .init          0x000000000800af4c        0x4 /home/frank/st/stm32cubeide_1.14.0/plugins/com.st.stm32cube.ide.mcu.externaltools.gnu-tools-for-stm32.11.3.rel1.linux64_1.1.100.202309141235/tools/bin/../lib/gcc/arm-none-eabi/11.3.1/thumb/v7e-m+fp/hard/crti.o
                0x000000000800af4c                _init
 .init          0x000000000800af50        0x8 /home/frank/st/stm32cubeide_1.14.0/plugins/com.st.stm32cube.ide.mcu.externaltools.gnu-tools-for-stm32.11.3.rel1.linux64_1.1.100.202309141235/tools/bin/../lib/gcc/arm-none-eabi/11.3.1/thumb/v7e-m+fp/hard/crtn.o
 *(.fini)
 .fini          0x000000000800af58        0x4 /home/frank/st/stm32cubeide_1.14.0/plugins/com.st.stm32cube.ide.mcu.externaltools.gnu-tools-for-stm32.11.3.rel1.linux64_1.1.100.202309141235/tools/bin/../lib/gcc/arm-none-eabi/11.3.1/thumb/v7e-m+fp/hard/crti.o
                0x000000000800af58                _fini
 .fini          0x000000000800af5c        0x8 /home/frank/st/stm32cubeide_1.14.0/plugins/com.st.stm32cube.ide.mcu.externaltools.gnu-tools-for-stm32.11.3.rel1.linux64_1.1.100.202309141235/tools/bin/../lib/gcc/arm-none-eabi/11.3.1/thumb/v7e-m+fp/hard/crtn.o
                0x000000000800af64                . = ALIGN (0x4)
                0x000000000800af64                _etext = .

.vfp11_veneer   0x000000000800af64        0x0
 .vfp11_veneer  0x000000000800af64        0x0 linker stubs

.v4_bx          0x000000000800af64        0x0
 .v4_bx         0x000000000800af64        0x0 linker stubs

.iplt           0x000000000800af64        0x0
 .iplt          0x000000000800af64        0x0 /home/frank/st/stm32cubeide_1.14.0/plugins/com.st.stm32cube.ide.mcu.externaltools.gnu-tools-for-stm32.11.3.rel1.linux64_1.1.100.202309141235/tools/bin/../lib/gcc/arm-none-eabi/11.3.1/thumb/v7e-m+fp/hard/crtbegin.o

.rodata         0x000000000800af64      0x548
                0x000000000800af64                . = ALIGN (0x4)
 *(.rodata)
 .rodata        0x000000000800af64      0x3dd ./Core/Src/main.o
 *fill*         0x000000000800b341        0x3 
 .rodata        0x000000000800b344       0x40 ./Core/Src/modbus.o
 .rodata        0x000000000800b384        0x5 ./Middleware/FreeRTOS/tasks.o
 *fill*         0x000000000800b389        0x3 
 .rodata        0x000000000800b38c        0xd ./Middleware/FreeRTOS/timers.o
 *fill*         0x000000000800b399        0x3 
 .rodata        0x000000000800b39c       0x35 ./Middleware/SEGGER/Config/SEGGER_SYSVIEW_Config_FreeRTOS.o
 *fill*         0x000000000800b3d1        0x3 
 .rodata        0x000000000800b3d4       0x58 ./Middleware/SEGGER/OS/SEGGER_SYSVIEW_FreeRTOS.o
 .rodata        0x000000000800b42c       0x17 ./Middleware/SEGGER/SEGGER/SEGGER_RTT.o
 *fill*         0x000000000800b443        0x1 
 .rodata        0x000000000800b444        0x8 ./Middleware/SEGGER/SEGGER/SEGGER_SYSVIEW.o
 *(.rodata*)
 .rodata.AHBPrescTable
                0x000000000800b44c       0x10 ./Core/Src/system_stm32f4xx.o
                0x000000000800b44c                AHBPrescTable
 .rodata.APBPrescTable
                0x000000000800b45c        0x8 ./Core/Src/system_stm32f4xx.o
                0x000000000800b45c                APBPrescTable
 .rodata.SYSVIEW_X_OS_TraceAPI
                0x000000000800b464        0x8 ./Middleware/SEGGER/OS/SEGGER_SYSVIEW_FreeRTOS.o
                0x000000000800b464                SYSVIEW_X_OS_TraceAPI
 .rodata._abSync
                0x000000000800b46c        0xa ./Middleware/SEGGER/SEGGER/SEGGER_SYSVIEW.o
 .rodata._svfprintf_r.str1.1
                0x000000000800b476       0x11 /home/frank/st/stm32cubeide_1.14.0/plugins/com.st.stm32cube.ide.mcu.externaltools.gnu-tools-for-stm32.11.3.rel1.linux64_1.1.100.202309141235/tools/bin/../lib/gcc/arm-none-eabi/11.3.1/../../../../arm-none-eabi/lib/thumb/v7e-m+fp/hard/libc_nano.a(libc_a-nano-svfprintf.o)
 .rodata._vfprintf_r.str1.1
                0x000000000800b487       0x11 /home/frank/st/stm32cubeide_1.14.0/plugins/com.st.stm32cube.ide.mcu.externaltools.gnu-tools-for-stm32.11.3.rel1.linux64_1.1.100.202309141235/tools/bin/../lib/gcc/arm-none-eabi/11.3.1/../../../../arm-none-eabi/lib/thumb/v7e-m+fp/hard/libc_nano.a(libc_a-nano-vfprintf.o)
 .rodata._printf_i.str1.1
                0x000000000800b487       0x22 /home/frank/st/stm32cubeide_1.14.0/plugins/com.st.stm32cube.ide.mcu.externaltools.gnu-tools-for-stm32.11.3.rel1.linux64_1.1.100.202309141235/tools/bin/../lib/gcc/arm-none-eabi/11.3.1/../../../../arm-none-eabi/lib/thumb/v7e-m+fp/hard/libc_nano.a(libc_a-nano-vfprintf_i.o)
                0x000000000800b4ac                . = ALIGN (0x4)
 *fill*         0x000000000800b4a9        0x3 

.ARM.extab      0x000000000800b4ac        0x0
                0x000000000800b4ac                . = ALIGN (0x4)
 *(.ARM.extab* .gnu.linkonce.armextab.*)
                0x000000000800b4ac                . = ALIGN (0x4)

.ARM            0x000000000800b4ac        0x8
                0x000000000800b4ac                . = ALIGN (0x4)
                0x000000000800b4ac                __exidx_start = .
 *(.ARM.exidx*)
 .ARM.exidx     0x000000000800b4ac        0x8 /home/frank/st/stm32cubeide_1.14.0/plugins/com.st.stm32cube.ide.mcu.externaltools.gnu-tools-for-stm32.11.3.rel1.linux64_1.1.100.202309141235/tools/bin/../lib/gcc/arm-none-eabi/11.3.1/thumb/v7e-m+fp/hard/libgcc.a(_udivmoddi4.o)
                0x000000000800b4b4                __exidx_end = .
                0x000000000800b4b4                . = ALIGN (0x4)

.rel.dyn        0x000000000800b4b4        0x0
 .rel.iplt      0x000000000800b4b4        0x0 /home/frank/st/stm32cubeide_1.14.0/plugins/com.st.stm32cube.ide.mcu.externaltools.gnu-tools-for-stm32.11.3.rel1.linux64_1.1.100.202309141235/tools/bin/../lib/gcc/arm-none-eabi/11.3.1/thumb/v7e-m+fp/hard/crtbegin.o

.preinit_array  0x000000000800b4b4        0x0
                0x000000000800b4b4                . = ALIGN (0x4)
                0x000000000800b4b4                PROVIDE (__preinit_array_start = .)
 *(.preinit_array*)
                0x000000000800b4b4                PROVIDE (__preinit_array_end = .)
                0x000000000800b4b4                . = ALIGN (0x4)

.init_array     0x000000000800b4b4        0x4
                0x000000000800b4b4                . = ALIGN (0x4)
                0x000000000800b4b4                PROVIDE (__init_array_start = .)
 *(SORT_BY_NAME(.init_array.*))
 *(.init_array*)
 .init_array    0x000000000800b4b4        0x4 /home/frank/st/stm32cubeide_1.14.0/plugins/com.st.stm32cube.ide.mcu.externaltools.gnu-tools-for-stm32.11.3.rel1.linux64_1.1.100.202309141235/tools/bin/../lib/gcc/arm-none-eabi/11.3.1/thumb/v7e-m+fp/hard/crtbegin.o
                0x000000000800b4b8                PROVIDE (__init_array_end = .)
                0x000000000800b4b8                . = ALIGN (0x4)

.fini_array     0x000000000800b4b8        0x4
                0x000000000800b4b8                . = ALIGN (0x4)
                [!provide]                        PROVIDE (__fini_array_start = .)
 *(SORT_BY_NAME(.fini_array.*))
 *(.fini_array*)
 .fini_array    0x000000000800b4b8        0x4 /home/frank/st/stm32cubeide_1.14.0/plugins/com.st.stm32cube.ide.mcu.externaltools.gnu-tools-for-stm32.11.3.rel1.linux64_1.1.100.202309141235/tools/bin/../lib/gcc/arm-none-eabi/11.3.1/thumb/v7e-m+fp/hard/crtbegin.o
                [!provide]                        PROVIDE (__fini_array_end = .)
                0x000000000800b4bc                . = ALIGN (0x4)
                0x000000000800b4bc                _sidata = LOADADDR (.data)

.data           0x0000000020000000      0x138 load address 0x000000000800b4bc
                0x0000000020000000                . = ALIGN (0x4)
                0x0000000020000000                _sdata = .
 *(.data)
 *(.data*)
 .data.gWIZNETINFO
                0x0000000020000000       0x17 ./Core/Src/main.o
                0x0000000020000000                gWIZNETINFO
 *fill*         0x0000000020000017        0x1 
 .data.holding_register
                0x0000000020000018       0x80 ./Core/Src/main.o
                0x0000000020000018                holding_register
 .data.SystemCoreClock
                0x0000000020000098        0x4 ./Core/Src/system_stm32f4xx.o
                0x0000000020000098                SystemCoreClock
 .data.sock_any_port
                0x000000002000009c        0x2 ./Core/Src/w5500/socket.o
 *fill*         0x000000002000009e        0x2 
 .data.WIZCHIP  0x00000000200000a0       0x2c ./Core/Src/w5500/wizchip_conf.o
                0x00000000200000a0                WIZCHIP
 .data.uwTickPrio
                0x00000000200000cc        0x4 ./Drivers/STM32F4xx_HAL_Driver/stm32f4xx_hal.o
                0x00000000200000cc                uwTickPrio
 .data.uwTickFreq
                0x00000000200000d0        0x1 ./Drivers/STM32F4xx_HAL_Driver/stm32f4xx_hal.o
                0x00000000200000d0                uwTickFreq
 *fill*         0x00000000200000d1        0x3 
 .data.uxTopUsedPriority
                0x00000000200000d4        0x4 ./Middleware/FreeRTOS/tasks.o
                0x00000000200000d4                uxTopUsedPriority
 .data.uxCriticalNesting
                0x00000000200000d8        0x4 ./Middleware/FreeRTOS/portable/GCC/ARM_CM4F/port.o
 .data.__sglue  0x00000000200000dc        0xc /home/frank/st/stm32cubeide_1.14.0/plugins/com.st.stm32cube.ide.mcu.externaltools.gnu-tools-for-stm32.11.3.rel1.linux64_1.1.100.202309141235/tools/bin/../lib/gcc/arm-none-eabi/11.3.1/../../../../arm-none-eabi/lib/thumb/v7e-m+fp/hard/libc_nano.a(libc_a-findfp.o)
                0x00000000200000dc                __sglue
 .data._impure_data
                0x00000000200000e8       0x4c /home/frank/st/stm32cubeide_1.14.0/plugins/com.st.stm32cube.ide.mcu.externaltools.gnu-tools-for-stm32.11.3.rel1.linux64_1.1.100.202309141235/tools/bin/../lib/gcc/arm-none-eabi/11.3.1/../../../../arm-none-eabi/lib/thumb/v7e-m+fp/hard/libc_nano.a(libc_a-impure.o)
                0x00000000200000e8                _impure_data
 .data._impure_ptr
                0x0000000020000134        0x4 /home/frank/st/stm32cubeide_1.14.0/plugins/com.st.stm32cube.ide.mcu.externaltools.gnu-tools-for-stm32.11.3.rel1.linux64_1.1.100.202309141235/tools/bin/../lib/gcc/arm-none-eabi/11.3.1/../../../../arm-none-eabi/lib/thumb/v7e-m+fp/hard/libc_nano.a(libc_a-impure.o)
                0x0000000020000134                _impure_ptr
 *(.RamFunc)
 *(.RamFunc*)
                0x0000000020000138                . = ALIGN (0x4)
                0x0000000020000138                _edata = .

.igot.plt       0x0000000020000138        0x0 load address 0x000000000800b5f4
 .igot.plt      0x0000000020000138        0x0 /home/frank/st/stm32cubeide_1.14.0/plugins/com.st.stm32cube.ide.mcu.externaltools.gnu-tools-for-stm32.11.3.rel1.linux64_1.1.100.202309141235/tools/bin/../lib/gcc/arm-none-eabi/11.3.1/thumb/v7e-m+fp/hard/crtbegin.o
                0x0000000020000138                . = ALIGN (0x4)

.bss            0x0000000020000138    0x147e4 load address 0x000000000800b5f4
                0x0000000020000138                _sbss = .
                0x0000000020000138                __bss_start__ = _sbss
 *(.bss)
 .bss           0x0000000020000138       0x1c /home/frank/st/stm32cubeide_1.14.0/plugins/com.st.stm32cube.ide.mcu.externaltools.gnu-tools-for-stm32.11.3.rel1.linux64_1.1.100.202309141235/tools/bin/../lib/gcc/arm-none-eabi/11.3.1/thumb/v7e-m+fp/hard/crtbegin.o
 *(.bss*)
 .bss.msg       0x0000000020000154       0x3c ./Core/Src/main.o
                0x0000000020000154                msg
 .bss.hspi1     0x0000000020000190       0x58 ./Core/Src/main.o
                0x0000000020000190                hspi1
 .bss.huart1    0x00000000200001e8       0x48 ./Core/Src/main.o
                0x00000000200001e8                huart1
 .bss.TX_buffer
                0x0000000020000230       0x80 ./Core/Src/main.o
                0x0000000020000230                TX_buffer
 .bss.RX_buffer
                0x00000000200002b0       0x80 ./Core/Src/main.o
                0x00000000200002b0                RX_buffer
 .bss.task1_handle
                0x0000000020000330        0x4 ./Core/Src/main.o
                0x0000000020000330                task1_handle
 .bss.status    0x0000000020000334        0x4 ./Core/Src/main.o
                0x0000000020000334                status
 .bss.error_flag
                0x0000000020000338        0x1 ./Core/Src/modbus.o
                0x0000000020000338                error_flag
 .bss.low_byte  0x0000000020000339        0x1 ./Core/Src/modbus.o
                0x0000000020000339                low_byte
 .bss.high_byte
                0x000000002000033a        0x1 ./Core/Src/modbus.o
                0x000000002000033a                high_byte
 *fill*         0x000000002000033b        0x1 
 .bss.htim6     0x000000002000033c       0x48 ./Core/Src/stm32f4xx_hal_timebase_tim.o
                0x000000002000033c                htim6
 .bss.sock_io_mode
                0x0000000020000384        0x2 ./Core/Src/w5500/socket.o
 .bss.sock_is_sending
                0x0000000020000386        0x2 ./Core/Src/w5500/socket.o
 .bss.sock_remained_size
                0x0000000020000388       0x10 ./Core/Src/w5500/socket.o
 .bss.sock_pack_info
                0x0000000020000398        0x8 ./Core/Src/w5500/socket.o
                0x0000000020000398                sock_pack_info
 .bss._DNS_     0x00000000200003a0        0x4 ./Core/Src/w5500/wizchip_conf.o
 .bss._DHCP_    0x00000000200003a4        0x1 ./Core/Src/w5500/wizchip_conf.o
 *fill*         0x00000000200003a5        0x3 
 .bss.uwTick    0x00000000200003a8        0x4 ./Drivers/STM32F4xx_HAL_Driver/stm32f4xx_hal.o
                0x00000000200003a8                uwTick
 .bss.xQueueRegistry
                0x00000000200003ac       0x40 ./Middleware/FreeRTOS/queue.o
                0x00000000200003ac                xQueueRegistry
 .bss.pxCurrentTCB
                0x00000000200003ec        0x4 ./Middleware/FreeRTOS/tasks.o
                0x00000000200003ec                pxCurrentTCB
 .bss.pxReadyTasksLists
                0x00000000200003f0       0x64 ./Middleware/FreeRTOS/tasks.o
 .bss.xDelayedTaskList1
                0x0000000020000454       0x14 ./Middleware/FreeRTOS/tasks.o
 .bss.xDelayedTaskList2
                0x0000000020000468       0x14 ./Middleware/FreeRTOS/tasks.o
 .bss.pxDelayedTaskList
                0x000000002000047c        0x4 ./Middleware/FreeRTOS/tasks.o
 .bss.pxOverflowDelayedTaskList
                0x0000000020000480        0x4 ./Middleware/FreeRTOS/tasks.o
 .bss.xPendingReadyList
                0x0000000020000484       0x14 ./Middleware/FreeRTOS/tasks.o
 .bss.xTasksWaitingTermination
                0x0000000020000498       0x14 ./Middleware/FreeRTOS/tasks.o
 .bss.uxDeletedTasksWaitingCleanUp
                0x00000000200004ac        0x4 ./Middleware/FreeRTOS/tasks.o
 .bss.xSuspendedTaskList
                0x00000000200004b0       0x14 ./Middleware/FreeRTOS/tasks.o
 .bss.uxCurrentNumberOfTasks
                0x00000000200004c4        0x4 ./Middleware/FreeRTOS/tasks.o
 .bss.xTickCount
                0x00000000200004c8        0x4 ./Middleware/FreeRTOS/tasks.o
 .bss.uxTopReadyPriority
                0x00000000200004cc        0x4 ./Middleware/FreeRTOS/tasks.o
 .bss.xSchedulerRunning
                0x00000000200004d0        0x4 ./Middleware/FreeRTOS/tasks.o
 .bss.xPendedTicks
                0x00000000200004d4        0x4 ./Middleware/FreeRTOS/tasks.o
 .bss.xYieldPending
                0x00000000200004d8        0x4 ./Middleware/FreeRTOS/tasks.o
 .bss.xNumOfOverflows
                0x00000000200004dc        0x4 ./Middleware/FreeRTOS/tasks.o
 .bss.uxTaskNumber
                0x00000000200004e0        0x4 ./Middleware/FreeRTOS/tasks.o
 .bss.xNextTaskUnblockTime
                0x00000000200004e4        0x4 ./Middleware/FreeRTOS/tasks.o
 .bss.xIdleTaskHandle
                0x00000000200004e8        0x4 ./Middleware/FreeRTOS/tasks.o
 .bss.uxSchedulerSuspended
                0x00000000200004ec        0x4 ./Middleware/FreeRTOS/tasks.o
 .bss.xActiveTimerList1
                0x00000000200004f0       0x14 ./Middleware/FreeRTOS/timers.o
 .bss.xActiveTimerList2
                0x0000000020000504       0x14 ./Middleware/FreeRTOS/timers.o
 .bss.pxCurrentTimerList
                0x0000000020000518        0x4 ./Middleware/FreeRTOS/timers.o
 .bss.pxOverflowTimerList
                0x000000002000051c        0x4 ./Middleware/FreeRTOS/timers.o
 .bss.xTimerQueue
                0x0000000020000520        0x4 ./Middleware/FreeRTOS/timers.o
 .bss.xTimerTaskHandle
                0x0000000020000524        0x4 ./Middleware/FreeRTOS/timers.o
 .bss.xLastTime.0
                0x0000000020000528        0x4 ./Middleware/FreeRTOS/timers.o
 .bss.ucMaxSysCallPriority
                0x000000002000052c        0x1 ./Middleware/FreeRTOS/portable/GCC/ARM_CM4F/port.o
 *fill*         0x000000002000052d        0x3 
 .bss.ulMaxPRIGROUPValue
                0x0000000020000530        0x4 ./Middleware/FreeRTOS/portable/GCC/ARM_CM4F/port.o
 .bss.ucHeap    0x0000000020000534    0x12c00 ./Middleware/FreeRTOS/portable/MemMang/heap_4.o
 .bss.xStart    0x0000000020013134        0x8 ./Middleware/FreeRTOS/portable/MemMang/heap_4.o
 .bss.pxEnd     0x000000002001313c        0x4 ./Middleware/FreeRTOS/portable/MemMang/heap_4.o
 .bss.xFreeBytesRemaining
                0x0000000020013140        0x4 ./Middleware/FreeRTOS/portable/MemMang/heap_4.o
 .bss.xMinimumEverFreeBytesRemaining
                0x0000000020013144        0x4 ./Middleware/FreeRTOS/portable/MemMang/heap_4.o
 .bss.xNumberOfSuccessfulAllocations
                0x0000000020013148        0x4 ./Middleware/FreeRTOS/portable/MemMang/heap_4.o
 .bss.xNumberOfSuccessfulFrees
                0x000000002001314c        0x4 ./Middleware/FreeRTOS/portable/MemMang/heap_4.o
 .bss.xBlockAllocatedBit
                0x0000000020013150        0x4 ./Middleware/FreeRTOS/portable/MemMang/heap_4.o
 .bss._aTasks   0x0000000020013154       0xa0 ./Middleware/SEGGER/OS/SEGGER_SYSVIEW_FreeRTOS.o
 .bss._NumTasks
                0x00000000200131f4        0x4 ./Middleware/SEGGER/OS/SEGGER_SYSVIEW_FreeRTOS.o
 .bss._SEGGER_RTT
                0x00000000200131f8       0xa8 ./Middleware/SEGGER/SEGGER/SEGGER_RTT.o
                0x00000000200131f8                _SEGGER_RTT
 .bss._acUpBuffer
                0x00000000200132a0      0x400 ./Middleware/SEGGER/SEGGER/SEGGER_RTT.o
 .bss._acDownBuffer
                0x00000000200136a0       0x10 ./Middleware/SEGGER/SEGGER/SEGGER_RTT.o
 .bss._UpBuffer
                0x00000000200136b0     0x1000 ./Middleware/SEGGER/SEGGER/SEGGER_SYSVIEW.o
 .bss._DownBuffer
                0x00000000200146b0        0x8 ./Middleware/SEGGER/SEGGER/SEGGER_SYSVIEW.o
 .bss._SYSVIEW_Globals
                0x00000000200146b8       0x28 ./Middleware/SEGGER/SEGGER/SEGGER_SYSVIEW.o
 .bss._pFirstModule
                0x00000000200146e0        0x4 ./Middleware/SEGGER/SEGGER/SEGGER_SYSVIEW.o
 .bss._NumModules