../Core/Src/bq_common.c:50:6:CopyArray	32	static
../Core/Src/bq_common.c:59:15:Checksum	24	static
../Core/Src/bq_common.c:73:15:CRC8	24	static
../Core/Src/bq_common.c:98:6:I2C_WriteReg	48	static
../Core/Src/bq_common.c:129:5:I2C_ReadReg	48	static
../Core/Src/bq_common.c:171:6:BQ769x2_SetRegister	32	static
../Core/Src/bq_common.c:230:10:BQ769x2_ReadRegister	32	static
../Core/Src/bq_common.c:267:6:BQ769x2_WriteRegister	24	static
../Core/Src/bq_common.c:285:6:CommandSubcommands	24	static
../Core/Src/bq_common.c:299:6:Subcommands	32	static
../Core/Src/bq_common.c:353:6:DirectCommands	24	static
../Core/Src/bq_common.c:375:6:BQ769x2_Init	8	static
../Core/Src/bq_common.c:481:6:BQ769x2_BOTHOFF	4	static
../Core/Src/bq_common.c:488:6:BQ769x2_RESET_BOTHOFF	4	static
../Core/Src/bq_common.c:495:6:BQ769x2_ReadFETStatus	8	static
../Core/Src/bq_common.c:510:6:BQ769x2_ShutdownPin	4	static
../Core/Src/bq_common.c:517:6:BQ769x2_ReleaseShutdownPin	4	static
../Core/Src/bq_common.c:528:10:BQ769x2_ReadAlarmStatus	8	static
../Core/Src/bq_common.c:535:6:BQ769x2_ReadSafetyStatus	8	static
../Core/Src/bq_common.c:560:6:BQ769x2_ReadPFStatus	8	static
../Core/Src/bq_common.c:576:10:BQ769x2_ReadVoltage	16	static
../Core/Src/bq_common.c:591:6:BQ769x2_ReadAllVoltages	24	static
../Core/Src/bq_common.c:605:10:BQ769x2_ReadCurrent	8	static
../Core/Src/bq_common.c:612:7:BQ769x2_ReadTemperature	16	static
../Core/Src/bq_common.c:619:7:BQ769x2_ReadPassQ	16	static
../Core/Src/bq_common.c:646:9:EEPROM_ReadByte	40	static
../Core/Src/bq_common.c:666:6:bms_charge_error	4	static
../Core/Src/bq_common.c:671:6:bms_discharge_error	4	static
../Core/Src/bq_common.c:676:6:bms_charge_allowed	16	static
../Core/Src/bq_common.c:682:6:bms_discharge_allowed	16	static
../Core/Src/bq_common.c:688:6:bms_state_machine	16	static
