../Core/Src/main.c:212:6:delayUS	16	static
../Core/Src/main.c:230:5:main	72	static,ignoring_inline_asm
../Core/Src/main.c:379:6:SystemClock_Config	88	static
../Core/Src/main.c:426:13:MX_I2C1_Init	8	static
../Core/Src/main.c:460:13:MX_SPI1_Init	8	static
../Core/Src/main.c:498:13:MX_TIM10_Init	8	static
../Core/Src/main.c:529:13:MX_USART1_UART_Init	8	static
../Core/Src/main.c:562:13:MX_USART2_UART_Init	8	static
../Core/Src/main.c:593:13:MX_DMA_Init	16	static
../Core/Src/main.c:614:13:MX_GPIO_Init	48	static
../Core/Src/main.c:669:13:modbus_comm_task	32	static
../Core/Src/main.c:791:13:soc_task	24	static
../Core/Src/main.c:816:13:bms_state_machine_task	24	static
../Core/Src/main.c:831:13:read_voltage_task	24	static
../Core/Src/main.c:889:6:HAL_SYSTICK_Callback	8	static
../Core/Src/main.c:894:9:W5500_rxtx	32	static
../Core/Src/main.c:903:6:wizchip_select	8	static
../Core/Src/main.c:908:6:wizchip_deselect	8	static
../Core/Src/main.c:913:6:wizchip_write	16	static
../Core/Src/main.c:918:9:wizchip_read	8	static
../Core/Src/main.c:928:6:network_init	16	static
../Core/Src/main.c:937:6:UWriteData	16	static
../Core/Src/main.c:945:5:__io_putchar	16	static
../Core/Src/main.c:951:12:PHYStatusCheck	16	static
../Core/Src/main.c:976:6:PrintPHYConf	16	static
../Core/Src/main.c:1045:6:HAL_TIM_PeriodElapsedCallback	16	static
../Core/Src/main.c:1062:6:Error_Handler	4	static,ignoring_inline_asm
