../Core/Src/main.c:118:6:delayUS	16	static
../Core/Src/main.c:123:6:CopyArray	32	static
../Core/Src/main.c:132:15:Checksum	24	static
../Core/Src/main.c:146:15:CRC8	24	static
../Core/Src/main.c:171:6:I2C_WriteReg	48	static
../Core/Src/main.c:202:5:I2C_ReadReg	48	static
../Core/Src/main.c:244:6:BQ769x2_SetRegister	32	static
../Core/Src/main.c:301:10:BQ769x2_ReadRegister	32	static
../Core/Src/main.c:337:6:BQ769x2_WriteRegister	24	static
../Core/Src/main.c:353:6:CommandSubcommands	24	static
../Core/Src/main.c:367:6:Subcommands	32	static
../Core/Src/main.c:418:6:DirectCommands	24	static
../Core/Src/main.c:438:6:BQ769x2_Init	8	static
../Core/Src/main.c:551:6:BQ769x2_BOTHOFF	8	static
../Core/Src/main.c:557:6:BQ769x2_RESET_BOTHOFF	8	static
../Core/Src/main.c:563:6:BQ769x2_ReadFETStatus	8	static
../Core/Src/main.c:577:6:BQ769x2_ShutdownPin	8	static
../Core/Src/main.c:583:6:BQ769x2_ReleaseShutdownPin	8	static
../Core/Src/main.c:594:10:BQ769x2_ReadAlarmStatus	8	static
../Core/Src/main.c:600:6:BQ769x2_ReadSafetyStatus	8	static
../Core/Src/main.c:626:10:BQ769x2_ReadVoltage	16	static
../Core/Src/main.c:639:6:BQ769x2_ReadPFStatus	8	static
../Core/Src/main.c:650:6:BQ769x2_ReadAllVoltages	16	static
../Core/Src/main.c:663:10:BQ769x2_ReadCurrent	8	static
../Core/Src/main.c:670:7:BQ769x2_ReadTemperature	16	static
../Core/Src/main.c:677:7:BQ769x2_ReadPassQ	16	static
../Core/Src/main.c:705:9:EEPROM_ReadByte	40	static
../Core/Src/main.c:738:5:main	24	static
../Core/Src/main.c:1008:6:SystemClock_Config	88	static
../Core/Src/main.c:1056:13:MX_I2C1_Init	8	static
../Core/Src/main.c:1090:13:MX_TIM10_Init	8	static
../Core/Src/main.c:1121:13:MX_GPIO_Init	48	static
../Core/Src/main.c:1301:6:HAL_TIM_PeriodElapsedCallback	16	static
../Core/Src/main.c:1318:6:Error_Handler	4	static,ignoring_inline_asm
