../Core/Src/main.c:109:6:delayUS	16	static
../Core/Src/main.c:114:6:CopyArray	32	static
../Core/Src/main.c:123:15:Checksum	24	static
../Core/Src/main.c:137:15:CRC8	24	static
../Core/Src/main.c:162:6:I2C_WriteReg	64	static
../Core/Src/main.c:193:5:I2C_ReadReg	80	static
../Core/Src/main.c:235:6:BQ769x2_SetRegister	32	static
../Core/Src/main.c:292:10:BQ769x2_ReadRegister	32	static
../Core/Src/main.c:328:6:BQ769x2_WriteRegister	24	static
../Core/Src/main.c:344:6:CommandSubcommands	24	static
../Core/Src/main.c:358:6:Subcommands	32	static
../Core/Src/main.c:409:6:DirectCommands	24	static
../Core/Src/main.c:429:6:BQ769x2_Init	8	static
../Core/Src/main.c:529:6:BQ769x2_BOTHOFF	8	static
../Core/Src/main.c:535:6:BQ769x2_RESET_BOTHOFF	8	static
../Core/Src/main.c:541:6:BQ769x2_ReadFETStatus	8	static
../Core/Src/main.c:555:6:BQ769x2_ShutdownPin	8	static
../Core/Src/main.c:561:6:BQ769x2_ReleaseShutdownPin	8	static
../Core/Src/main.c:572:10:BQ769x2_ReadAlarmStatus	8	static
../Core/Src/main.c:578:6:BQ769x2_ReadSafetyStatus	8	static
../Core/Src/main.c:598:6:BQ769x2_ReadPFStatus	8	static
../Core/Src/main.c:615:10:BQ769x2_ReadVoltage	16	static
../Core/Src/main.c:628:6:BQ769x2_ReadAllVoltages	16	static
../Core/Src/main.c:641:10:BQ769x2_ReadCurrent	8	static
../Core/Src/main.c:648:7:BQ769x2_ReadTemperature	16	static
../Core/Src/main.c:655:6:BQ769x2_ReadPassQ	8	static
../Core/Src/main.c:662:9:EEPROM_ReadByte	40	static
../Core/Src/main.c:695:5:main	48	static
../Core/Src/main.c:895:6:SystemClock_Config	88	static
../Core/Src/main.c:943:13:MX_I2C1_Init	8	static
../Core/Src/main.c:977:13:MX_TIM10_Init	8	static
../Core/Src/main.c:1008:13:MX_GPIO_Init	48	static
../Core/Src/main.c:1188:6:HAL_TIM_PeriodElapsedCallback	16	static
../Core/Src/main.c:1205:6:Error_Handler	4	static,ignoring_inline_asm
