../Core/Src/main.c:118:6:delayUS	2
../Core/Src/main.c:123:6:CopyArray	2
../Core/Src/main.c:132:15:Checksum	2
../Core/Src/main.c:146:15:CRC8	5
../Core/Src/main.c:171:6:I2C_WriteReg	1
../Core/Src/main.c:202:5:I2C_ReadReg	1
../Core/Src/main.c:244:6:BQ769x2_SetRegister	9
../Core/Src/main.c:301:10:BQ769x2_ReadRegister	3
../Core/Src/main.c:337:6:BQ769x2_WriteRegister	2
../Core/Src/main.c:353:6:CommandSubcommands	1
../Core/Src/main.c:367:6:Subcommands	6
../Core/Src/main.c:418:6:DirectCommands	3
../Core/Src/main.c:438:6:BQ769x2_Init	1
../Core/Src/main.c:554:6:BQ769x2_BOTHOFF	1
../Core/Src/main.c:560:6:BQ769x2_RESET_BOTHOFF	1
../Core/Src/main.c:566:6:BQ769x2_ReadFETStatus	1
../Core/Src/main.c:580:6:BQ769x2_ShutdownPin	1
../Core/Src/main.c:586:6:BQ769x2_ReleaseShutdownPin	1
../Core/Src/main.c:597:10:BQ769x2_ReadAlarmStatus	1
../Core/Src/main.c:603:6:BQ769x2_ReadSafetyStatus	2
../Core/Src/main.c:629:10:BQ769x2_ReadVoltage	3
../Core/Src/main.c:642:6:BQ769x2_ReadPFStatus	1
../Core/Src/main.c:653:6:BQ769x2_ReadAllVoltages	2
../Core/Src/main.c:666:10:BQ769x2_ReadCurrent	1
../Core/Src/main.c:673:7:BQ769x2_ReadTemperature	1
../Core/Src/main.c:680:7:BQ769x2_ReadPassQ	1
../Core/Src/main.c:708:9:EEPROM_ReadByte	1
../Core/Src/main.c:741:5:main	5
../Core/Src/main.c:1013:6:SystemClock_Config	3
../Core/Src/main.c:1061:13:MX_I2C1_Init	2
../Core/Src/main.c:1095:13:MX_TIM10_Init	2
../Core/Src/main.c:1126:13:MX_GPIO_Init	1
../Core/Src/main.c:1306:6:HAL_TIM_PeriodElapsedCallback	2
../Core/Src/main.c:1323:6:Error_Handler	1
