../Core/Src/main.c:250:6:delayUS	16	static
../Core/Src/main.c:257:6:CopyArray	32	static
../Core/Src/main.c:266:15:Checksum	24	static
../Core/Src/main.c:280:15:CRC8	24	static
../Core/Src/main.c:305:6:I2C_WriteReg	48	static
../Core/Src/main.c:336:5:I2C_ReadReg	48	static
../Core/Src/main.c:378:6:BQ769x2_SetRegister	32	static
../Core/Src/main.c:421:10:BQ769x2_ReadRegister	32	static
../Core/Src/main.c:458:6:BQ769x2_WriteRegister	24	static
../Core/Src/main.c:476:6:CommandSubcommands	24	static
../Core/Src/main.c:490:6:Subcommands	32	static
../Core/Src/main.c:544:6:DirectCommands	24	static
../Core/Src/main.c:566:6:BQ769x2_Init	8	static
../Core/Src/main.c:656:6:BQ769x2_BOTHOFF	8	static
../Core/Src/main.c:663:6:BQ769x2_RESET_BOTHOFF	8	static
../Core/Src/main.c:670:6:BQ769x2_ReadFETStatus	8	static
../Core/Src/main.c:685:6:BQ769x2_ShutdownPin	8	static
../Core/Src/main.c:692:6:BQ769x2_ReleaseShutdownPin	8	static
../Core/Src/main.c:703:10:BQ769x2_ReadAlarmStatus	8	static
../Core/Src/main.c:710:6:BQ769x2_ReadSafetyStatus	8	static
../Core/Src/main.c:735:6:BQ769x2_ReadPFStatus	8	static
../Core/Src/main.c:751:10:BQ769x2_ReadVoltage	16	static
../Core/Src/main.c:765:6:BQ769x2_ReadAllVoltages	16	static
../Core/Src/main.c:779:10:BQ769x2_ReadCurrent	8	static
../Core/Src/main.c:786:7:BQ769x2_ReadTemperature	16	static
../Core/Src/main.c:793:6:BQ769x2_ReadPassQ	8	static
../Core/Src/main.c:801:9:EEPROM_ReadByte	40	static
../Core/Src/main.c:832:5:main	64	static,ignoring_inline_asm
../Core/Src/main.c:982:6:SystemClock_Config	88	static
../Core/Src/main.c:1028:13:MX_I2C1_Init	8	static
../Core/Src/main.c:1061:13:MX_SPI1_Init	8	static
../Core/Src/main.c:1098:13:MX_TIM10_Init	8	static
../Core/Src/main.c:1128:13:MX_USART1_UART_Init	8	static
../Core/Src/main.c:1160:13:MX_USART2_UART_Init	8	static
../Core/Src/main.c:1190:13:MX_DMA_Init	16	static
../Core/Src/main.c:1210:13:MX_GPIO_Init	48	static
../Core/Src/main.c:1258:13:modbus_comm_task	32	static
../Core/Src/main.c:1356:13:task1_handler	16	static
../Core/Src/main.c:1371:13:readVoltage_task	24	static
../Core/Src/main.c:1432:6:HAL_SYSTICK_Callback	8	static
../Core/Src/main.c:1437:9:W5500_rxtx	32	static
../Core/Src/main.c:1446:6:wizchip_select	8	static
../Core/Src/main.c:1451:6:wizchip_deselect	8	static
../Core/Src/main.c:1456:6:wizchip_write	16	static
../Core/Src/main.c:1461:9:wizchip_read	8	static
../Core/Src/main.c:1471:6:network_init	16	static
../Core/Src/main.c:1480:6:UWriteData	16	static
../Core/Src/main.c:1488:5:__io_putchar	16	static
../Core/Src/main.c:1494:6:PHYStatusCheck	16	static
../Core/Src/main.c:1517:6:PrintPHYConf	16	static
../Core/Src/main.c:1586:6:HAL_TIM_PeriodElapsedCallback	16	static
../Core/Src/main.c:1604:6:Error_Handler	4	static,ignoring_inline_asm
